Archive member included because of file (symbol)

C:/Program Files (x86)/Microchip/mplabc32/v1.12/bin/../lib/gcc/pic32mx/3.4.4/../../../../pic32mx/lib\libc.a(general-exception.o)
                              C:/Program Files (x86)/Microchip/mplabc32/v1.12/bin/../lib/gcc/pic32mx/3.4.4/../../../../pic32mx/lib/crt0.o (_general_exception_context)
C:/Program Files (x86)/Microchip/mplabc32/v1.12/bin/../lib/gcc/pic32mx/3.4.4/../../../../pic32mx/lib\libc.a(default-bootstrap-exception-handler.o)
                              C:/Program Files (x86)/Microchip/mplabc32/v1.12/bin/../lib/gcc/pic32mx/3.4.4/../../../../pic32mx/lib/crt0.o (_bootstrap_exception_handler)
C:/Program Files (x86)/Microchip/mplabc32/v1.12/bin/../lib/gcc/pic32mx/3.4.4/../../../../pic32mx/lib\libc.a(default-on-reset.o)
                              C:/Program Files (x86)/Microchip/mplabc32/v1.12/bin/../lib/gcc/pic32mx/3.4.4/../../../../pic32mx/lib/crt0.o (_on_reset)
C:/Program Files (x86)/Microchip/mplabc32/v1.12/bin/../lib/gcc/pic32mx/3.4.4/../../../../pic32mx/lib\libc.a(default-on-bootstrap.o)
                              C:/Program Files (x86)/Microchip/mplabc32/v1.12/bin/../lib/gcc/pic32mx/3.4.4/../../../../pic32mx/lib/crt0.o (_on_bootstrap)
C:/Program Files (x86)/Microchip/mplabc32/v1.12/bin/../lib/gcc/pic32mx/3.4.4/../../../../pic32mx/lib\libc.a(default-nmi-handler.o)
                              C:/Program Files (x86)/Microchip/mplabc32/v1.12/bin/../lib/gcc/pic32mx/3.4.4/../../../../pic32mx/lib/crt0.o (_nmi_handler)
C:/Program Files (x86)/Microchip/mplabc32/v1.12/bin/../lib/gcc/pic32mx/3.4.4/../../../../pic32mx/lib\libmchp_peripheral_32MX460F512L.a(pcache.o)
                              build/C32_PIC32MX795F512L/production/main.o (CheKseg0CacheOn)
C:/Program Files (x86)/Microchip/mplabc32/v1.12/bin/../lib/gcc/pic32mx/3.4.4/../../../../pic32mx/lib\libmchp_peripheral_32MX460F512L.a(int_configure_system_lib.o)
                              build/C32_PIC32MX795F512L/production/main.o (INTConfigureSystem)
C:/Program Files (x86)/Microchip/mplabc32/v1.12/bin/../lib/gcc/pic32mx/3.4.4/../../../../pic32mx/lib\libmchp_peripheral_32MX460F512L.a(int_disable_interrupts_lib.o)
                              build/C32_PIC32MX795F512L/production/main.o (INTDisableInterrupts)
C:/Program Files (x86)/Microchip/mplabc32/v1.12/bin/../lib/gcc/pic32mx/3.4.4/../../../../pic32mx/lib\libmchp_peripheral_32MX460F512L.a(int_restore_interrupts_lib.o)
                              build/C32_PIC32MX795F512L/production/main.o (INTRestoreInterrupts)

Microchip PIC32 Memory-Usage Report

kseg0 Program-Memory Usage
section                    address  length [bytes]      (dec)  Description
-------                 ----------  -------------------------  -----------
.text                   0x9d000000          0x844        2116  Application's executable code 
      Total kseg0_program_mem used  :       0x844        2116  0.4% of 0x80000

kseg0 Boot-Memory Usage
section                    address  length [bytes]      (dec)  Description
-------                 ----------  -------------------------  -----------
.startup                0x9fc00490          0x1e0         480  C startup code 
         Total kseg0_boot_mem used  :       0x1e0         480  19.9% of 0x970

Exception-Memory Usage 
section                    address  length [bytes]      (dec)  Description
-------                 ----------  -------------------------  -----------
.app_excpt              0x9fc01180           0x10          16  General-Exception handler 
.vector_4               0x9fc01280            0x8           8  Interrupt Vector 4 
          Total exception_mem used  :        0x18          24  0.6% of 0x1000

kseg1 Boot-Memory Usage
section                    address  length [bytes]      (dec)  Description
-------                 ----------  -------------------------  -----------
.reset                  0xbfc00000           0x10          16  Reset handler 
.bev_excpt              0xbfc00380           0x10          16  BEV-Exception handler 
         Total kseg1_boot_mem used  :        0x20          32  2.7% of 0x490
        --------------------------------------------------------------------------
         Total Program Memory used  :       0xa5c        2652  0.5% of 0x81e00
        --------------------------------------------------------------------------


kseg1 Data-Memory Usage
section                    address  length [bytes]      (dec)  Description
-------                 ----------  -------------------------  -----------
.sbss                   0xa0000000           0x18          24  Small uninitialized data 
.stack                  0xa0000018          0x400        1024  Minimum space reserved for stack 
         Total kseg1_data_mem used  :       0x418        1048  3.2% of 0x8000
        --------------------------------------------------------------------------
            Total Data Memory used  :       0x418        1048  3.2% of 0x8000
        --------------------------------------------------------------------------

Discarded input sections

 .data          0x00000000        0x0 C:/Program Files (x86)/Microchip/mplabc32/v1.12/bin/../lib/gcc/pic32mx/3.4.4/../../../../pic32mx/lib/crt0.o
 .bss           0x00000000        0x0 C:/Program Files (x86)/Microchip/mplabc32/v1.12/bin/../lib/gcc/pic32mx/3.4.4/../../../../pic32mx/lib/crt0.o
 .reginfo       0x00000000       0x18 C:/Program Files (x86)/Microchip/mplabc32/v1.12/bin/../lib/gcc/pic32mx/3.4.4/../../../../pic32mx/lib/crt0.o
 .pdr           0x00000000       0xa0 C:/Program Files (x86)/Microchip/mplabc32/v1.12/bin/../lib/gcc/pic32mx/3.4.4/../../../../pic32mx/lib/crt0.o
 .text          0x00000000        0x0 build/C32_PIC32MX795F512L/production/configuration_bits.o
 .data          0x00000000        0x0 build/C32_PIC32MX795F512L/production/configuration_bits.o
 .bss           0x00000000        0x0 build/C32_PIC32MX795F512L/production/configuration_bits.o
 .reginfo       0x00000000       0x18 build/C32_PIC32MX795F512L/production/configuration_bits.o
 .pdr           0x00000000        0x0 build/C32_PIC32MX795F512L/production/configuration_bits.o
 .data          0x00000000        0x0 build/C32_PIC32MX795F512L/production/exceptions.o
 .bss           0x00000000        0x0 build/C32_PIC32MX795F512L/production/exceptions.o
 .reginfo       0x00000000       0x18 build/C32_PIC32MX795F512L/production/exceptions.o
 .pdr           0x00000000       0x20 build/C32_PIC32MX795F512L/production/exceptions.o
 .text          0x00000000        0x0 build/C32_PIC32MX795F512L/production/interrupts.o
 .data          0x00000000        0x0 build/C32_PIC32MX795F512L/production/interrupts.o
 .bss           0x00000000        0x0 build/C32_PIC32MX795F512L/production/interrupts.o
 .reginfo       0x00000000       0x18 build/C32_PIC32MX795F512L/production/interrupts.o
 .pdr           0x00000000        0x0 build/C32_PIC32MX795F512L/production/interrupts.o
 .data          0x00000000        0x0 build/C32_PIC32MX795F512L/production/main.o
 .bss           0x00000000        0x0 build/C32_PIC32MX795F512L/production/main.o
 .reginfo       0x00000000       0x18 build/C32_PIC32MX795F512L/production/main.o
 .pdr           0x00000000       0x20 build/C32_PIC32MX795F512L/production/main.o
 .sbss          0x00000000        0x4 build/C32_PIC32MX795F512L/production/main.o
 .text          0x00000000        0x0 build/C32_PIC32MX795F512L/production/system.o
 .data          0x00000000        0x0 build/C32_PIC32MX795F512L/production/system.o
 .bss           0x00000000        0x0 build/C32_PIC32MX795F512L/production/system.o
 .reginfo       0x00000000       0x18 build/C32_PIC32MX795F512L/production/system.o
 .pdr           0x00000000        0x0 build/C32_PIC32MX795F512L/production/system.o
 .data          0x00000000        0x0 build/C32_PIC32MX795F512L/production/user.o
 .bss           0x00000000        0x0 build/C32_PIC32MX795F512L/production/user.o
 .reginfo       0x00000000       0x18 build/C32_PIC32MX795F512L/production/user.o
 .pdr           0x00000000       0x20 build/C32_PIC32MX795F512L/production/user.o
 .data          0x00000000        0x0 build/C32_PIC32MX795F512L/production/Tick.o
 .bss           0x00000000        0x0 build/C32_PIC32MX795F512L/production/Tick.o
 .reginfo       0x00000000       0x18 build/C32_PIC32MX795F512L/production/Tick.o
 .pdr           0x00000000      0x100 build/C32_PIC32MX795F512L/production/Tick.o
 .text          0x00000000        0x0 C:/Program Files (x86)/Microchip/mplabc32/v1.12/bin/../lib/gcc/pic32mx/3.4.4/../../../../pic32mx/lib\libc.a(general-exception.o)
 .data          0x00000000        0x0 C:/Program Files (x86)/Microchip/mplabc32/v1.12/bin/../lib/gcc/pic32mx/3.4.4/../../../../pic32mx/lib\libc.a(general-exception.o)
 .bss           0x00000000        0x0 C:/Program Files (x86)/Microchip/mplabc32/v1.12/bin/../lib/gcc/pic32mx/3.4.4/../../../../pic32mx/lib\libc.a(general-exception.o)
 .reginfo       0x00000000       0x18 C:/Program Files (x86)/Microchip/mplabc32/v1.12/bin/../lib/gcc/pic32mx/3.4.4/../../../../pic32mx/lib\libc.a(general-exception.o)
 .pdr           0x00000000       0x20 C:/Program Files (x86)/Microchip/mplabc32/v1.12/bin/../lib/gcc/pic32mx/3.4.4/../../../../pic32mx/lib\libc.a(general-exception.o)
 .text          0x00000000        0x0 C:/Program Files (x86)/Microchip/mplabc32/v1.12/bin/../lib/gcc/pic32mx/3.4.4/../../../../pic32mx/lib\libc.a(default-bootstrap-exception-handler.o)
 .data          0x00000000        0x0 C:/Program Files (x86)/Microchip/mplabc32/v1.12/bin/../lib/gcc/pic32mx/3.4.4/../../../../pic32mx/lib\libc.a(default-bootstrap-exception-handler.o)
 .bss           0x00000000        0x0 C:/Program Files (x86)/Microchip/mplabc32/v1.12/bin/../lib/gcc/pic32mx/3.4.4/../../../../pic32mx/lib\libc.a(default-bootstrap-exception-handler.o)
 .reginfo       0x00000000       0x18 C:/Program Files (x86)/Microchip/mplabc32/v1.12/bin/../lib/gcc/pic32mx/3.4.4/../../../../pic32mx/lib\libc.a(default-bootstrap-exception-handler.o)
 .pdr           0x00000000       0x20 C:/Program Files (x86)/Microchip/mplabc32/v1.12/bin/../lib/gcc/pic32mx/3.4.4/../../../../pic32mx/lib\libc.a(default-bootstrap-exception-handler.o)
 .text          0x00000000        0x0 C:/Program Files (x86)/Microchip/mplabc32/v1.12/bin/../lib/gcc/pic32mx/3.4.4/../../../../pic32mx/lib\libc.a(default-on-reset.o)
 .data          0x00000000        0x0 C:/Program Files (x86)/Microchip/mplabc32/v1.12/bin/../lib/gcc/pic32mx/3.4.4/../../../../pic32mx/lib\libc.a(default-on-reset.o)
 .bss           0x00000000        0x0 C:/Program Files (x86)/Microchip/mplabc32/v1.12/bin/../lib/gcc/pic32mx/3.4.4/../../../../pic32mx/lib\libc.a(default-on-reset.o)
 .reginfo       0x00000000       0x18 C:/Program Files (x86)/Microchip/mplabc32/v1.12/bin/../lib/gcc/pic32mx/3.4.4/../../../../pic32mx/lib\libc.a(default-on-reset.o)
 .pdr           0x00000000       0x20 C:/Program Files (x86)/Microchip/mplabc32/v1.12/bin/../lib/gcc/pic32mx/3.4.4/../../../../pic32mx/lib\libc.a(default-on-reset.o)
 .text          0x00000000        0x0 C:/Program Files (x86)/Microchip/mplabc32/v1.12/bin/../lib/gcc/pic32mx/3.4.4/../../../../pic32mx/lib\libc.a(default-on-bootstrap.o)
 .data          0x00000000        0x0 C:/Program Files (x86)/Microchip/mplabc32/v1.12/bin/../lib/gcc/pic32mx/3.4.4/../../../../pic32mx/lib\libc.a(default-on-bootstrap.o)
 .bss           0x00000000        0x0 C:/Program Files (x86)/Microchip/mplabc32/v1.12/bin/../lib/gcc/pic32mx/3.4.4/../../../../pic32mx/lib\libc.a(default-on-bootstrap.o)
 .reginfo       0x00000000       0x18 C:/Program Files (x86)/Microchip/mplabc32/v1.12/bin/../lib/gcc/pic32mx/3.4.4/../../../../pic32mx/lib\libc.a(default-on-bootstrap.o)
 .pdr           0x00000000       0x20 C:/Program Files (x86)/Microchip/mplabc32/v1.12/bin/../lib/gcc/pic32mx/3.4.4/../../../../pic32mx/lib\libc.a(default-on-bootstrap.o)
 .data          0x00000000        0x0 C:/Program Files (x86)/Microchip/mplabc32/v1.12/bin/../lib/gcc/pic32mx/3.4.4/../../../../pic32mx/lib\libc.a(default-nmi-handler.o)
 .bss           0x00000000        0x0 C:/Program Files (x86)/Microchip/mplabc32/v1.12/bin/../lib/gcc/pic32mx/3.4.4/../../../../pic32mx/lib\libc.a(default-nmi-handler.o)
 .reginfo       0x00000000       0x18 C:/Program Files (x86)/Microchip/mplabc32/v1.12/bin/../lib/gcc/pic32mx/3.4.4/../../../../pic32mx/lib\libc.a(default-nmi-handler.o)
 .pdr           0x00000000       0x20 C:/Program Files (x86)/Microchip/mplabc32/v1.12/bin/../lib/gcc/pic32mx/3.4.4/../../../../pic32mx/lib\libc.a(default-nmi-handler.o)
 .text          0x00000000        0x0 C:/Program Files (x86)/Microchip/mplabc32/v1.12/bin/../lib/gcc/pic32mx/3.4.4/../../../../pic32mx/lib\libmchp_peripheral_32MX460F512L.a(pcache.o)
 .data          0x00000000        0x0 C:/Program Files (x86)/Microchip/mplabc32/v1.12/bin/../lib/gcc/pic32mx/3.4.4/../../../../pic32mx/lib\libmchp_peripheral_32MX460F512L.a(pcache.o)
 .bss           0x00000000        0x0 C:/Program Files (x86)/Microchip/mplabc32/v1.12/bin/../lib/gcc/pic32mx/3.4.4/../../../../pic32mx/lib\libmchp_peripheral_32MX460F512L.a(pcache.o)
 .reginfo       0x00000000       0x18 C:/Program Files (x86)/Microchip/mplabc32/v1.12/bin/../lib/gcc/pic32mx/3.4.4/../../../../pic32mx/lib\libmchp_peripheral_32MX460F512L.a(pcache.o)
 .pdr           0x00000000       0x40 C:/Program Files (x86)/Microchip/mplabc32/v1.12/bin/../lib/gcc/pic32mx/3.4.4/../../../../pic32mx/lib\libmchp_peripheral_32MX460F512L.a(pcache.o)
 .text.CheKseg0CacheOff
                0x00000000       0x18 C:/Program Files (x86)/Microchip/mplabc32/v1.12/bin/../lib/gcc/pic32mx/3.4.4/../../../../pic32mx/lib\libmchp_peripheral_32MX460F512L.a(pcache.o)
 .text          0x00000000        0x0 C:/Program Files (x86)/Microchip/mplabc32/v1.12/bin/../lib/gcc/pic32mx/3.4.4/../../../../pic32mx/lib\libmchp_peripheral_32MX460F512L.a(int_configure_system_lib.o)
 .data          0x00000000        0x0 C:/Program Files (x86)/Microchip/mplabc32/v1.12/bin/../lib/gcc/pic32mx/3.4.4/../../../../pic32mx/lib\libmchp_peripheral_32MX460F512L.a(int_configure_system_lib.o)
 .bss           0x00000000        0x0 C:/Program Files (x86)/Microchip/mplabc32/v1.12/bin/../lib/gcc/pic32mx/3.4.4/../../../../pic32mx/lib\libmchp_peripheral_32MX460F512L.a(int_configure_system_lib.o)
 .reginfo       0x00000000       0x18 C:/Program Files (x86)/Microchip/mplabc32/v1.12/bin/../lib/gcc/pic32mx/3.4.4/../../../../pic32mx/lib\libmchp_peripheral_32MX460F512L.a(int_configure_system_lib.o)
 .pdr           0x00000000       0x20 C:/Program Files (x86)/Microchip/mplabc32/v1.12/bin/../lib/gcc/pic32mx/3.4.4/../../../../pic32mx/lib\libmchp_peripheral_32MX460F512L.a(int_configure_system_lib.o)
 .text          0x00000000        0x0 C:/Program Files (x86)/Microchip/mplabc32/v1.12/bin/../lib/gcc/pic32mx/3.4.4/../../../../pic32mx/lib\libmchp_peripheral_32MX460F512L.a(int_disable_interrupts_lib.o)
 .data          0x00000000        0x0 C:/Program Files (x86)/Microchip/mplabc32/v1.12/bin/../lib/gcc/pic32mx/3.4.4/../../../../pic32mx/lib\libmchp_peripheral_32MX460F512L.a(int_disable_interrupts_lib.o)
 .bss           0x00000000        0x0 C:/Program Files (x86)/Microchip/mplabc32/v1.12/bin/../lib/gcc/pic32mx/3.4.4/../../../../pic32mx/lib\libmchp_peripheral_32MX460F512L.a(int_disable_interrupts_lib.o)
 .reginfo       0x00000000       0x18 C:/Program Files (x86)/Microchip/mplabc32/v1.12/bin/../lib/gcc/pic32mx/3.4.4/../../../../pic32mx/lib\libmchp_peripheral_32MX460F512L.a(int_disable_interrupts_lib.o)
 .pdr           0x00000000       0x20 C:/Program Files (x86)/Microchip/mplabc32/v1.12/bin/../lib/gcc/pic32mx/3.4.4/../../../../pic32mx/lib\libmchp_peripheral_32MX460F512L.a(int_disable_interrupts_lib.o)
 .text          0x00000000        0x0 C:/Program Files (x86)/Microchip/mplabc32/v1.12/bin/../lib/gcc/pic32mx/3.4.4/../../../../pic32mx/lib\libmchp_peripheral_32MX460F512L.a(int_restore_interrupts_lib.o)
 .data          0x00000000        0x0 C:/Program Files (x86)/Microchip/mplabc32/v1.12/bin/../lib/gcc/pic32mx/3.4.4/../../../../pic32mx/lib\libmchp_peripheral_32MX460F512L.a(int_restore_interrupts_lib.o)
 .bss           0x00000000        0x0 C:/Program Files (x86)/Microchip/mplabc32/v1.12/bin/../lib/gcc/pic32mx/3.4.4/../../../../pic32mx/lib\libmchp_peripheral_32MX460F512L.a(int_restore_interrupts_lib.o)
 .reginfo       0x00000000       0x18 C:/Program Files (x86)/Microchip/mplabc32/v1.12/bin/../lib/gcc/pic32mx/3.4.4/../../../../pic32mx/lib\libmchp_peripheral_32MX460F512L.a(int_restore_interrupts_lib.o)
 .pdr           0x00000000       0x20 C:/Program Files (x86)/Microchip/mplabc32/v1.12/bin/../lib/gcc/pic32mx/3.4.4/../../../../pic32mx/lib\libmchp_peripheral_32MX460F512L.a(int_restore_interrupts_lib.o)
 .text          0x00000000        0x0 C:/Program Files (x86)/Microchip/mplabc32/v1.12/bin/../lib/gcc/pic32mx/3.4.4/../../../../pic32mx/lib/./proc/32MX460F512L\processor.o
 .data          0x00000000        0x0 C:/Program Files (x86)/Microchip/mplabc32/v1.12/bin/../lib/gcc/pic32mx/3.4.4/../../../../pic32mx/lib/./proc/32MX460F512L\processor.o
 .bss           0x00000000        0x0 C:/Program Files (x86)/Microchip/mplabc32/v1.12/bin/../lib/gcc/pic32mx/3.4.4/../../../../pic32mx/lib/./proc/32MX460F512L\processor.o
 .reginfo       0x00000000       0x18 C:/Program Files (x86)/Microchip/mplabc32/v1.12/bin/../lib/gcc/pic32mx/3.4.4/../../../../pic32mx/lib/./proc/32MX460F512L\processor.o
 .pdr           0x00000000        0x0 C:/Program Files (x86)/Microchip/mplabc32/v1.12/bin/../lib/gcc/pic32mx/3.4.4/../../../../pic32mx/lib/./proc/32MX460F512L\processor.o

Memory Configuration

Name             Origin             Length             Attributes
kseg0_program_mem 0x9d000000         0x00080000         xr
kseg0_boot_mem   0x9fc00490         0x00000970
exception_mem    0x9fc01000         0x00001000
kseg1_boot_mem   0xbfc00000         0x00000490
debug_exec_mem   0xbfc02000         0x00000ff0
config3          0xbfc02ff0         0x00000004
config2          0xbfc02ff4         0x00000004
config1          0xbfc02ff8         0x00000004
config0          0xbfc02ffc         0x00000004
kseg1_data_mem   0xa0000000         0x00008000         w !x
sfrs             0xbf800000         0x00100000
configsfrs       0xbfc02ff0         0x00000010
*default*        0x00000000         0xffffffff

Linker script and memory map

LOAD C:/Program Files (x86)/Microchip/mplabc32/v1.12/bin/../lib/gcc/pic32mx/3.4.4/../../../../pic32mx/lib/crt0.o
LOAD build/C32_PIC32MX795F512L/production/configuration_bits.o
LOAD build/C32_PIC32MX795F512L/production/exceptions.o
LOAD build/C32_PIC32MX795F512L/production/interrupts.o
LOAD build/C32_PIC32MX795F512L/production/main.o
LOAD build/C32_PIC32MX795F512L/production/system.o
LOAD build/C32_PIC32MX795F512L/production/user.o
LOAD build/C32_PIC32MX795F512L/production/Tick.o
                0x00000001                __MPLAB_BUILD = 0x1
LOAD C:/Program Files (x86)/Microchip/mplabc32/v1.12/bin/../lib/gcc/pic32mx/3.4.4\libgcc.a
START GROUP
LOAD C:/Program Files (x86)/Microchip/mplabc32/v1.12/bin/../lib/gcc/pic32mx/3.4.4/../../../../pic32mx/lib\libdebug.a
LOAD C:/Program Files (x86)/Microchip/mplabc32/v1.12/bin/../lib/gcc/pic32mx/3.4.4/../../../../pic32mx/lib\libc.a
LOAD C:/Program Files (x86)/Microchip/mplabc32/v1.12/bin/../lib/gcc/pic32mx/3.4.4/../../../../pic32mx/lib\libm.a
LOAD C:/Program Files (x86)/Microchip/mplabc32/v1.12/bin/../lib/gcc/pic32mx/3.4.4/../../../../pic32mx/lib\libe.a
LOAD C:/Program Files (x86)/Microchip/mplabc32/v1.12/bin/../lib/gcc/pic32mx/3.4.4/../../../../pic32mx/lib\libdsp.a
LOAD C:/Program Files (x86)/Microchip/mplabc32/v1.12/bin/../lib/gcc/pic32mx/3.4.4/../../../../pic32mx/lib\libmchp_peripheral.a
LOAD C:/Program Files (x86)/Microchip/mplabc32/v1.12/bin/../lib/gcc/pic32mx/3.4.4/../../../../pic32mx/lib\libmchp_peripheral_32MX460F512L.a
END GROUP
LOAD C:/Program Files (x86)/Microchip/mplabc32/v1.12/bin/../lib/gcc/pic32mx/3.4.4\libgcc.a
                0x00000400                PROVIDE (_min_stack_size, 0x400)
                0x00000000                PROVIDE (_min_heap_size, 0x0)
LOAD C:/Program Files (x86)/Microchip/mplabc32/v1.12/bin/../lib/gcc/pic32mx/3.4.4/../../../../pic32mx/lib/./proc/32MX460F512L\processor.o
                0x00000001                PROVIDE (_vector_spacing, 0x1)
                0x9fc01000                _ebase_address = 0x9fc01000
                0xbfc00000                _RESET_ADDR = 0xbfc00000
                0xbfc00380                _BEV_EXCPT_ADDR = 0xbfc00380
                0xbfc00480                _DBG_EXCPT_ADDR = 0xbfc00480
                0xbfc02000                _DBG_CODE_ADDR = 0xbfc02000
                0x9fc01180                _GEN_EXCPT_ADDR = (_ebase_address + 0x180)

.config_BFC02FF0
 *(.config_BFC02FF0)

.config_BFC02FF4
 *(.config_BFC02FF4)

.config_BFC02FF8
 *(.config_BFC02FF8)

.config_BFC02FFC
 *(.config_BFC02FFC)

.reset          0xbfc00000       0x10
 *(.reset)
 .reset         0xbfc00000       0x10 C:/Program Files (x86)/Microchip/mplabc32/v1.12/bin/../lib/gcc/pic32mx/3.4.4/../../../../pic32mx/lib/crt0.o
                0xbfc00000                _reset

.bev_excpt      0xbfc00380       0x10
 *(.bev_handler)
 .bev_handler   0xbfc00380       0x10 C:/Program Files (x86)/Microchip/mplabc32/v1.12/bin/../lib/gcc/pic32mx/3.4.4/../../../../pic32mx/lib/crt0.o

.dbg_excpt      0xbfc00480        0x0
                0xbfc00480                . = (. + DEFINED (_DEBUGGER)?0x8:0x0)

.dbg_code       0xbfc02000        0x0
                0xbfc02000                . = (. + DEFINED (_DEBUGGER)?0xff0:0x0)

.app_excpt      0x9fc01180       0x10
 *(.gen_handler)
 .gen_handler   0x9fc01180       0x10 C:/Program Files (x86)/Microchip/mplabc32/v1.12/bin/../lib/gcc/pic32mx/3.4.4/../../../../pic32mx/lib/crt0.o

.vector_0       0x9fc01200        0x0
 *(.vector_0)
                0x00000001                ASSERT (((_vector_spacing == 0x0) || (SIZEOF (.vector_0) <= (_vector_spacing << 0x5))), function at exception vector 0 too large)

.vector_1       0x9fc01220        0x0
 *(.vector_1)
                0x00000001                ASSERT (((_vector_spacing == 0x0) || (SIZEOF (.vector_1) <= (_vector_spacing << 0x5))), function at exception vector 1 too large)

.vector_2       0x9fc01240        0x0
 *(.vector_2)
                0x00000001                ASSERT (((_vector_spacing == 0x0) || (SIZEOF (.vector_2) <= (_vector_spacing << 0x5))), function at exception vector 2 too large)

.vector_3       0x9fc01260        0x0
 *(.vector_3)
                0x00000001                ASSERT (((_vector_spacing == 0x0) || (SIZEOF (.vector_3) <= (_vector_spacing << 0x5))), function at exception vector 3 too large)

.vector_4       0x9fc01280        0x8
 *(.vector_4)
 .vector_4      0x9fc01280        0x8 build/C32_PIC32MX795F512L/production/Tick.o
                0x00000001                ASSERT (((_vector_spacing == 0x0) || (SIZEOF (.vector_4) <= (_vector_spacing << 0x5))), function at exception vector 4 too large)

.vector_5       0x9fc012a0        0x0
 *(.vector_5)
                0x00000001                ASSERT (((_vector_spacing == 0x0) || (SIZEOF (.vector_5) <= (_vector_spacing << 0x5))), function at exception vector 5 too large)

.vector_6       0x9fc012c0        0x0
 *(.vector_6)
                0x00000001                ASSERT (((_vector_spacing == 0x0) || (SIZEOF (.vector_6) <= (_vector_spacing << 0x5))), function at exception vector 6 too large)

.vector_7       0x9fc012e0        0x0
 *(.vector_7)
                0x00000001                ASSERT (((_vector_spacing == 0x0) || (SIZEOF (.vector_7) <= (_vector_spacing << 0x5))), function at exception vector 7 too large)

.vector_8       0x9fc01300        0x0
 *(.vector_8)
                0x00000001                ASSERT (((_vector_spacing == 0x0) || (SIZEOF (.vector_8) <= (_vector_spacing << 0x5))), function at exception vector 8 too large)

.vector_9       0x9fc01320        0x0
 *(.vector_9)
                0x00000001                ASSERT (((_vector_spacing == 0x0) || (SIZEOF (.vector_9) <= (_vector_spacing << 0x5))), function at exception vector 9 too large)

.vector_10      0x9fc01340        0x0
 *(.vector_10)
                0x00000001                ASSERT (((_vector_spacing == 0x0) || (SIZEOF (.vector_10) <= (_vector_spacing << 0x5))), function at exception vector 10 too large)

.vector_11      0x9fc01360        0x0
 *(.vector_11)
                0x00000001                ASSERT (((_vector_spacing == 0x0) || (SIZEOF (.vector_11) <= (_vector_spacing << 0x5))), function at exception vector 11 too large)

.vector_12      0x9fc01380        0x0
 *(.vector_12)
                0x00000001                ASSERT (((_vector_spacing == 0x0) || (SIZEOF (.vector_12) <= (_vector_spacing << 0x5))), function at exception vector 12 too large)

.vector_13      0x9fc013a0        0x0
 *(.vector_13)
                0x00000001                ASSERT (((_vector_spacing == 0x0) || (SIZEOF (.vector_13) <= (_vector_spacing << 0x5))), function at exception vector 13 too large)

.vector_14      0x9fc013c0        0x0
 *(.vector_14)
                0x00000001                ASSERT (((_vector_spacing == 0x0) || (SIZEOF (.vector_14) <= (_vector_spacing << 0x5))), function at exception vector 14 too large)

.vector_15      0x9fc013e0        0x0
 *(.vector_15)
                0x00000001                ASSERT (((_vector_spacing == 0x0) || (SIZEOF (.vector_15) <= (_vector_spacing << 0x5))), function at exception vector 15 too large)

.vector_16      0x9fc01400        0x0
 *(.vector_16)
                0x00000001                ASSERT (((_vector_spacing == 0x0) || (SIZEOF (.vector_16) <= (_vector_spacing << 0x5))), function at exception vector 16 too large)

.vector_17      0x9fc01420        0x0
 *(.vector_17)
                0x00000001                ASSERT (((_vector_spacing == 0x0) || (SIZEOF (.vector_17) <= (_vector_spacing << 0x5))), function at exception vector 17 too large)

.vector_18      0x9fc01440        0x0
 *(.vector_18)
                0x00000001                ASSERT (((_vector_spacing == 0x0) || (SIZEOF (.vector_18) <= (_vector_spacing << 0x5))), function at exception vector 18 too large)

.vector_19      0x9fc01460        0x0
 *(.vector_19)
                0x00000001                ASSERT (((_vector_spacing == 0x0) || (SIZEOF (.vector_19) <= (_vector_spacing << 0x5))), function at exception vector 19 too large)

.vector_20      0x9fc01480        0x0
 *(.vector_20)
                0x00000001                ASSERT (((_vector_spacing == 0x0) || (SIZEOF (.vector_20) <= (_vector_spacing << 0x5))), function at exception vector 20 too large)

.vector_21      0x9fc014a0        0x0
 *(.vector_21)
                0x00000001                ASSERT (((_vector_spacing == 0x0) || (SIZEOF (.vector_21) <= (_vector_spacing << 0x5))), function at exception vector 21 too large)

.vector_22      0x9fc014c0        0x0
 *(.vector_22)
                0x00000001                ASSERT (((_vector_spacing == 0x0) || (SIZEOF (.vector_22) <= (_vector_spacing << 0x5))), function at exception vector 22 too large)

.vector_23      0x9fc014e0        0x0
 *(.vector_23)
                0x00000001                ASSERT (((_vector_spacing == 0x0) || (SIZEOF (.vector_23) <= (_vector_spacing << 0x5))), function at exception vector 23 too large)

.vector_24      0x9fc01500        0x0
 *(.vector_24)
                0x00000001                ASSERT (((_vector_spacing == 0x0) || (SIZEOF (.vector_24) <= (_vector_spacing << 0x5))), function at exception vector 24 too large)

.vector_25      0x9fc01520        0x0
 *(.vector_25)
                0x00000001                ASSERT (((_vector_spacing == 0x0) || (SIZEOF (.vector_25) <= (_vector_spacing << 0x5))), function at exception vector 25 too large)

.vector_26      0x9fc01540        0x0
 *(.vector_26)
                0x00000001                ASSERT (((_vector_spacing == 0x0) || (SIZEOF (.vector_26) <= (_vector_spacing << 0x5))), function at exception vector 26 too large)

.vector_27      0x9fc01560        0x0
 *(.vector_27)
                0x00000001                ASSERT (((_vector_spacing == 0x0) || (SIZEOF (.vector_27) <= (_vector_spacing << 0x5))), function at exception vector 27 too large)

.vector_28      0x9fc01580        0x0
 *(.vector_28)
                0x00000001                ASSERT (((_vector_spacing == 0x0) || (SIZEOF (.vector_28) <= (_vector_spacing << 0x5))), function at exception vector 28 too large)

.vector_29      0x9fc015a0        0x0
 *(.vector_29)
                0x00000001                ASSERT (((_vector_spacing == 0x0) || (SIZEOF (.vector_29) <= (_vector_spacing << 0x5))), function at exception vector 29 too large)

.vector_30      0x9fc015c0        0x0
 *(.vector_30)
                0x00000001                ASSERT (((_vector_spacing == 0x0) || (SIZEOF (.vector_30) <= (_vector_spacing << 0x5))), function at exception vector 30 too large)

.vector_31      0x9fc015e0        0x0
 *(.vector_31)
                0x00000001                ASSERT (((_vector_spacing == 0x0) || (SIZEOF (.vector_31) <= (_vector_spacing << 0x5))), function at exception vector 31 too large)

.vector_32      0x9fc01600        0x0
 *(.vector_32)
                0x00000001                ASSERT (((_vector_spacing == 0x0) || (SIZEOF (.vector_32) <= (_vector_spacing << 0x5))), function at exception vector 32 too large)

.vector_33      0x9fc01620        0x0
 *(.vector_33)
                0x00000001                ASSERT (((_vector_spacing == 0x0) || (SIZEOF (.vector_33) <= (_vector_spacing << 0x5))), function at exception vector 33 too large)

.vector_34      0x9fc01640        0x0
 *(.vector_34)
                0x00000001                ASSERT (((_vector_spacing == 0x0) || (SIZEOF (.vector_34) <= (_vector_spacing << 0x5))), function at exception vector 34 too large)

.vector_35      0x9fc01660        0x0
 *(.vector_35)
                0x00000001                ASSERT (((_vector_spacing == 0x0) || (SIZEOF (.vector_35) <= (_vector_spacing << 0x5))), function at exception vector 35 too large)

.vector_36      0x9fc01680        0x0
 *(.vector_36)
                0x00000001                ASSERT (((_vector_spacing == 0x0) || (SIZEOF (.vector_36) <= (_vector_spacing << 0x5))), function at exception vector 36 too large)

.vector_37      0x9fc016a0        0x0
 *(.vector_37)
                0x00000001                ASSERT (((_vector_spacing == 0x0) || (SIZEOF (.vector_37) <= (_vector_spacing << 0x5))), function at exception vector 37 too large)

.vector_38      0x9fc016c0        0x0
 *(.vector_38)
                0x00000001                ASSERT (((_vector_spacing == 0x0) || (SIZEOF (.vector_38) <= (_vector_spacing << 0x5))), function at exception vector 38 too large)

.vector_39      0x9fc016e0        0x0
 *(.vector_39)
                0x00000001                ASSERT (((_vector_spacing == 0x0) || (SIZEOF (.vector_39) <= (_vector_spacing << 0x5))), function at exception vector 39 too large)

.vector_40      0x9fc01700        0x0
 *(.vector_40)
                0x00000001                ASSERT (((_vector_spacing == 0x0) || (SIZEOF (.vector_40) <= (_vector_spacing << 0x5))), function at exception vector 40 too large)

.vector_41      0x9fc01720        0x0
 *(.vector_41)
                0x00000001                ASSERT (((_vector_spacing == 0x0) || (SIZEOF (.vector_41) <= (_vector_spacing << 0x5))), function at exception vector 41 too large)

.vector_42      0x9fc01740        0x0
 *(.vector_42)
                0x00000001                ASSERT (((_vector_spacing == 0x0) || (SIZEOF (.vector_42) <= (_vector_spacing << 0x5))), function at exception vector 42 too large)

.vector_43      0x9fc01760        0x0
 *(.vector_43)
                0x00000001                ASSERT (((_vector_spacing == 0x0) || (SIZEOF (.vector_43) <= (_vector_spacing << 0x5))), function at exception vector 43 too large)

.vector_44      0x9fc01780        0x0
 *(.vector_44)
                0x00000001                ASSERT (((_vector_spacing == 0x0) || (SIZEOF (.vector_44) <= (_vector_spacing << 0x5))), function at exception vector 44 too large)

.vector_45      0x9fc017a0        0x0
 *(.vector_45)
                0x00000001                ASSERT (((_vector_spacing == 0x0) || (SIZEOF (.vector_45) <= (_vector_spacing << 0x5))), function at exception vector 45 too large)

.vector_46      0x9fc017c0        0x0
 *(.vector_46)
                0x00000001                ASSERT (((_vector_spacing == 0x0) || (SIZEOF (.vector_46) <= (_vector_spacing << 0x5))), function at exception vector 46 too large)

.vector_47      0x9fc017e0        0x0
 *(.vector_47)
                0x00000001                ASSERT (((_vector_spacing == 0x0) || (SIZEOF (.vector_47) <= (_vector_spacing << 0x5))), function at exception vector 47 too large)

.vector_48      0x9fc01800        0x0
 *(.vector_48)
                0x00000001                ASSERT (((_vector_spacing == 0x0) || (SIZEOF (.vector_48) <= (_vector_spacing << 0x5))), function at exception vector 48 too large)

.vector_49      0x9fc01820        0x0
 *(.vector_49)
                0x00000001                ASSERT (((_vector_spacing == 0x0) || (SIZEOF (.vector_49) <= (_vector_spacing << 0x5))), function at exception vector 49 too large)

.vector_50      0x9fc01840        0x0
 *(.vector_50)
                0x00000001                ASSERT (((_vector_spacing == 0x0) || (SIZEOF (.vector_50) <= (_vector_spacing << 0x5))), function at exception vector 50 too large)

.vector_51      0x9fc01860        0x0
 *(.vector_51)
                0x00000001                ASSERT (((_vector_spacing == 0x0) || (SIZEOF (.vector_51) <= (_vector_spacing << 0x5))), function at exception vector 51 too large)

.vector_52      0x9fc01880        0x0
 *(.vector_52)
                0x00000001                ASSERT (((_vector_spacing == 0x0) || (SIZEOF (.vector_52) <= (_vector_spacing << 0x5))), function at exception vector 52 too large)

.vector_53      0x9fc018a0        0x0
 *(.vector_53)
                0x00000001                ASSERT (((_vector_spacing == 0x0) || (SIZEOF (.vector_53) <= (_vector_spacing << 0x5))), function at exception vector 53 too large)

.vector_54      0x9fc018c0        0x0
 *(.vector_54)
                0x00000001                ASSERT (((_vector_spacing == 0x0) || (SIZEOF (.vector_54) <= (_vector_spacing << 0x5))), function at exception vector 54 too large)

.vector_55      0x9fc018e0        0x0
 *(.vector_55)
                0x00000001                ASSERT (((_vector_spacing == 0x0) || (SIZEOF (.vector_55) <= (_vector_spacing << 0x5))), function at exception vector 55 too large)

.vector_56      0x9fc01900        0x0
 *(.vector_56)
                0x00000001                ASSERT (((_vector_spacing == 0x0) || (SIZEOF (.vector_56) <= (_vector_spacing << 0x5))), function at exception vector 56 too large)

.vector_57      0x9fc01920        0x0
 *(.vector_57)
                0x00000001                ASSERT (((_vector_spacing == 0x0) || (SIZEOF (.vector_57) <= (_vector_spacing << 0x5))), function at exception vector 57 too large)

.vector_58      0x9fc01940        0x0
 *(.vector_58)
                0x00000001                ASSERT (((_vector_spacing == 0x0) || (SIZEOF (.vector_58) <= (_vector_spacing << 0x5))), function at exception vector 58 too large)

.vector_59      0x9fc01960        0x0
 *(.vector_59)
                0x00000001                ASSERT (((_vector_spacing == 0x0) || (SIZEOF (.vector_59) <= (_vector_spacing << 0x5))), function at exception vector 59 too large)

.vector_60      0x9fc01980        0x0
 *(.vector_60)
                0x00000001                ASSERT (((_vector_spacing == 0x0) || (SIZEOF (.vector_60) <= (_vector_spacing << 0x5))), function at exception vector 60 too large)

.vector_61      0x9fc019a0        0x0
 *(.vector_61)
                0x00000001                ASSERT (((_vector_spacing == 0x0) || (SIZEOF (.vector_61) <= (_vector_spacing << 0x5))), function at exception vector 61 too large)

.vector_62      0x9fc019c0        0x0
 *(.vector_62)
                0x00000001                ASSERT (((_vector_spacing == 0x0) || (SIZEOF (.vector_62) <= (_vector_spacing << 0x5))), function at exception vector 62 too large)

.vector_63      0x9fc019e0        0x0
 *(.vector_63)
                0x00000001                ASSERT (((_vector_spacing == 0x0) || (SIZEOF (.vector_63) <= (_vector_spacing << 0x5))), function at exception vector 63 too large)

.startup        0x9fc00490      0x1e0
 *(.startup)
 .startup       0x9fc00490      0x1e0 C:/Program Files (x86)/Microchip/mplabc32/v1.12/bin/../lib/gcc/pic32mx/3.4.4/../../../../pic32mx/lib/crt0.o

.text           0x9d000000      0x844
                0x9d000000                _text_begin = .
 *(.text .stub .text.* .gnu.linkonce.t.*)
 .text          0x9d000000       0x10 C:/Program Files (x86)/Microchip/mplabc32/v1.12/bin/../lib/gcc/pic32mx/3.4.4/../../../../pic32mx/lib/crt0.o
                0x9d000008                __crt0_exit
 .text          0x9d000010       0x48 build/C32_PIC32MX795F512L/production/exceptions.o
                0x9d000010                _general_exception_handler
 .text          0x9d000058      0x398 build/C32_PIC32MX795F512L/production/main.o
                0x9d000058                main
 .text          0x9d0003f0       0x20 build/C32_PIC32MX795F512L/production/user.o
                0x9d0003f0                InitApp
 .text          0x9d000410      0x2c4 build/C32_PIC32MX795F512L/production/Tick.o
                0x9d000410                TickInit
                0x9d000548                TickGet
                0x9d00057c                TickGetDiv256
                0x9d0005d0                TickGetDiv64K
                0x9d000624                TickConvertToMilliseconds
                0x9d00064c                _T1Interrupt
 .text.general_exception
                0x9d0006d4       0xd0 C:/Program Files (x86)/Microchip/mplabc32/v1.12/bin/../lib/gcc/pic32mx/3.4.4/../../../../pic32mx/lib\libc.a(general-exception.o)
                0x9d0006d4                _general_exception_context
 .text._bootstrap_exception_handler
                0x9d0007a4        0x8 C:/Program Files (x86)/Microchip/mplabc32/v1.12/bin/../lib/gcc/pic32mx/3.4.4/../../../../pic32mx/lib\libc.a(default-bootstrap-exception-handler.o)
                0x9d0007a4                _bootstrap_exception_handler
 .text._on_reset
                0x9d0007ac        0x8 C:/Program Files (x86)/Microchip/mplabc32/v1.12/bin/../lib/gcc/pic32mx/3.4.4/../../../../pic32mx/lib\libc.a(default-on-reset.o)
                0x9d0007ac                _on_reset
 .text._on_bootstrap
                0x9d0007b4        0x8 C:/Program Files (x86)/Microchip/mplabc32/v1.12/bin/../lib/gcc/pic32mx/3.4.4/../../../../pic32mx/lib\libc.a(default-on-bootstrap.o)
                0x9d0007b4                _on_bootstrap
 .text          0x9d0007bc       0x18 C:/Program Files (x86)/Microchip/mplabc32/v1.12/bin/../lib/gcc/pic32mx/3.4.4/../../../../pic32mx/lib\libc.a(default-nmi-handler.o)
                0x9d0007bc                _nmi_handler
 .text.CheKseg0CacheOn
                0x9d0007d4       0x18 C:/Program Files (x86)/Microchip/mplabc32/v1.12/bin/../lib/gcc/pic32mx/3.4.4/../../../../pic32mx/lib\libmchp_peripheral_32MX460F512L.a(pcache.o)
                0x9d0007d4                CheKseg0CacheOn
 .text.INTConfigureSystem
                0x9d0007ec       0x34 C:/Program Files (x86)/Microchip/mplabc32/v1.12/bin/../lib/gcc/pic32mx/3.4.4/../../../../pic32mx/lib\libmchp_peripheral_32MX460F512L.a(int_configure_system_lib.o)
                0x9d0007ec                INTConfigureSystem
 .text.INTDisableInterrupts
                0x9d000820        0x8 C:/Program Files (x86)/Microchip/mplabc32/v1.12/bin/../lib/gcc/pic32mx/3.4.4/../../../../pic32mx/lib\libmchp_peripheral_32MX460F512L.a(int_disable_interrupts_lib.o)
                0x9d000820                INTDisableInterrupts
 .text.INTRestoreInterrupts
                0x9d000828       0x1c C:/Program Files (x86)/Microchip/mplabc32/v1.12/bin/../lib/gcc/pic32mx/3.4.4/../../../../pic32mx/lib\libmchp_peripheral_32MX460F512L.a(int_restore_interrupts_lib.o)
                0x9d000828                INTRestoreInterrupts
 *(.text.*personality*)
 *(.gnu.warning)
 *(.mips16.fn.*)
 *(.mips16.call.*)
                0x9d000844                _text_end = .

.rodata         0x9d000844        0x0
 *(.rodata .rodata.* .gnu.linkonce.r.*)
 *(.rodata1)
                0x9d000844                . = ALIGN (0x4)

.sdata2         0x9d000844        0x0
 *(.sdata2 .sdata2.* .gnu.linkonce.s2.*)
                0x9d000844                . = ALIGN (0x4)

.sbss2          0x9d000844        0x0
 *(.sbss2 .sbss2.* .gnu.linkonce.sb2.*)
                0x9d000844                . = ALIGN (0x4)

.eh_frame_hdr
 *(.eh_frame_hdr)

.eh_frame
 *(.eh_frame)

.dbg_data       0xa0000000        0x0
                0xa0000000                . = (. + DEFINED (_DEBUGGER)?0x200:0x0)

.persist        0xa0000000        0x0
                0xa0000000                _persist_begin = .
 *(.persist .persist.*)
                0xa0000000                _persist_end = .

.data           0xa0000000        0x0 load address 0x9d000844
                0xa0000000                _data_begin = .
 *(.data .data.* .gnu.linkonce.d.*)
 *(.gnu.linkonce.d.*personality*)
 *(.data1)
                0x9d000844                _data_image_begin = LOADADDR (.data)

.eh_frame
 *(.eh_frame)
                0xa0000000                . = .
                0xa0007ff0                _gp = (ALIGN (0x10) + 0x7ff0)

.got
 *(.got.plt)
 *(.got)

.sdata          0xa0000000        0x0 load address 0x9d000844
                0xa0000000                _sdata_begin = .
 *(.sdata .sdata.* .gnu.linkonce.s.*)
                0xa0000000                _sdata_end = .

.lit8
 *(.lit8)

.lit4
 *(.lit4)
                0xa0000000                . = ALIGN (0x4)
                0xa0000000                _data_end = .
                0xa0000000                _bss_begin = .

.sbss           0xa0000000       0x18 load address 0x9d000844
                0xa0000000                _sbss_begin = .
 *(.dynsbss)
 *(.sbss .sbss.* .gnu.linkonce.sb.*)
 .sbss          0xa0000000        0xc build/C32_PIC32MX795F512L/production/exceptions.o
 .sbss          0xa000000c        0xc build/C32_PIC32MX795F512L/production/Tick.o
 *(.scommon)
                0xa0000018                _sbss_end = .

.bss            0xa0000018        0x0 load address 0x9d000844
 *(.dynbss)
 *(.bss .bss.* .gnu.linkonce.b.*)
 *(COMMON)
                0xa0000018                . = ALIGN (0x4)
                0xa0000018                . = ALIGN (0x4)
                0xa0000018                _end = .
                0xa0000018                _bss_end = .

.heap           0xa0000018        0x0 load address 0x9d000844
                0xa0000018                _heap = .
                0xa0000018                . = (. + _min_heap_size)
                0xa0000018                . = ALIGN (0x8)

.stack          0xa0000018      0x400 load address 0x9d000844
                0xa0000018                _splim = .
                0xa0000018                _SPLIM = .
                0xa0000418                . = (. + _min_stack_size)
 *fill*         0xa0000018      0x400 00
                0xa0000418                . = ALIGN (0x8)

.ramfunc        0xa0000800        0x0 load address 0x9d000844
                0xa0000800                _ramfunc_begin = .
 *(.ramfunc .ramfunc.*)
                0xa0000800                . = ALIGN (0x4)
                0xa0000800                _ramfunc_end = .
                0x9d000844                _ramfunc_image_begin = LOADADDR (.ramfunc)
                0x00000000                _ramfunc_length = SIZEOF (.ramfunc)
                0x00000800                _bmxdkpba_address = (_ramfunc_begin - 0xa0000000)
                0x00008000                _bmxdudba_address = 0x8000
                0x00008000                _bmxdupba_address = 0x8000
                0xa0008000                _stack = (_ramfunc_length > 0x0)?(_ramfunc_begin - 0x8):0xa0008000
                0x00000001                ASSERT (((_min_stack_size + _min_heap_size) <= (_stack - _heap)), Not enough space to allocate both stack and heap.  Reduce heap and/or stack size.)

/DISCARD/
 *(.pdr)
 *(.reginfo)
 *(.rel.dyn)
 *(.note.GNU-stack)

.stab
 *(.stab)

.stabstr
 *(.stabstr)

.stab.excl
 *(.stab.excl)

.stab.exclstr
 *(.stab.exclstr)

.stab.index
 *(.stab.index)

.stab.indexstr
 *(.stab.indexstr)

.mdebug.abi32   0x00000000        0x0
 .mdebug.abi32  0x00000000        0x0 build/C32_PIC32MX795F512L/production/configuration_bits.o
 .mdebug.abi32  0x00000000        0x0 build/C32_PIC32MX795F512L/production/exceptions.o
 .mdebug.abi32  0x00000000        0x0 build/C32_PIC32MX795F512L/production/interrupts.o
 .mdebug.abi32  0x00000000        0x0 build/C32_PIC32MX795F512L/production/main.o
 .mdebug.abi32  0x00000000        0x0 build/C32_PIC32MX795F512L/production/system.o
 .mdebug.abi32  0x00000000        0x0 build/C32_PIC32MX795F512L/production/user.o
 .mdebug.abi32  0x00000000        0x0 build/C32_PIC32MX795F512L/production/Tick.o
 .mdebug.abi32  0x00000000        0x0 C:/Program Files (x86)/Microchip/mplabc32/v1.12/bin/../lib/gcc/pic32mx/3.4.4/../../../../pic32mx/lib\libc.a(default-bootstrap-exception-handler.o)
 .mdebug.abi32  0x00000000        0x0 C:/Program Files (x86)/Microchip/mplabc32/v1.12/bin/../lib/gcc/pic32mx/3.4.4/../../../../pic32mx/lib\libc.a(default-on-reset.o)
 .mdebug.abi32  0x00000000        0x0 C:/Program Files (x86)/Microchip/mplabc32/v1.12/bin/../lib/gcc/pic32mx/3.4.4/../../../../pic32mx/lib\libc.a(default-on-bootstrap.o)
 .mdebug.abi32  0x00000000        0x0 C:/Program Files (x86)/Microchip/mplabc32/v1.12/bin/../lib/gcc/pic32mx/3.4.4/../../../../pic32mx/lib\libmchp_peripheral_32MX460F512L.a(pcache.o)
 .mdebug.abi32  0x00000000        0x0 C:/Program Files (x86)/Microchip/mplabc32/v1.12/bin/../lib/gcc/pic32mx/3.4.4/../../../../pic32mx/lib\libmchp_peripheral_32MX460F512L.a(int_configure_system_lib.o)
 .mdebug.abi32  0x00000000        0x0 C:/Program Files (x86)/Microchip/mplabc32/v1.12/bin/../lib/gcc/pic32mx/3.4.4/../../../../pic32mx/lib\libmchp_peripheral_32MX460F512L.a(int_disable_interrupts_lib.o)
 .mdebug.abi32  0x00000000        0x0 C:/Program Files (x86)/Microchip/mplabc32/v1.12/bin/../lib/gcc/pic32mx/3.4.4/../../../../pic32mx/lib\libmchp_peripheral_32MX460F512L.a(int_restore_interrupts_lib.o)

.comment        0x00000000      0x436
 *(.comment)
 .comment       0x00000000       0x4d build/C32_PIC32MX795F512L/production/configuration_bits.o
 .comment       0x0000004d       0x4d build/C32_PIC32MX795F512L/production/exceptions.o
 .comment       0x0000009a       0x4d build/C32_PIC32MX795F512L/production/interrupts.o
 .comment       0x000000e7       0x4d build/C32_PIC32MX795F512L/production/main.o
 .comment       0x00000134       0x4d build/C32_PIC32MX795F512L/production/system.o
 .comment       0x00000181       0x4d build/C32_PIC32MX795F512L/production/user.o
 .comment       0x000001ce       0x4d build/C32_PIC32MX795F512L/production/Tick.o
 .comment       0x0000021b       0x4d C:/Program Files (x86)/Microchip/mplabc32/v1.12/bin/../lib/gcc/pic32mx/3.4.4/../../../../pic32mx/lib\libc.a(default-bootstrap-exception-handler.o)
 .comment       0x00000268       0x4d C:/Program Files (x86)/Microchip/mplabc32/v1.12/bin/../lib/gcc/pic32mx/3.4.4/../../../../pic32mx/lib\libc.a(default-on-reset.o)
 .comment       0x000002b5       0x4d C:/Program Files (x86)/Microchip/mplabc32/v1.12/bin/../lib/gcc/pic32mx/3.4.4/../../../../pic32mx/lib\libc.a(default-on-bootstrap.o)
 .comment       0x00000302       0x4d C:/Program Files (x86)/Microchip/mplabc32/v1.12/bin/../lib/gcc/pic32mx/3.4.4/../../../../pic32mx/lib\libmchp_peripheral_32MX460F512L.a(pcache.o)
 .comment       0x0000034f       0x4d C:/Program Files (x86)/Microchip/mplabc32/v1.12/bin/../lib/gcc/pic32mx/3.4.4/../../../../pic32mx/lib\libmchp_peripheral_32MX460F512L.a(int_configure_system_lib.o)
 .comment       0x0000039c       0x4d C:/Program Files (x86)/Microchip/mplabc32/v1.12/bin/../lib/gcc/pic32mx/3.4.4/../../../../pic32mx/lib\libmchp_peripheral_32MX460F512L.a(int_disable_interrupts_lib.o)
 .comment       0x000003e9       0x4d C:/Program Files (x86)/Microchip/mplabc32/v1.12/bin/../lib/gcc/pic32mx/3.4.4/../../../../pic32mx/lib\libmchp_peripheral_32MX460F512L.a(int_restore_interrupts_lib.o)

.debug
 *(.debug)

.line
 *(.line)

.debug_srcinfo
 *(.debug_srcinfo)

.debug_sfnames
 *(.debug_sfnames)

.debug_aranges  0x00000000      0x1a0
 *(.debug_aranges)
 .debug_aranges
                0x00000000       0x20 build/C32_PIC32MX795F512L/production/exceptions.o
 .debug_aranges
                0x00000020       0x20 build/C32_PIC32MX795F512L/production/main.o
 .debug_aranges
                0x00000040       0x20 build/C32_PIC32MX795F512L/production/user.o
 .debug_aranges
                0x00000060       0x20 build/C32_PIC32MX795F512L/production/Tick.o
 .debug_aranges
                0x00000080       0x28 C:/Program Files (x86)/Microchip/mplabc32/v1.12/bin/../lib/gcc/pic32mx/3.4.4/../../../../pic32mx/lib\libc.a(default-bootstrap-exception-handler.o)
 .debug_aranges
                0x000000a8       0x28 C:/Program Files (x86)/Microchip/mplabc32/v1.12/bin/../lib/gcc/pic32mx/3.4.4/../../../../pic32mx/lib\libc.a(default-on-reset.o)
 .debug_aranges
                0x000000d0       0x28 C:/Program Files (x86)/Microchip/mplabc32/v1.12/bin/../lib/gcc/pic32mx/3.4.4/../../../../pic32mx/lib\libc.a(default-on-bootstrap.o)
 .debug_aranges
                0x000000f8       0x30 C:/Program Files (x86)/Microchip/mplabc32/v1.12/bin/../lib/gcc/pic32mx/3.4.4/../../../../pic32mx/lib\libmchp_peripheral_32MX460F512L.a(pcache.o)
 .debug_aranges
                0x00000128       0x28 C:/Program Files (x86)/Microchip/mplabc32/v1.12/bin/../lib/gcc/pic32mx/3.4.4/../../../../pic32mx/lib\libmchp_peripheral_32MX460F512L.a(int_configure_system_lib.o)
 .debug_aranges
                0x00000150       0x28 C:/Program Files (x86)/Microchip/mplabc32/v1.12/bin/../lib/gcc/pic32mx/3.4.4/../../../../pic32mx/lib\libmchp_peripheral_32MX460F512L.a(int_disable_interrupts_lib.o)
 .debug_aranges
                0x00000178       0x28 C:/Program Files (x86)/Microchip/mplabc32/v1.12/bin/../lib/gcc/pic32mx/3.4.4/../../../../pic32mx/lib\libmchp_peripheral_32MX460F512L.a(int_restore_interrupts_lib.o)

.debug_pubnames
                0x00000000      0x219
 *(.debug_pubnames)
 .debug_pubnames
                0x00000000       0x31 build/C32_PIC32MX795F512L/production/exceptions.o
 .debug_pubnames
                0x00000031       0x1b build/C32_PIC32MX795F512L/production/main.o
 .debug_pubnames
                0x0000004c       0x1e build/C32_PIC32MX795F512L/production/user.o
 .debug_pubnames
                0x0000006a       0x7e build/C32_PIC32MX795F512L/production/Tick.o
 .debug_pubnames
                0x000000e8       0x33 C:/Program Files (x86)/Microchip/mplabc32/v1.12/bin/../lib/gcc/pic32mx/3.4.4/../../../../pic32mx/lib\libc.a(default-bootstrap-exception-handler.o)
 .debug_pubnames
                0x0000011b       0x20 C:/Program Files (x86)/Microchip/mplabc32/v1.12/bin/../lib/gcc/pic32mx/3.4.4/../../../../pic32mx/lib\libc.a(default-on-reset.o)
 .debug_pubnames
                0x0000013b       0x24 C:/Program Files (x86)/Microchip/mplabc32/v1.12/bin/../lib/gcc/pic32mx/3.4.4/../../../../pic32mx/lib\libc.a(default-on-bootstrap.o)
 .debug_pubnames
                0x0000015f       0x3b C:/Program Files (x86)/Microchip/mplabc32/v1.12/bin/../lib/gcc/pic32mx/3.4.4/../../../../pic32mx/lib\libmchp_peripheral_32MX460F512L.a(pcache.o)
 .debug_pubnames
                0x0000019a       0x29 C:/Program Files (x86)/Microchip/mplabc32/v1.12/bin/../lib/gcc/pic32mx/3.4.4/../../../../pic32mx/lib\libmchp_peripheral_32MX460F512L.a(int_configure_system_lib.o)
 .debug_pubnames
                0x000001c3       0x2b C:/Program Files (x86)/Microchip/mplabc32/v1.12/bin/../lib/gcc/pic32mx/3.4.4/../../../../pic32mx/lib\libmchp_peripheral_32MX460F512L.a(int_disable_interrupts_lib.o)
 .debug_pubnames
                0x000001ee       0x2b C:/Program Files (x86)/Microchip/mplabc32/v1.12/bin/../lib/gcc/pic32mx/3.4.4/../../../../pic32mx/lib\libmchp_peripheral_32MX460F512L.a(int_restore_interrupts_lib.o)

.debug_info     0x00000000     0x33fd
 *(.debug_info .gnu.linkonce.wi.*)
 .debug_info    0x00000000      0x61a build/C32_PIC32MX795F512L/production/configuration_bits.o
 .debug_info    0x0000061a      0x74e build/C32_PIC32MX795F512L/production/exceptions.o
 .debug_info    0x00000d68      0x612 build/C32_PIC32MX795F512L/production/interrupts.o
 .debug_info    0x0000137a      0xa3d build/C32_PIC32MX795F512L/production/main.o
 .debug_info    0x00001db7      0x60e build/C32_PIC32MX795F512L/production/system.o
 .debug_info    0x000023c5      0x623 build/C32_PIC32MX795F512L/production/user.o
 .debug_info    0x000029e8      0x8b0 build/C32_PIC32MX795F512L/production/Tick.o
 .debug_info    0x00003298       0x31 C:/Program Files (x86)/Microchip/mplabc32/v1.12/bin/../lib/gcc/pic32mx/3.4.4/../../../../pic32mx/lib\libc.a(default-bootstrap-exception-handler.o)
 .debug_info    0x000032c9       0x31 C:/Program Files (x86)/Microchip/mplabc32/v1.12/bin/../lib/gcc/pic32mx/3.4.4/../../../../pic32mx/lib\libc.a(default-on-reset.o)
 .debug_info    0x000032fa       0x31 C:/Program Files (x86)/Microchip/mplabc32/v1.12/bin/../lib/gcc/pic32mx/3.4.4/../../../../pic32mx/lib\libc.a(default-on-bootstrap.o)
 .debug_info    0x0000332b       0x42 C:/Program Files (x86)/Microchip/mplabc32/v1.12/bin/../lib/gcc/pic32mx/3.4.4/../../../../pic32mx/lib\libmchp_peripheral_32MX460F512L.a(pcache.o)
 .debug_info    0x0000336d       0x30 C:/Program Files (x86)/Microchip/mplabc32/v1.12/bin/../lib/gcc/pic32mx/3.4.4/../../../../pic32mx/lib\libmchp_peripheral_32MX460F512L.a(int_configure_system_lib.o)
 .debug_info    0x0000339d       0x30 C:/Program Files (x86)/Microchip/mplabc32/v1.12/bin/../lib/gcc/pic32mx/3.4.4/../../../../pic32mx/lib\libmchp_peripheral_32MX460F512L.a(int_disable_interrupts_lib.o)
 .debug_info    0x000033cd       0x30 C:/Program Files (x86)/Microchip/mplabc32/v1.12/bin/../lib/gcc/pic32mx/3.4.4/../../../../pic32mx/lib\libmchp_peripheral_32MX460F512L.a(int_restore_interrupts_lib.o)

.debug_abbrev   0x00000000      0xa54
 *(.debug_abbrev)
 .debug_abbrev  0x00000000      0x107 build/C32_PIC32MX795F512L/production/configuration_bits.o
 .debug_abbrev  0x00000107      0x143 build/C32_PIC32MX795F512L/production/exceptions.o
 .debug_abbrev  0x0000024a      0x107 build/C32_PIC32MX795F512L/production/interrupts.o
 .debug_abbrev  0x00000351      0x230 build/C32_PIC32MX795F512L/production/main.o
 .debug_abbrev  0x00000581      0x107 build/C32_PIC32MX795F512L/production/system.o
 .debug_abbrev  0x00000688      0x11c build/C32_PIC32MX795F512L/production/user.o
 .debug_abbrev  0x000007a4      0x1b5 build/C32_PIC32MX795F512L/production/Tick.o
 .debug_abbrev  0x00000959       0x25 C:/Program Files (x86)/Microchip/mplabc32/v1.12/bin/../lib/gcc/pic32mx/3.4.4/../../../../pic32mx/lib\libc.a(default-bootstrap-exception-handler.o)
 .debug_abbrev  0x0000097e       0x25 C:/Program Files (x86)/Microchip/mplabc32/v1.12/bin/../lib/gcc/pic32mx/3.4.4/../../../../pic32mx/lib\libc.a(default-on-reset.o)
 .debug_abbrev  0x000009a3       0x25 C:/Program Files (x86)/Microchip/mplabc32/v1.12/bin/../lib/gcc/pic32mx/3.4.4/../../../../pic32mx/lib\libc.a(default-on-bootstrap.o)
 .debug_abbrev  0x000009c8       0x23 C:/Program Files (x86)/Microchip/mplabc32/v1.12/bin/../lib/gcc/pic32mx/3.4.4/../../../../pic32mx/lib\libmchp_peripheral_32MX460F512L.a(pcache.o)
 .debug_abbrev  0x000009eb       0x23 C:/Program Files (x86)/Microchip/mplabc32/v1.12/bin/../lib/gcc/pic32mx/3.4.4/../../../../pic32mx/lib\libmchp_peripheral_32MX460F512L.a(int_configure_system_lib.o)
 .debug_abbrev  0x00000a0e       0x23 C:/Program Files (x86)/Microchip/mplabc32/v1.12/bin/../lib/gcc/pic32mx/3.4.4/../../../../pic32mx/lib\libmchp_peripheral_32MX460F512L.a(int_disable_interrupts_lib.o)
 .debug_abbrev  0x00000a31       0x23 C:/Program Files (x86)/Microchip/mplabc32/v1.12/bin/../lib/gcc/pic32mx/3.4.4/../../../../pic32mx/lib\libmchp_peripheral_32MX460F512L.a(int_restore_interrupts_lib.o)

.debug_line     0x00000000     0x11e1
 *(.debug_line)
 .debug_line    0x00000000      0x19a build/C32_PIC32MX795F512L/production/configuration_bits.o
 .debug_line    0x0000019a      0x1c2 build/C32_PIC32MX795F512L/production/exceptions.o
 .debug_line    0x0000035c      0x19a build/C32_PIC32MX795F512L/production/interrupts.o
 .debug_line    0x000004f6      0x2e3 build/C32_PIC32MX795F512L/production/main.o
 .debug_line    0x000007d9      0x19a build/C32_PIC32MX795F512L/production/system.o
 .debug_line    0x00000973      0x1b4 build/C32_PIC32MX795F512L/production/user.o
 .debug_line    0x00000b27      0x203 build/C32_PIC32MX795F512L/production/Tick.o
 .debug_line    0x00000d2a       0xbc C:/Program Files (x86)/Microchip/mplabc32/v1.12/bin/../lib/gcc/pic32mx/3.4.4/../../../../pic32mx/lib\libc.a(default-bootstrap-exception-handler.o)
 .debug_line    0x00000de6       0xa9 C:/Program Files (x86)/Microchip/mplabc32/v1.12/bin/../lib/gcc/pic32mx/3.4.4/../../../../pic32mx/lib\libc.a(default-on-reset.o)
 .debug_line    0x00000e8f       0xad C:/Program Files (x86)/Microchip/mplabc32/v1.12/bin/../lib/gcc/pic32mx/3.4.4/../../../../pic32mx/lib\libc.a(default-on-bootstrap.o)
 .debug_line    0x00000f3c       0x9d C:/Program Files (x86)/Microchip/mplabc32/v1.12/bin/../lib/gcc/pic32mx/3.4.4/../../../../pic32mx/lib\libmchp_peripheral_32MX460F512L.a(pcache.o)
 .debug_line    0x00000fd9       0xac C:/Program Files (x86)/Microchip/mplabc32/v1.12/bin/../lib/gcc/pic32mx/3.4.4/../../../../pic32mx/lib\libmchp_peripheral_32MX460F512L.a(int_configure_system_lib.o)
 .debug_line    0x00001085       0xae C:/Program Files (x86)/Microchip/mplabc32/v1.12/bin/../lib/gcc/pic32mx/3.4.4/../../../../pic32mx/lib\libmchp_peripheral_32MX460F512L.a(int_disable_interrupts_lib.o)
 .debug_line    0x00001133       0xae C:/Program Files (x86)/Microchip/mplabc32/v1.12/bin/../lib/gcc/pic32mx/3.4.4/../../../../pic32mx/lib\libmchp_peripheral_32MX460F512L.a(int_restore_interrupts_lib.o)

.debug_frame    0x00000000      0x254
 *(.debug_frame)
 .debug_frame   0x00000000       0x2c build/C32_PIC32MX795F512L/production/exceptions.o
 .debug_frame   0x0000002c       0x30 build/C32_PIC32MX795F512L/production/main.o
 .debug_frame   0x0000005c       0x2c build/C32_PIC32MX795F512L/production/user.o
 .debug_frame   0x00000088       0xdc build/C32_PIC32MX795F512L/production/Tick.o
 .debug_frame   0x00000164       0x20 C:/Program Files (x86)/Microchip/mplabc32/v1.12/bin/../lib/gcc/pic32mx/3.4.4/../../../../pic32mx/lib\libc.a(default-bootstrap-exception-handler.o)
 .debug_frame   0x00000184       0x20 C:/Program Files (x86)/Microchip/mplabc32/v1.12/bin/../lib/gcc/pic32mx/3.4.4/../../../../pic32mx/lib\libc.a(default-on-reset.o)
 .debug_frame   0x000001a4       0x20 C:/Program Files (x86)/Microchip/mplabc32/v1.12/bin/../lib/gcc/pic32mx/3.4.4/../../../../pic32mx/lib\libc.a(default-on-bootstrap.o)
 .debug_frame   0x000001c4       0x30 C:/Program Files (x86)/Microchip/mplabc32/v1.12/bin/../lib/gcc/pic32mx/3.4.4/../../../../pic32mx/lib\libmchp_peripheral_32MX460F512L.a(pcache.o)
 .debug_frame   0x000001f4       0x20 C:/Program Files (x86)/Microchip/mplabc32/v1.12/bin/../lib/gcc/pic32mx/3.4.4/../../../../pic32mx/lib\libmchp_peripheral_32MX460F512L.a(int_configure_system_lib.o)
 .debug_frame   0x00000214       0x20 C:/Program Files (x86)/Microchip/mplabc32/v1.12/bin/../lib/gcc/pic32mx/3.4.4/../../../../pic32mx/lib\libmchp_peripheral_32MX460F512L.a(int_disable_interrupts_lib.o)
 .debug_frame   0x00000234       0x20 C:/Program Files (x86)/Microchip/mplabc32/v1.12/bin/../lib/gcc/pic32mx/3.4.4/../../../../pic32mx/lib\libmchp_peripheral_32MX460F512L.a(int_restore_interrupts_lib.o)

.debug_str      0x00000000      0x514
 *(.debug_str)
 .debug_str     0x00000000       0x12 build/C32_PIC32MX795F512L/production/configuration_bits.o
 .debug_str     0x00000012       0x12 build/C32_PIC32MX795F512L/production/exceptions.o
 .debug_str     0x00000024       0x12 build/C32_PIC32MX795F512L/production/interrupts.o
 .debug_str     0x00000036       0x27 build/C32_PIC32MX795F512L/production/main.o
 .debug_str     0x0000005d       0x12 build/C32_PIC32MX795F512L/production/system.o
 .debug_str     0x0000006f       0x12 build/C32_PIC32MX795F512L/production/user.o
 .debug_str     0x00000081       0x12 build/C32_PIC32MX795F512L/production/Tick.o
 .debug_str     0x00000093       0xf0 C:/Program Files (x86)/Microchip/mplabc32/v1.12/bin/../lib/gcc/pic32mx/3.4.4/../../../../pic32mx/lib\libc.a(default-bootstrap-exception-handler.o)
 .debug_str     0x00000183       0x83 C:/Program Files (x86)/Microchip/mplabc32/v1.12/bin/../lib/gcc/pic32mx/3.4.4/../../../../pic32mx/lib\libc.a(default-on-reset.o)
                                 0xca (size before relaxing)
 .debug_str     0x00000206       0x8b C:/Program Files (x86)/Microchip/mplabc32/v1.12/bin/../lib/gcc/pic32mx/3.4.4/../../../../pic32mx/lib\libc.a(default-on-bootstrap.o)
                                 0xd2 (size before relaxing)
 .debug_str     0x00000291       0x9e C:/Program Files (x86)/Microchip/mplabc32/v1.12/bin/../lib/gcc/pic32mx/3.4.4/../../../../pic32mx/lib\libmchp_peripheral_32MX460F512L.a(pcache.o)
                                 0xe5 (size before relaxing)
 .debug_str     0x0000032f       0x9f C:/Program Files (x86)/Microchip/mplabc32/v1.12/bin/../lib/gcc/pic32mx/3.4.4/../../../../pic32mx/lib\libmchp_peripheral_32MX460F512L.a(int_configure_system_lib.o)
                                 0xe6 (size before relaxing)
 .debug_str     0x000003ce       0xa3 C:/Program Files (x86)/Microchip/mplabc32/v1.12/bin/../lib/gcc/pic32mx/3.4.4/../../../../pic32mx/lib\libmchp_peripheral_32MX460F512L.a(int_disable_interrupts_lib.o)
                                 0xea (size before relaxing)
 .debug_str     0x00000471       0xa3 C:/Program Files (x86)/Microchip/mplabc32/v1.12/bin/../lib/gcc/pic32mx/3.4.4/../../../../pic32mx/lib\libmchp_peripheral_32MX460F512L.a(int_restore_interrupts_lib.o)
                                 0xea (size before relaxing)

.debug_loc
 *(.debug_loc)

.debug_macinfo  0x00000000     0x1b8d
 *(.debug_macinfo)
 .debug_macinfo
                0x00000000      0x92f C:/Program Files (x86)/Microchip/mplabc32/v1.12/bin/../lib/gcc/pic32mx/3.4.4/../../../../pic32mx/lib\libc.a(default-bootstrap-exception-handler.o)
 .debug_macinfo
                0x0000092f      0x92f C:/Program Files (x86)/Microchip/mplabc32/v1.12/bin/../lib/gcc/pic32mx/3.4.4/../../../../pic32mx/lib\libc.a(default-on-reset.o)
 .debug_macinfo
                0x0000125e      0x92f C:/Program Files (x86)/Microchip/mplabc32/v1.12/bin/../lib/gcc/pic32mx/3.4.4/../../../../pic32mx/lib\libc.a(default-on-bootstrap.o)

.debug_weaknames
 *(.debug_weaknames)

.debug_funcnames
 *(.debug_funcnames)

.debug_typenames
 *(.debug_typenames)

.debug_varnames
 *(.debug_varnames)
OUTPUT(dist/C32_PIC32MX795F512L/production/pic32mx_c_template_1.X.production.elf elf32-tradlittlemips)
