Archive member included because of file (symbol)

c:/program files (x86)/microchip/xc32/v1.44/bin/bin/../../lib/gcc/pic32mx/4.8.3/../../../../pic32mx/lib\libmchp_peripheral_32MX460F512L.a(soft_reset_lib.o)
                              build/default/production/_ext/1954962658/ENCX24J600.o (SoftReset)
c:/program files (x86)/microchip/xc32/v1.44/bin/bin/../../lib/gcc/pic32mx/4.8.3/../../../../pic32mx/lib\libmchp_peripheral_32MX460F512L.a(pcache.o)
                              build/default/production/_ext/1472/MainDemo.o (CheKseg0CacheOn)
c:/program files (x86)/microchip/xc32/v1.44/bin/bin/../../lib/gcc/pic32mx/4.8.3/../../../../pic32mx/lib\libmchp_peripheral_32MX460F512L.a(int_disable_interrupts_lib.o)
                              build/default/production/_ext/1472/MainDemo.o (INTDisableInterrupts)
c:/program files (x86)/microchip/xc32/v1.44/bin/bin/../../lib/gcc/pic32mx/4.8.3/../../../../pic32mx/lib\libmchp_peripheral_32MX460F512L.a(int_restore_interrupts_lib.o)
                              build/default/production/_ext/1472/MainDemo.o (INTRestoreInterrupts)
c:/program files (x86)/microchip/xc32/v1.44/bin/bin/../../lib/gcc/pic32mx/4.8.3/../../../../pic32mx/lib\libmchp_peripheral_32MX460F512L.a(int_enable_mv_int_lib.o)
                              build/default/production/_ext/1472/MainDemo.o (INTEnableSystemMultiVectoredInt)
c:/program files (x86)/microchip/xc32/v1.44/bin/bin/../../lib/gcc/pic32mx/4.8.3/../../../../pic32mx/lib\libmchp_peripheral_32MX460F512L.a(puts_uartx_lib_legacy.o)
                              build/default/production/_ext/1472/BerkeleyTCPClientDemo.o (putsUART1)
c:/program files (x86)/microchip/xc32/v1.44/bin/bin/../../lib/gcc/pic32mx/4.8.3/../../../../pic32mx/lib\libmchp_peripheral_32MX460F512L.a(int_enable_interrupts_lib.o)
                              c:/program files (x86)/microchip/xc32/v1.44/bin/bin/../../lib/gcc/pic32mx/4.8.3/../../../../pic32mx/lib\libmchp_peripheral_32MX460F512L.a(int_enable_mv_int_lib.o) (INTEnableInterrupts)
c:/program files (x86)/microchip/xc32/v1.44/bin/bin/../../lib/gcc/pic32mx/4.8.3\libgcc.a(_udivdi3.o)
                              build/default/production/_ext/1954962658/AutoIP.o (__udivdi3)
c:/program files (x86)/microchip/xc32/v1.44/bin/bin/../../lib/gcc/pic32mx/4.8.3/../../../../pic32mx/lib\libpic32.a(memcmp.o)
                              build/default/production/_ext/1954962658/HTTP2.o (memcmp)
c:/program files (x86)/microchip/xc32/v1.44/bin/bin/../../lib/gcc/pic32mx/4.8.3/../../../../pic32mx/lib\libpic32.a(memcpy.o)
                              build/default/production/_ext/1954962658/BerkeleyAPI.o (memcpy)
c:/program files (x86)/microchip/xc32/v1.44/bin/bin/../../lib/gcc/pic32mx/4.8.3/../../../../pic32mx/lib\libpic32.a(memset.o)
                              build/default/production/_ext/1472/BerkeleyUDPClientDemo.o (memset)
c:/program files (x86)/microchip/xc32/v1.44/bin/bin/../../lib/gcc/pic32mx/4.8.3/../../../../pic32mx/lib\libpic32.a(strcmp.o)
                              build/default/production/_ext/1954962658/HTTP2.o (strcmp)
c:/program files (x86)/microchip/xc32/v1.44/bin/bin/../../lib/gcc/pic32mx/4.8.3/../../../../pic32mx/lib\libpic32.a(strlen.o)
                              build/default/production/_ext/1472/BerkeleyTCPClientDemo.o (strlen)
c:/program files (x86)/microchip/xc32/v1.44/bin/bin/../../lib/gcc/pic32mx/4.8.3/../../../../pic32mx/lib\libpic32.a(default-bootstrap-exception-handler.o)
                              c:/program files (x86)/microchip/xc32/v1.44/bin/bin/../../lib/gcc/pic32mx/4.8.3/../../../../pic32mx/lib/./proc/32MX460F512L/crt0_mips32r2.o (_bootstrap_exception_handler)
c:/program files (x86)/microchip/xc32/v1.44/bin/bin/../../lib/gcc/pic32mx/4.8.3/../../../../pic32mx/lib\libpic32.a(default-on-reset.o)
                              c:/program files (x86)/microchip/xc32/v1.44/bin/bin/../../lib/gcc/pic32mx/4.8.3/../../../../pic32mx/lib/./proc/32MX460F512L/crt0_mips32r2.o (_on_reset)
c:/program files (x86)/microchip/xc32/v1.44/bin/bin/../../lib/gcc/pic32mx/4.8.3/../../../../pic32mx/lib\libpic32.a(default-on-bootstrap.o)
                              c:/program files (x86)/microchip/xc32/v1.44/bin/bin/../../lib/gcc/pic32mx/4.8.3/../../../../pic32mx/lib/./proc/32MX460F512L/crt0_mips32r2.o (_on_bootstrap)
c:/program files (x86)/microchip/xc32/v1.44/bin/bin/../../lib/gcc/pic32mx/4.8.3/../../../../pic32mx/lib\libpic32.a(default-nmi-handler.o)
                              c:/program files (x86)/microchip/xc32/v1.44/bin/bin/../../lib/gcc/pic32mx/4.8.3/../../../../pic32mx/lib/./proc/32MX460F512L/crt0_mips32r2.o (_nmi_handler)
c:/program files (x86)/microchip/xc32/v1.44/bin/bin/../../lib/gcc/pic32mx/4.8.3/../../../../pic32mx/lib\libpic32.a(general-exception.o)
                              c:/program files (x86)/microchip/xc32/v1.44/bin/bin/../../lib/gcc/pic32mx/4.8.3/../../../../pic32mx/lib/./proc/32MX460F512L/crt0_mips32r2.o (_general_exception_context)
[...]
Memory Configuration

Name             Origin             Length             Attributes
kseg0_program_mem 0x9d000000         0x00080000         xr
kseg0_boot_mem   0x9fc00490         0x00000970
exception_mem    0x9fc01000         0x00001000
kseg1_boot_mem   0xbfc00000         0x00000490
debug_exec_mem   0xbfc02000         0x00000ff0
config3          0xbfc02ff0         0x00000004
config2          0xbfc02ff4         0x00000004
config1          0xbfc02ff8         0x00000004
config0          0xbfc02ffc         0x00000004
kseg1_data_mem   0xa0000000         0x00008000         w !x
sfrs             0xbf800000         0x00100000
configsfrs       0xbfc02ff0         0x00000010
*default*        0x00000000         0xffffffff

Linker script and memory map

LOAD c:/program files (x86)/microchip/xc32/v1.44/bin/bin/../../lib/gcc/pic32mx/4.8.3/../../../../pic32mx/lib/./proc/32MX460F512L/crt0_mips32r2.o
LOAD c:/program files (x86)/microchip/xc32/v1.44/bin/bin/../../lib/gcc/pic32mx/4.8.3/../../../../pic32mx/lib\debug-exception-return.o
LOAD build/default/production/_ext/1472/BerkeleyTCPClientDemo.o
LOAD build/default/production/_ext/1472/BerkeleyTCPServerDemo.o
LOAD build/default/production/_ext/1472/BerkeleyUDPClientDemo.o
LOAD build/default/production/_ext/1472/GenericTCPClient.o
LOAD build/default/production/_ext/1472/GenericTCPServer.o
LOAD build/default/production/_ext/1472/PingDemo.o
LOAD build/default/production/_ext/1472/SMTPDemo.o
LOAD build/default/production/_ext/1472/UARTConfig.o
LOAD build/default/production/_ext/1954962658/Announce.o
LOAD build/default/production/_ext/1954962658/ARCFOUR.o
LOAD build/default/production/_ext/1954962658/ARP.o
LOAD build/default/production/_ext/1954962658/AutoIP.o
LOAD build/default/production/_ext/1954962658/BerkeleyAPI.o
LOAD build/default/production/_ext/1954962658/BigInt.o
LOAD build/default/production/_ext/1954962658/Delay.o
LOAD build/default/production/_ext/1954962658/DHCP.o
LOAD build/default/production/_ext/1954962658/DHCPs.o
LOAD build/default/production/_ext/1954962658/DNS.o
LOAD build/default/production/_ext/1954962658/DNSs.o
LOAD build/default/production/_ext/1954962658/DynDNS.o
LOAD build/default/production/_ext/1954962658/ENC28J60.o
LOAD build/default/production/_ext/1954962658/ENCX24J600.o
LOAD build/default/production/_ext/1954962658/FileSystem.o
LOAD build/default/production/_ext/1954962658/FTP.o
LOAD build/default/production/_ext/1954962658/Hashes.o
LOAD build/default/production/_ext/1954962658/Helpers.o
LOAD build/default/production/_ext/1954962658/HTTP2.o
LOAD build/default/production/_ext/1954962658/ICMP.o
LOAD build/default/production/_ext/1954962658/IP.o
LOAD build/default/production/_ext/1954962658/LCDBlocking.o
LOAD build/default/production/_ext/1954962658/MPFS2.o
LOAD build/default/production/_ext/1954962658/NBNS.o
LOAD build/default/production/_ext/1954962658/Random.o
LOAD build/default/production/_ext/1954962658/Reboot.o
LOAD build/default/production/_ext/1954962658/RSA.o
LOAD build/default/production/_ext/1954962658/SMTP.o
LOAD build/default/production/_ext/1954962658/SNMP.o
LOAD build/default/production/_ext/1954962658/SNMPv3.o
LOAD build/default/production/_ext/1954962658/SNMPv3USM.o
LOAD build/default/production/_ext/1954962658/SNTP.o
LOAD build/default/production/_ext/1954962658/SPIEEPROM.o
LOAD build/default/production/_ext/1954962658/SPIFlash.o
LOAD build/default/production/_ext/1954962658/SPIRAM.o
LOAD build/default/production/_ext/1954962658/SSL.o
LOAD build/default/production/_ext/1954962658/StackTsk.o
LOAD build/default/production/_ext/1954962658/TCP.o
LOAD build/default/production/_ext/1954962658/TCPPerformanceTest.o
LOAD build/default/production/_ext/1954962658/Telnet.o
LOAD build/default/production/_ext/1954962658/TFTPc.o
LOAD build/default/production/_ext/1954962658/Tick.o
LOAD build/default/production/_ext/1954962658/UART2TCPBridge.o
LOAD build/default/production/_ext/1954962658/UART.o
LOAD build/default/production/_ext/1954962658/UDP.o
LOAD build/default/production/_ext/1954962658/UDPPerformanceTest.o
LOAD build/default/production/_ext/1954962658/ZeroconfHelper.o
LOAD build/default/production/_ext/1954962658/ZeroconfLinkLocal.o
LOAD build/default/production/_ext/1954962658/ZeroconfMulticastDNS.o
LOAD build/default/production/_ext/1472/MPFSImg2.o
LOAD build/default/production/_ext/1954962658/BigInt_helper_PIC32.o
LOAD build/default/production/_ext/1472/CustomHTTPApp.o
LOAD build/default/production/_ext/1472/CustomSNMPApp.o
LOAD build/default/production/_ext/1472/CustomSSLCert.o
LOAD build/default/production/_ext/1472/MainDemo.o
                0x00000001                __MPLAB_BUILD = 0x1
LOAD c:/program files (x86)/microchip/xc32/v1.44/bin/bin/../../lib/gcc/pic32mx/4.8.3/../../../../pic32mx/lib/./proc/32MX460F512L\default_isr_vectors.o
LOAD c:/program files (x86)/microchip/xc32/v1.44/bin/bin/../../lib/gcc/pic32mx/4.8.3/../../../../pic32mx/lib\pic32_software_reset.o
                0x00000400                PROVIDE (_min_stack_size, 0x400)
LOAD c:/program files (x86)/microchip/xc32/v1.44/bin/bin/../../lib/gcc/pic32mx/4.8.3/../../../../pic32mx/lib/./proc/32MX460F512L\processor.o
START GROUP
LOAD c:/program files (x86)/microchip/xc32/v1.44/bin/bin/../../lib/gcc/pic32mx/4.8.3/../../../../pic32mx/lib\libmchp_peripheral.a
END GROUP
START GROUP
LOAD c:/program files (x86)/microchip/xc32/v1.44/bin/bin/../../lib/gcc/pic32mx/4.8.3/../../../../pic32mx/lib\libmchp_peripheral_32MX460F512L.a
END GROUP
                0x00000001                PROVIDE (_vector_spacing, 0x1)
                0x9fc01000                PROVIDE (_ebase_address, 0x9fc01000)
                0xbfc00000                _RESET_ADDR = 0xbfc00000
                0xbfc00380                _BEV_EXCPT_ADDR = 0xbfc00380
                0xbfc00480                _DBG_EXCPT_ADDR = 0xbfc00480
                0xbfc02000                _DBG_CODE_ADDR = 0xbfc02000
                0x00000ff0                _DBG_CODE_SIZE = 0xff0
                0x9fc01180                _GEN_EXCPT_ADDR = (_ebase_address + 0x180)

.config_BFC02FF0
 *(.config_BFC02FF0)

.config_BFC02FF4
                0xbfc02ff4        0x4
 *(.config_BFC02FF4)
 .config_BFC02FF4
                0xbfc02ff4        0x4 build/default/production/_ext/1472/MainDemo.o

.config_BFC02FF8
                0xbfc02ff8        0x4
 *(.config_BFC02FF8)
 .config_BFC02FF8
                0xbfc02ff8        0x4 build/default/production/_ext/1472/MainDemo.o

.config_BFC02FFC
                0xbfc02ffc        0x4
 *(.config_BFC02FFC)
 .config_BFC02FFC
                0xbfc02ffc        0x4 build/default/production/_ext/1472/MainDemo.o
                0xbfc02000                PROVIDE (_DBG_CODE_ADDR, 0xbfc02000)
                0x00000ff0                PROVIDE (_DBG_CODE_SIZE, 0xff0)

.reset          0xbfc00000      0x208
 *(.reset)
 .reset         0xbfc00000        0x8 c:/program files (x86)/microchip/xc32/v1.44/bin/bin/../../lib/gcc/pic32mx/4.8.3/../../../../pic32mx/lib/./proc/32MX460F512L/crt0_mips32r2.o
                0xbfc00000                _reset
 *(.reset.startup)
 .reset.startup
                0xbfc00008      0x200 c:/program files (x86)/microchip/xc32/v1.44/bin/bin/../../lib/gcc/pic32mx/4.8.3/../../../../pic32mx/lib/./proc/32MX460F512L/crt0_mips32r2.o
                0xbfc00008                _startup

.bev_excpt      0xbfc00380       0x10
 *(.bev_handler)
 .bev_handler   0xbfc00380       0x10 c:/program files (x86)/microchip/xc32/v1.44/bin/bin/../../lib/gcc/pic32mx/4.8.3/../../../../pic32mx/lib/./proc/32MX460F512L/crt0_mips32r2.o

.dbg_excpt      0xbfc00480        0x0
                0xbfc00480                . = (. + DEFINED (_DEBUGGER)?0x8:0x0)

.dbg_code       0xbfc02000        0x0
                0xbfc02000                . = (. + DEFINED (_DEBUGGER)?_DBG_CODE_SIZE:0x0)

.app_excpt      0x9fc01180       0x10
 *(.gen_handler)
 .gen_handler   0x9fc01180       0x10 c:/program files (x86)/microchip/xc32/v1.44/bin/bin/../../lib/gcc/pic32mx/4.8.3/../../../../pic32mx/lib/./proc/32MX460F512L/crt0_mips32r2.o

.vector_0       0x9fc01200        0x8
 *(.vector_0)
 .vector_0      0x9fc01200        0x8 c:/program files (x86)/microchip/xc32/v1.44/bin/bin/../../lib/gcc/pic32mx/4.8.3/../../../../pic32mx/lib\libpic32.a(vector0.o)
                0x9fc01200                __vector_dispatch_0
                0x00000001                ASSERT (((_vector_spacing == 0x0) || (SIZEOF (.vector_0) <= (_vector_spacing << 0x5))), function at exception vector 0 too large)

.vector_1       0x9fc01220        0x8
 *(.vector_1)
 .vector_1      0x9fc01220        0x8 c:/program files (x86)/microchip/xc32/v1.44/bin/bin/../../lib/gcc/pic32mx/4.8.3/../../../../pic32mx/lib\libpic32.a(vector1.o)
                0x9fc01220                __vector_dispatch_1
                0x00000001                ASSERT (((_vector_spacing == 0x0) || (SIZEOF (.vector_1) <= (_vector_spacing << 0x5))), function at exception vector 1 too large)

.vector_2       0x9fc01240        0x8
 *(.vector_2)
 .vector_2      0x9fc01240        0x8 c:/program files (x86)/microchip/xc32/v1.44/bin/bin/../../lib/gcc/pic32mx/4.8.3/../../../../pic32mx/lib\libpic32.a(vector2.o)
                0x9fc01240                __vector_dispatch_2
                0x00000001                ASSERT (((_vector_spacing == 0x0) || (SIZEOF (.vector_2) <= (_vector_spacing << 0x5))), function at exception vector 2 too large)

.vector_3       0x9fc01260        0x8
 *(.vector_3)
 .vector_3      0x9fc01260        0x8 c:/program files (x86)/microchip/xc32/v1.44/bin/bin/../../lib/gcc/pic32mx/4.8.3/../../../../pic32mx/lib\libpic32.a(vector3.o)
                0x9fc01260                __vector_dispatch_3
                0x00000001                ASSERT (((_vector_spacing == 0x0) || (SIZEOF (.vector_3) <= (_vector_spacing << 0x5))), function at exception vector 3 too large)

.vector_4       0x9fc01280        0x8
 *(.vector_4)
 .vector_4      0x9fc01280        0x8 build/default/production/_ext/1954962658/Tick.o
                0x9fc01280                __vector_dispatch_4
                0x00000001                ASSERT (((_vector_spacing == 0x0) || (SIZEOF (.vector_4) <= (_vector_spacing << 0x5))), function at exception vector 4 too large)

.vector_5       0x9fc012a0        0x8
 *(.vector_5)
 .vector_5      0x9fc012a0        0x8 c:/program files (x86)/microchip/xc32/v1.44/bin/bin/../../lib/gcc/pic32mx/4.8.3/../../../../pic32mx/lib\libpic32.a(vector5.o)
                0x9fc012a0                __vector_dispatch_5
                0x00000001                ASSERT (((_vector_spacing == 0x0) || (SIZEOF (.vector_5) <= (_vector_spacing << 0x5))), function at exception vector 5 too large)

.vector_6       0x9fc012c0        0x8
 *(.vector_6)
 .vector_6      0x9fc012c0        0x8 c:/program files (x86)/microchip/xc32/v1.44/bin/bin/../../lib/gcc/pic32mx/4.8.3/../../../../pic32mx/lib\libpic32.a(vector6.o)
                0x9fc012c0                __vector_dispatch_6
                0x00000001                ASSERT (((_vector_spacing == 0x0) || (SIZEOF (.vector_6) <= (_vector_spacing << 0x5))), function at exception vector 6 too large)

.vector_7       0x9fc012e0        0x8
 *(.vector_7)
 .vector_7      0x9fc012e0        0x8 c:/program files (x86)/microchip/xc32/v1.44/bin/bin/../../lib/gcc/pic32mx/4.8.3/../../../../pic32mx/lib\libpic32.a(vector7.o)
                0x9fc012e0                __vector_dispatch_7
                0x00000001                ASSERT (((_vector_spacing == 0x0) || (SIZEOF (.vector_7) <= (_vector_spacing << 0x5))), function at exception vector 7 too large)

.vector_8       0x9fc01300        0x8
 *(.vector_8)
 .vector_8      0x9fc01300        0x8 c:/program files (x86)/microchip/xc32/v1.44/bin/bin/../../lib/gcc/pic32mx/4.8.3/../../../../pic32mx/lib\libpic32.a(vector8.o)
                0x9fc01300                __vector_dispatch_8
                0x00000001                ASSERT (((_vector_spacing == 0x0) || (SIZEOF (.vector_8) <= (_vector_spacing << 0x5))), function at exception vector 8 too large)

.vector_9       0x9fc01320        0x8
 *(.vector_9)
 .vector_9      0x9fc01320        0x8 c:/program files (x86)/microchip/xc32/v1.44/bin/bin/../../lib/gcc/pic32mx/4.8.3/../../../../pic32mx/lib\libpic32.a(vector9.o)
                0x9fc01320                __vector_dispatch_9
                0x00000001                ASSERT (((_vector_spacing == 0x0) || (SIZEOF (.vector_9) <= (_vector_spacing << 0x5))), function at exception vector 9 too large)

.vector_10      0x9fc01340        0x8
 *(.vector_10)
 .vector_10     0x9fc01340        0x8 c:/program files (x86)/microchip/xc32/v1.44/bin/bin/../../lib/gcc/pic32mx/4.8.3/../../../../pic32mx/lib\libpic32.a(vector10.o)
                0x9fc01340                __vector_dispatch_10
                0x00000001                ASSERT (((_vector_spacing == 0x0) || (SIZEOF (.vector_10) <= (_vector_spacing << 0x5))), function at exception vector 10 too large)

.vector_11      0x9fc01360        0x8
 *(.vector_11)
 .vector_11     0x9fc01360        0x8 c:/program files (x86)/microchip/xc32/v1.44/bin/bin/../../lib/gcc/pic32mx/4.8.3/../../../../pic32mx/lib\libpic32.a(vector11.o)
                0x9fc01360                __vector_dispatch_11
                0x00000001                ASSERT (((_vector_spacing == 0x0) || (SIZEOF (.vector_11) <= (_vector_spacing << 0x5))), function at exception vector 11 too large)

.vector_12      0x9fc01380        0x8
 *(.vector_12)
 .vector_12     0x9fc01380        0x8 c:/program files (x86)/microchip/xc32/v1.44/bin/bin/../../lib/gcc/pic32mx/4.8.3/../../../../pic32mx/lib\libpic32.a(vector12.o)
                0x9fc01380                __vector_dispatch_12
                0x00000001                ASSERT (((_vector_spacing == 0x0) || (SIZEOF (.vector_12) <= (_vector_spacing << 0x5))), function at exception vector 12 too large)

.vector_13      0x9fc013a0        0x8
 *(.vector_13)
 .vector_13     0x9fc013a0        0x8 c:/program files (x86)/microchip/xc32/v1.44/bin/bin/../../lib/gcc/pic32mx/4.8.3/../../../../pic32mx/lib\libpic32.a(vector13.o)
                0x9fc013a0                __vector_dispatch_13
                0x00000001                ASSERT (((_vector_spacing == 0x0) || (SIZEOF (.vector_13) <= (_vector_spacing << 0x5))), function at exception vector 13 too large)

.vector_14      0x9fc013c0        0x8
 *(.vector_14)
 .vector_14     0x9fc013c0        0x8 c:/program files (x86)/microchip/xc32/v1.44/bin/bin/../../lib/gcc/pic32mx/4.8.3/../../../../pic32mx/lib\libpic32.a(vector14.o)
                0x9fc013c0                __vector_dispatch_14
                0x00000001                ASSERT (((_vector_spacing == 0x0) || (SIZEOF (.vector_14) <= (_vector_spacing << 0x5))), function at exception vector 14 too large)

.vector_15      0x9fc013e0        0x8
 *(.vector_15)
 .vector_15     0x9fc013e0        0x8 c:/program files (x86)/microchip/xc32/v1.44/bin/bin/../../lib/gcc/pic32mx/4.8.3/../../../../pic32mx/lib\libpic32.a(vector15.o)
                0x9fc013e0                __vector_dispatch_15
                0x00000001                ASSERT (((_vector_spacing == 0x0) || (SIZEOF (.vector_15) <= (_vector_spacing << 0x5))), function at exception vector 15 too large)

.vector_16      0x9fc01400        0x8
 *(.vector_16)
 .vector_16     0x9fc01400        0x8 c:/program files (x86)/microchip/xc32/v1.44/bin/bin/../../lib/gcc/pic32mx/4.8.3/../../../../pic32mx/lib\libpic32.a(vector16.o)
                0x9fc01400                __vector_dispatch_16
                0x00000001                ASSERT (((_vector_spacing == 0x0) || (SIZEOF (.vector_16) <= (_vector_spacing << 0x5))), function at exception vector 16 too large)

.vector_17      0x9fc01420        0x8
 *(.vector_17)
 .vector_17     0x9fc01420        0x8 c:/program files (x86)/microchip/xc32/v1.44/bin/bin/../../lib/gcc/pic32mx/4.8.3/../../../../pic32mx/lib\libpic32.a(vector17.o)
                0x9fc01420                __vector_dispatch_17
                0x00000001                ASSERT (((_vector_spacing == 0x0) || (SIZEOF (.vector_17) <= (_vector_spacing << 0x5))), function at exception vector 17 too large)

.vector_18      0x9fc01440        0x8
 *(.vector_18)
 .vector_18     0x9fc01440        0x8 c:/program files (x86)/microchip/xc32/v1.44/bin/bin/../../lib/gcc/pic32mx/4.8.3/../../../../pic32mx/lib\libpic32.a(vector18.o)
                0x9fc01440                __vector_dispatch_18
                0x00000001                ASSERT (((_vector_spacing == 0x0) || (SIZEOF (.vector_18) <= (_vector_spacing << 0x5))), function at exception vector 18 too large)

.vector_19      0x9fc01460        0x8
 *(.vector_19)
 .vector_19     0x9fc01460        0x8 c:/program files (x86)/microchip/xc32/v1.44/bin/bin/../../lib/gcc/pic32mx/4.8.3/../../../../pic32mx/lib\libpic32.a(vector19.o)
                0x9fc01460                __vector_dispatch_19
                0x00000001                ASSERT (((_vector_spacing == 0x0) || (SIZEOF (.vector_19) <= (_vector_spacing << 0x5))), function at exception vector 19 too large)

.vector_20      0x9fc01480        0x8
 *(.vector_20)
 .vector_20     0x9fc01480        0x8 c:/program files (x86)/microchip/xc32/v1.44/bin/bin/../../lib/gcc/pic32mx/4.8.3/../../../../pic32mx/lib\libpic32.a(vector20.o)
                0x9fc01480                __vector_dispatch_20
                0x00000001                ASSERT (((_vector_spacing == 0x0) || (SIZEOF (.vector_20) <= (_vector_spacing << 0x5))), function at exception vector 20 too large)

.vector_21      0x9fc014a0        0x8
 *(.vector_21)
 .vector_21     0x9fc014a0        0x8 c:/program files (x86)/microchip/xc32/v1.44/bin/bin/../../lib/gcc/pic32mx/4.8.3/../../../../pic32mx/lib\libpic32.a(vector21.o)
                0x9fc014a0                __vector_dispatch_21
                0x00000001                ASSERT (((_vector_spacing == 0x0) || (SIZEOF (.vector_21) <= (_vector_spacing << 0x5))), function at exception vector 21 too large)

.vector_22      0x9fc014c0        0x8
 *(.vector_22)
 .vector_22     0x9fc014c0        0x8 c:/program files (x86)/microchip/xc32/v1.44/bin/bin/../../lib/gcc/pic32mx/4.8.3/../../../../pic32mx/lib\libpic32.a(vector22.o)
                0x9fc014c0                __vector_dispatch_22
                0x00000001                ASSERT (((_vector_spacing == 0x0) || (SIZEOF (.vector_22) <= (_vector_spacing << 0x5))), function at exception vector 22 too large)

.vector_23      0x9fc014e0        0x8
 *(.vector_23)
 .vector_23     0x9fc014e0        0x8 c:/program files (x86)/microchip/xc32/v1.44/bin/bin/../../lib/gcc/pic32mx/4.8.3/../../../../pic32mx/lib\libpic32.a(vector23.o)
                0x9fc014e0                __vector_dispatch_23
                0x00000001                ASSERT (((_vector_spacing == 0x0) || (SIZEOF (.vector_23) <= (_vector_spacing << 0x5))), function at exception vector 23 too large)

.vector_24      0x9fc01500        0x8
 *(.vector_24)
 .vector_24     0x9fc01500        0x8 c:/program files (x86)/microchip/xc32/v1.44/bin/bin/../../lib/gcc/pic32mx/4.8.3/../../../../pic32mx/lib\libpic32.a(vector24.o)
                0x9fc01500                __vector_dispatch_24
                0x00000001                ASSERT (((_vector_spacing == 0x0) || (SIZEOF (.vector_24) <= (_vector_spacing << 0x5))), function at exception vector 24 too large)

.vector_25      0x9fc01520        0x8
 *(.vector_25)
 .vector_25     0x9fc01520        0x8 c:/program files (x86)/microchip/xc32/v1.44/bin/bin/../../lib/gcc/pic32mx/4.8.3/../../../../pic32mx/lib\libpic32.a(vector25.o)
                0x9fc01520                __vector_dispatch_25
                0x00000001                ASSERT (((_vector_spacing == 0x0) || (SIZEOF (.vector_25) <= (_vector_spacing << 0x5))), function at exception vector 25 too large)

.vector_26      0x9fc01540        0x8
 *(.vector_26)
 .vector_26     0x9fc01540        0x8 c:/program files (x86)/microchip/xc32/v1.44/bin/bin/../../lib/gcc/pic32mx/4.8.3/../../../../pic32mx/lib\libpic32.a(vector26.o)
                0x9fc01540                __vector_dispatch_26
                0x00000001                ASSERT (((_vector_spacing == 0x0) || (SIZEOF (.vector_26) <= (_vector_spacing << 0x5))), function at exception vector 26 too large)

.vector_27      0x9fc01560        0x8
 *(.vector_27)
 .vector_27     0x9fc01560        0x8 c:/program files (x86)/microchip/xc32/v1.44/bin/bin/../../lib/gcc/pic32mx/4.8.3/../../../../pic32mx/lib\libpic32.a(vector27.o)
                0x9fc01560                __vector_dispatch_27
                0x00000001                ASSERT (((_vector_spacing == 0x0) || (SIZEOF (.vector_27) <= (_vector_spacing << 0x5))), function at exception vector 27 too large)

.vector_28      0x9fc01580        0x8
 *(.vector_28)
 .vector_28     0x9fc01580        0x8 c:/program files (x86)/microchip/xc32/v1.44/bin/bin/../../lib/gcc/pic32mx/4.8.3/../../../../pic32mx/lib\libpic32.a(vector28.o)
                0x9fc01580                __vector_dispatch_28
                0x00000001                ASSERT (((_vector_spacing == 0x0) || (SIZEOF (.vector_28) <= (_vector_spacing << 0x5))), function at exception vector 28 too large)

.vector_29      0x9fc015a0        0x8
 *(.vector_29)
 .vector_29     0x9fc015a0        0x8 c:/program files (x86)/microchip/xc32/v1.44/bin/bin/../../lib/gcc/pic32mx/4.8.3/../../../../pic32mx/lib\libpic32.a(vector29.o)
                0x9fc015a0                __vector_dispatch_29
                0x00000001                ASSERT (((_vector_spacing == 0x0) || (SIZEOF (.vector_29) <= (_vector_spacing << 0x5))), function at exception vector 29 too large)

.vector_30      0x9fc015c0        0x8
 *(.vector_30)
 .vector_30     0x9fc015c0        0x8 c:/program files (x86)/microchip/xc32/v1.44/bin/bin/../../lib/gcc/pic32mx/4.8.3/../../../../pic32mx/lib\libpic32.a(vector30.o)
                0x9fc015c0                __vector_dispatch_30
                0x00000001                ASSERT (((_vector_spacing == 0x0) || (SIZEOF (.vector_30) <= (_vector_spacing << 0x5))), function at exception vector 30 too large)

.vector_31      0x9fc015e0        0x8
 *(.vector_31)
 .vector_31     0x9fc015e0        0x8 c:/program files (x86)/microchip/xc32/v1.44/bin/bin/../../lib/gcc/pic32mx/4.8.3/../../../../pic32mx/lib\libpic32.a(vector31.o)
                0x9fc015e0                __vector_dispatch_31
                0x00000001                ASSERT (((_vector_spacing == 0x0) || (SIZEOF (.vector_31) <= (_vector_spacing << 0x5))), function at exception vector 31 too large)

.vector_32      0x9fc01600        0x8
 *(.vector_32)
 .vector_32     0x9fc01600        0x8 c:/program files (x86)/microchip/xc32/v1.44/bin/bin/../../lib/gcc/pic32mx/4.8.3/../../../../pic32mx/lib\libpic32.a(vector32.o)
                0x9fc01600                __vector_dispatch_32
                0x00000001                ASSERT (((_vector_spacing == 0x0) || (SIZEOF (.vector_32) <= (_vector_spacing << 0x5))), function at exception vector 32 too large)

.vector_33      0x9fc01620        0x8
 *(.vector_33)
 .vector_33     0x9fc01620        0x8 c:/program files (x86)/microchip/xc32/v1.44/bin/bin/../../lib/gcc/pic32mx/4.8.3/../../../../pic32mx/lib\libpic32.a(vector33.o)
                0x9fc01620                __vector_dispatch_33
                0x00000001                ASSERT (((_vector_spacing == 0x0) || (SIZEOF (.vector_33) <= (_vector_spacing << 0x5))), function at exception vector 33 too large)

.vector_34      0x9fc01640        0x8
 *(.vector_34)
 .vector_34     0x9fc01640        0x8 c:/program files (x86)/microchip/xc32/v1.44/bin/bin/../../lib/gcc/pic32mx/4.8.3/../../../../pic32mx/lib\libpic32.a(vector34.o)
                0x9fc01640                __vector_dispatch_34
                0x00000001                ASSERT (((_vector_spacing == 0x0) || (SIZEOF (.vector_34) <= (_vector_spacing << 0x5))), function at exception vector 34 too large)

.vector_35      0x9fc01660        0x8
 *(.vector_35)
 .vector_35     0x9fc01660        0x8 c:/program files (x86)/microchip/xc32/v1.44/bin/bin/../../lib/gcc/pic32mx/4.8.3/../../../../pic32mx/lib\libpic32.a(vector35.o)
                0x9fc01660                __vector_dispatch_35
                0x00000001                ASSERT (((_vector_spacing == 0x0) || (SIZEOF (.vector_35) <= (_vector_spacing << 0x5))), function at exception vector 35 too large)

.vector_36      0x9fc01680        0x8
 *(.vector_36)
 .vector_36     0x9fc01680        0x8 c:/program files (x86)/microchip/xc32/v1.44/bin/bin/../../lib/gcc/pic32mx/4.8.3/../../../../pic32mx/lib\libpic32.a(vector36.o)
                0x9fc01680                __vector_dispatch_36
                0x00000001                ASSERT (((_vector_spacing == 0x0) || (SIZEOF (.vector_36) <= (_vector_spacing << 0x5))), function at exception vector 36 too large)

.vector_37      0x9fc016a0        0x8
 *(.vector_37)
 .vector_37     0x9fc016a0        0x8 c:/program files (x86)/microchip/xc32/v1.44/bin/bin/../../lib/gcc/pic32mx/4.8.3/../../../../pic32mx/lib\libpic32.a(vector37.o)
                0x9fc016a0                __vector_dispatch_37
                0x00000001                ASSERT (((_vector_spacing == 0x0) || (SIZEOF (.vector_37) <= (_vector_spacing << 0x5))), function at exception vector 37 too large)

.vector_38      0x9fc016c0        0x8
 *(.vector_38)
 .vector_38     0x9fc016c0        0x8 c:/program files (x86)/microchip/xc32/v1.44/bin/bin/../../lib/gcc/pic32mx/4.8.3/../../../../pic32mx/lib\libpic32.a(vector38.o)
                0x9fc016c0                __vector_dispatch_38
                0x00000001                ASSERT (((_vector_spacing == 0x0) || (SIZEOF (.vector_38) <= (_vector_spacing << 0x5))), function at exception vector 38 too large)

.vector_39      0x9fc016e0        0x8
 *(.vector_39)
 .vector_39     0x9fc016e0        0x8 c:/program files (x86)/microchip/xc32/v1.44/bin/bin/../../lib/gcc/pic32mx/4.8.3/../../../../pic32mx/lib\libpic32.a(vector39.o)
                0x9fc016e0                __vector_dispatch_39
                0x00000001                ASSERT (((_vector_spacing == 0x0) || (SIZEOF (.vector_39) <= (_vector_spacing << 0x5))), function at exception vector 39 too large)

.vector_40      0x9fc01700        0x8
 *(.vector_40)
 .vector_40     0x9fc01700        0x8 c:/program files (x86)/microchip/xc32/v1.44/bin/bin/../../lib/gcc/pic32mx/4.8.3/../../../../pic32mx/lib\libpic32.a(vector40.o)
                0x9fc01700                __vector_dispatch_40
                0x00000001                ASSERT (((_vector_spacing == 0x0) || (SIZEOF (.vector_40) <= (_vector_spacing << 0x5))), function at exception vector 40 too large)

.vector_41      0x9fc01720        0x8
 *(.vector_41)
 .vector_41     0x9fc01720        0x8 c:/program files (x86)/microchip/xc32/v1.44/bin/bin/../../lib/gcc/pic32mx/4.8.3/../../../../pic32mx/lib\libpic32.a(vector41.o)
                0x9fc01720                __vector_dispatch_41
                0x00000001                ASSERT (((_vector_spacing == 0x0) || (SIZEOF (.vector_41) <= (_vector_spacing << 0x5))), function at exception vector 41 too large)

.vector_42      0x9fc01740        0x8
 *(.vector_42)
 .vector_42     0x9fc01740        0x8 c:/program files (x86)/microchip/xc32/v1.44/bin/bin/../../lib/gcc/pic32mx/4.8.3/../../../../pic32mx/lib\libpic32.a(vector42.o)
                0x9fc01740                __vector_dispatch_42
                0x00000001                ASSERT (((_vector_spacing == 0x0) || (SIZEOF (.vector_42) <= (_vector_spacing << 0x5))), function at exception vector 42 too large)

.vector_43      0x9fc01760        0x8
 *(.vector_43)
 .vector_43     0x9fc01760        0x8 c:/program files (x86)/microchip/xc32/v1.44/bin/bin/../../lib/gcc/pic32mx/4.8.3/../../../../pic32mx/lib\libpic32.a(vector43.o)
                0x9fc01760                __vector_dispatch_43
                0x00000001                ASSERT (((_vector_spacing == 0x0) || (SIZEOF (.vector_43) <= (_vector_spacing << 0x5))), function at exception vector 43 too large)

.vector_44      0x9fc01780        0x8
 *(.vector_44)
 .vector_44     0x9fc01780        0x8 c:/program files (x86)/microchip/xc32/v1.44/bin/bin/../../lib/gcc/pic32mx/4.8.3/../../../../pic32mx/lib\libpic32.a(vector44.o)
                0x9fc01780                __vector_dispatch_44
                0x00000001                ASSERT (((_vector_spacing == 0x0) || (SIZEOF (.vector_44) <= (_vector_spacing << 0x5))), function at exception vector 44 too large)

.vector_45      0x9fc017a0        0x8
 *(.vector_45)
 .vector_45     0x9fc017a0        0x8 c:/program files (x86)/microchip/xc32/v1.44/bin/bin/../../lib/gcc/pic32mx/4.8.3/../../../../pic32mx/lib\libpic32.a(vector45.o)
                0x9fc017a0                __vector_dispatch_45
                0x00000001                ASSERT (((_vector_spacing == 0x0) || (SIZEOF (.vector_45) <= (_vector_spacing << 0x5))), function at exception vector 45 too large)

.vector_46      0x9fc017c0        0x0
 *(.vector_46)
                0x00000001                ASSERT (((_vector_spacing == 0x0) || (SIZEOF (.vector_46) <= (_vector_spacing << 0x5))), function at exception vector 46 too large)

.vector_47      0x9fc017e0        0x0
 *(.vector_47)
                0x00000001                ASSERT (((_vector_spacing == 0x0) || (SIZEOF (.vector_47) <= (_vector_spacing << 0x5))), function at exception vector 47 too large)

.vector_48      0x9fc01800        0x0
 *(.vector_48)
                0x00000001                ASSERT (((_vector_spacing == 0x0) || (SIZEOF (.vector_48) <= (_vector_spacing << 0x5))), function at exception vector 48 too large)

.vector_49      0x9fc01820        0x0
 *(.vector_49)
                0x00000001                ASSERT (((_vector_spacing == 0x0) || (SIZEOF (.vector_49) <= (_vector_spacing << 0x5))), function at exception vector 49 too large)

.vector_50      0x9fc01840        0x0
 *(.vector_50)
                0x00000001                ASSERT (((_vector_spacing == 0x0) || (SIZEOF (.vector_50) <= (_vector_spacing << 0x5))), function at exception vector 50 too large)

.vector_51      0x9fc01860        0x0
 *(.vector_51)
                0x00000001                ASSERT (((_vector_spacing == 0x0) || (SIZEOF (.vector_51) <= (_vector_spacing << 0x5))), function at exception vector 51 too large)

.vector_52      0x9fc01880        0x0
 *(.vector_52)
                0x00000001                ASSERT (((_vector_spacing == 0x0) || (SIZEOF (.vector_52) <= (_vector_spacing << 0x5))), function at exception vector 52 too large)

.vector_53      0x9fc018a0        0x0
 *(.vector_53)
                0x00000001                ASSERT (((_vector_spacing == 0x0) || (SIZEOF (.vector_53) <= (_vector_spacing << 0x5))), function at exception vector 53 too large)

.vector_54      0x9fc018c0        0x0
 *(.vector_54)
                0x00000001                ASSERT (((_vector_spacing == 0x0) || (SIZEOF (.vector_54) <= (_vector_spacing << 0x5))), function at exception vector 54 too large)

.vector_55      0x9fc018e0        0x0
 *(.vector_55)
                0x00000001                ASSERT (((_vector_spacing == 0x0) || (SIZEOF (.vector_55) <= (_vector_spacing << 0x5))), function at exception vector 55 too large)

.vector_56      0x9fc01900        0x0
 *(.vector_56)
                0x00000001                ASSERT (((_vector_spacing == 0x0) || (SIZEOF (.vector_56) <= (_vector_spacing << 0x5))), function at exception vector 56 too large)

.vector_57      0x9fc01920        0x0
 *(.vector_57)
                0x00000001                ASSERT (((_vector_spacing == 0x0) || (SIZEOF (.vector_57) <= (_vector_spacing << 0x5))), function at exception vector 57 too large)

.vector_58      0x9fc01940        0x0
 *(.vector_58)
                0x00000001                ASSERT (((_vector_spacing == 0x0) || (SIZEOF (.vector_58) <= (_vector_spacing << 0x5))), function at exception vector 58 too large)

.vector_59      0x9fc01960        0x0
 *(.vector_59)
                0x00000001                ASSERT (((_vector_spacing == 0x0) || (SIZEOF (.vector_59) <= (_vector_spacing << 0x5))), function at exception vector 59 too large)

.vector_60      0x9fc01980        0x0
 *(.vector_60)
                0x00000001                ASSERT (((_vector_spacing == 0x0) || (SIZEOF (.vector_60) <= (_vector_spacing << 0x5))), function at exception vector 60 too large)

.vector_61      0x9fc019a0        0x0
 *(.vector_61)
                0x00000001                ASSERT (((_vector_spacing == 0x0) || (SIZEOF (.vector_61) <= (_vector_spacing << 0x5))), function at exception vector 61 too large)

.vector_62      0x9fc019c0        0x0
 *(.vector_62)
                0x00000001                ASSERT (((_vector_spacing == 0x0) || (SIZEOF (.vector_62) <= (_vector_spacing << 0x5))), function at exception vector 62 too large)

.vector_63      0x9fc019e0        0x0
 *(.vector_63)
                0x00000001                ASSERT (((_vector_spacing == 0x0) || (SIZEOF (.vector_63) <= (_vector_spacing << 0x5))), function at exception vector 63 too large)

.startup
 *(.startup)

.text           0x9d000000        0x0
 *(.stub .gnu.linkonce.t.*)
 *(.text.*personality*)
 *(.mips16.fn.*)
 *(.mips16.call.*)
 *(.gnu.warning)
                0x9d000000                . = ALIGN (0x4)

.init           0x9d000000        0x0
 *crti.o(.init)
 *crtbegin.o(.init)
 *(EXCLUDE_FILE(*crtn.o *crtend?.o *crtend.o) .init)
 *crtend.o(.init)
 *crtn.o(.init)
                0x9d000000                . = ALIGN (0x4)

.fini           0x9d000000        0x0
 *(.fini)
                0x9d000000                . = ALIGN (0x4)

.preinit_array  0x9d000000        0x0
                0x9d000000                PROVIDE (__preinit_array_start, .)
 *(.preinit_array)
                0x9d000000                PROVIDE (__preinit_array_end, .)
                0x9d000000                . = ALIGN (0x4)

.init_array     0x9d000000        0x0
                0x9d000000                PROVIDE (__init_array_start, .)
 *(SORT(.init_array.*))
 *(.init_array)
                0x9d000000                PROVIDE (__init_array_end, .)
                0x9d000000                . = ALIGN (0x4)

.fini_array     0x9d000000        0x0
                0x9d000000                PROVIDE (__fini_array_start, .)
 *(SORT(.fini_array.*))
 *(.fini_array)
                0x9d000000                PROVIDE (__fini_array_end, .)
                0x9d000000                . = ALIGN (0x4)

.ctors          0x9d000000        0x0
 *crtbegin.o(.ctors)
 *crtbegin?.o(.ctors)
 *(EXCLUDE_FILE(*crtend?.o *crtend.o) .ctors)
 *(SORT(.ctors.*))
 *(.ctors)
                0x9d000000                . = ALIGN (0x4)

.dtors          0x9d000000        0x0
 *crtbegin.o(.dtors)
 *crtbegin?.o(.dtors)
 *(EXCLUDE_FILE(*crtend?.o *crtend.o) .dtors)
 *(SORT(.dtors.*))
 *(.dtors)
                0x9d000000                . = ALIGN (0x4)

.rodata         0x9d000000        0x0
 *(.gnu.linkonce.r.*)
 *(.rodata1)
                0x9d000000                . = ALIGN (0x4)

.sdata2         0x9fc00490        0x0
 *(.sdata2 .sdata2.* .gnu.linkonce.s2.*)
                0x9fc00490                . = ALIGN (0x4)

.sbss2          0x9fc00490        0x0
 *(.sbss2 .sbss2.* .gnu.linkonce.sb2.*)
                0x9fc00490                . = ALIGN (0x4)

.eh_frame_hdr
 *(.eh_frame_hdr)
                0x9fc00490                . = ALIGN (0x4)

.eh_frame
 *(.eh_frame)
                0x9fc00490                . = ALIGN (0x4)

.gcc_except_table
 *(.gcc_except_table .gcc_except_table.*)
                0x9fc00490                . = ALIGN (0x4)

.dbg_data       0xa0000000        0x0
                0xa0000000                . = (. + DEFINED (_DEBUGGER)?0x200:0x0)

.jcr            0xa0000000        0x0
 *(.jcr)
                0xa0000000                . = ALIGN (0x4)

.eh_frame
 *(.eh_frame)
                0xa0000000                . = ALIGN (0x4)

.gcc_except_table
 *(.gcc_except_table .gcc_except_table.*)
                0xa0000000                . = ALIGN (0x4)

.persist        0xa0000000        0x0
                0xa0000000                _persist_begin = .
 *(.persist .persist.*)
 *(.pbss .pbss.*)
                0xa0000000                . = ALIGN (0x4)
                0xa0000000                _persist_end = .

.data           0xa0000000        0x0
 *(.gnu.linkonce.d.*)
 *(.data1)
                0xa0000000                . = ALIGN (0x4)
                0xa0000000                . = .
                0xa0007ff0                _gp = (ALIGN (0x10) + 0x7ff0)

.got            0xa0000000        0x0
 *(.got.plt)
 *(.got)
                0xa0000000                . = ALIGN (0x4)

.sdata          0xa0000000       0x30
                0xa0000000                _sdata_begin = .
 *(.sdata .sdata.* .gnu.linkonce.s.*)
 .sdata         0xa0000000        0x4 build/default/production/_ext/1472/BerkeleyTCPClientDemo.o
 .sdata         0xa0000004        0xc build/default/production/_ext/1472/GenericTCPClient.o
 .sdata         0xa0000010        0x2 build/default/production/_ext/1954962658/BerkeleyAPI.o
 *fill*         0xa0000012        0x2 
 .sdata         0xa0000014        0x4 build/default/production/_ext/1954962658/DHCPs.o
                0xa0000014                bDHCPServerEnabled
 .sdata         0xa0000018        0x8 build/default/production/_ext/1954962658/DNS.o
 .sdata         0xa0000020        0x4 build/default/production/_ext/1954962658/Helpers.o
 .sdata         0xa0000024        0x1 build/default/production/_ext/1954962658/Reboot.o
 .sdata         0xa0000025        0x1 build/default/production/_ext/1954962658/SMTP.o
 .sdata         0xa0000026        0x1 build/default/production/_ext/1954962658/SNTP.o
 .sdata         0xa0000027        0x2 build/default/production/_ext/1954962658/TCP.o
 .sdata         0xa0000029        0x2 build/default/production/_ext/1954962658/TCPPerformanceTest.o
 .sdata         0xa000002b        0x2 build/default/production/_ext/1954962658/UDP.o
                0xa0000030                . = ALIGN (0x4)
 *fill*         0xa000002d        0x3 
                0xa0000030                _sdata_end = .

.lit8
 *(.lit8)

.lit4
 *(.lit4)
                0xa0000030                . = ALIGN (0x4)
                0xa0000030                _data_end = .
                0xa0000030                _bss_begin = .

.sbss           0xa0000030      0x158
                0xa0000030                _sbss_begin = .
 *(.dynsbss)
 *(.sbss .sbss.* .gnu.linkonce.sb.*)
 .sbss          0xa0000030        0x1 build/default/production/_ext/1472/BerkeleyTCPClientDemo.o
 *fill*         0xa0000031        0x3 
 .sbss          0xa0000034        0x8 build/default/production/_ext/1472/BerkeleyTCPServerDemo.o
 .sbss          0xa000003c       0x18 build/default/production/_ext/1472/BerkeleyUDPClientDemo.o
 .sbss          0xa0000054        0x4 build/default/production/_ext/1472/GenericTCPClient.o
 .sbss          0xa0000058        0x8 build/default/production/_ext/1472/GenericTCPServer.o
 .sbss          0xa0000060        0x8 build/default/production/_ext/1472/PingDemo.o
 .sbss          0xa0000068        0x8 build/default/production/_ext/1472/SMTPDemo.o
 .sbss          0xa0000070        0x8 build/default/production/_ext/1954962658/Announce.o
 .sbss          0xa0000078        0x4 build/default/production/_ext/1954962658/ARP.o
 .sbss          0xa000007c        0x4 build/default/production/_ext/1954962658/BerkeleyAPI.o
 .sbss          0xa0000080        0x4 build/default/production/_ext/1954962658/DHCP.o
                0xa0000080                DHCPClientInitializedOnce
 .sbss          0xa0000084        0xc build/default/production/_ext/1954962658/DHCPs.o
 .sbss          0xa0000090       0x14 build/default/production/_ext/1954962658/DNS.o
 .sbss          0xa00000a4        0xc build/default/production/_ext/1954962658/ENCX24J600.o
 .sbss          0xa00000b0       0x10 build/default/production/_ext/1954962658/ICMP.o
 .sbss          0xa00000c0        0x4 build/default/production/_ext/1954962658/IP.o
 .sbss          0xa00000c4        0x8 build/default/production/_ext/1954962658/MPFS2.o
 .sbss          0xa00000cc        0x8 build/default/production/_ext/1954962658/NBNS.o
 .sbss          0xa00000d4       0x34 build/default/production/_ext/1954962658/SMTP.o
 .sbss          0xa0000108       0x10 build/default/production/_ext/1954962658/SNTP.o
 .sbss          0xa0000118        0xc build/default/production/_ext/1954962658/StackTsk.o
 .sbss          0xa0000124       0x14 build/default/production/_ext/1954962658/TCPPerformanceTest.o
 .sbss          0xa0000138       0x10 build/default/production/_ext/1954962658/Telnet.o
 .sbss          0xa0000148        0xc build/default/production/_ext/1954962658/Tick.o
 .sbss          0xa0000154        0x8 build/default/production/_ext/1954962658/UDP.o
 .sbss          0xa000015c       0x10 build/default/production/_ext/1472/CustomHTTPApp.o
 .sbss          0xa000016c        0xc build/default/production/_ext/1472/MainDemo.o
 *(.scommon)
 .scommon       0xa0000178        0x1 build/default/production/_ext/1954962658/HTTP2.o
                0xa0000178                curHTTPID
 *fill*         0xa0000179        0x1 
 .scommon       0xa000017a        0x6 build/default/production/_ext/1954962658/UDP.o
                0xa000017a                UDPTxCount
                0xa000017c                activeUDPSocket
                0xa000017e                UDPRxCount
 .scommon       0xa0000180        0x8 build/default/production/_ext/1472/MainDemo.o
                0xa0000180                AN0String
                0xa0000188                _sbss_end = .
                0xa0000188                . = ALIGN (0x4)

.bss            0xa0000188      0x228
 *(.dynbss)
 *(COMMON)
 COMMON         0xa0000188       0x40 build/default/production/_ext/1954962658/Hashes.o
                0xa0000188                lastBlock
 COMMON         0xa00001c8       0x9c build/default/production/_ext/1954962658/HTTP2.o
                0xa00001c8                curHTTP
                0xa0000254                httpStubs
 COMMON         0xa0000264       0x2c build/default/production/_ext/1954962658/SMTP.o
                0xa0000264                SMTPClient
 COMMON         0xa0000290        0xa build/default/production/_ext/1954962658/StackTsk.o
                0xa0000290                remoteNode
 *fill*         0xa000029a        0x2 
 COMMON         0xa000029c       0xe0 build/default/production/_ext/1954962658/UDP.o
                0xa000029c                UDPSocketInfo
 COMMON         0xa000037c       0x33 build/default/production/_ext/1472/MainDemo.o
                0xa000037c                AppConfig
                0xa00003b0                . = ALIGN ((. != 0x0)?0x4:0x1)
 *fill*         0xa00003af        0x1 
                0xa00003b0                . = ALIGN (0x4)
                0xa00003b0                _end = .
                0xa00003b0                _bss_end = .
                0x00008000                _bmxdudba_address = 0x8000
                0x00008000                _bmxdupba_address = 0x8000

/DISCARD/
 *(.pdr)
 *(.rel.dyn)
 *(.note.GNU-stack)
 *(.note.GNU-stack)
 *(.gnu_debuglink)
 *(.gnu.lto_*)
 *(.discard)

.gptab.sdata
 *(.gptab.data)
 *(.gptab.sdata)

.gptab.sbss
 *(.gptab.bss)
 *(.gptab.sbss)

.mdebug.abi32   0xa00003b0        0x0
 *(.mdebug.abi32)
 .mdebug.abi32  0xa00003b0        0x0 build/default/production/_ext/1472/BerkeleyTCPClientDemo.o
 .mdebug.abi32  0xa00003b0        0x0 build/default/production/_ext/1472/BerkeleyTCPServerDemo.o
 .mdebug.abi32  0xa00003b0        0x0 build/default/production/_ext/1472/BerkeleyUDPClientDemo.o
 .mdebug.abi32  0xa00003b0        0x0 build/default/production/_ext/1472/GenericTCPClient.o
 .mdebug.abi32  0xa00003b0        0x0 build/default/production/_ext/1472/GenericTCPServer.o
 .mdebug.abi32  0xa00003b0        0x0 build/default/production/_ext/1472/PingDemo.o
 .mdebug.abi32  0xa00003b0        0x0 build/default/production/_ext/1472/SMTPDemo.o
 .mdebug.abi32  0xa00003b0        0x0 build/default/production/_ext/1472/UARTConfig.o
 .mdebug.abi32  0xa00003b0        0x0 build/default/production/_ext/1954962658/Announce.o
 .mdebug.abi32  0xa00003b0        0x0 build/default/production/_ext/1954962658/ARCFOUR.o
 .mdebug.abi32  0xa00003b0        0x0 build/default/production/_ext/1954962658/ARP.o
 .mdebug.abi32  0xa00003b0        0x0 build/default/production/_ext/1954962658/AutoIP.o
 .mdebug.abi32  0xa00003b0        0x0 build/default/production/_ext/1954962658/BerkeleyAPI.o
 .mdebug.abi32  0xa00003b0        0x0 build/default/production/_ext/1954962658/BigInt.o
 .mdebug.abi32  0xa00003b0        0x0 build/default/production/_ext/1954962658/Delay.o
 .mdebug.abi32  0xa00003b0        0x0 build/default/production/_ext/1954962658/DHCP.o
 .mdebug.abi32  0xa00003b0        0x0 build/default/production/_ext/1954962658/DHCPs.o
 .mdebug.abi32  0xa00003b0        0x0 build/default/production/_ext/1954962658/DNS.o
 .mdebug.abi32  0xa00003b0        0x0 build/default/production/_ext/1954962658/DNSs.o
 .mdebug.abi32  0xa00003b0        0x0 build/default/production/_ext/1954962658/DynDNS.o
 .mdebug.abi32  0xa00003b0        0x0 build/default/production/_ext/1954962658/ENC28J60.o
 .mdebug.abi32  0xa00003b0        0x0 build/default/production/_ext/1954962658/ENCX24J600.o
 .mdebug.abi32  0xa00003b0        0x0 build/default/production/_ext/1954962658/FileSystem.o
 .mdebug.abi32  0xa00003b0        0x0 build/default/production/_ext/1954962658/FTP.o
 .mdebug.abi32  0xa00003b0        0x0 build/default/production/_ext/1954962658/Hashes.o
 .mdebug.abi32  0xa00003b0        0x0 build/default/production/_ext/1954962658/Helpers.o
 .mdebug.abi32  0xa00003b0        0x0 build/default/production/_ext/1954962658/HTTP2.o
 .mdebug.abi32  0xa00003b0        0x0 build/default/production/_ext/1954962658/ICMP.o
 .mdebug.abi32  0xa00003b0        0x0 build/default/production/_ext/1954962658/IP.o
 .mdebug.abi32  0xa00003b0        0x0 build/default/production/_ext/1954962658/LCDBlocking.o
 .mdebug.abi32  0xa00003b0        0x0 build/default/production/_ext/1954962658/MPFS2.o
 .mdebug.abi32  0xa00003b0        0x0 build/default/production/_ext/1954962658/NBNS.o
 .mdebug.abi32  0xa00003b0        0x0 build/default/production/_ext/1954962658/Random.o
 .mdebug.abi32  0xa00003b0        0x0 build/default/production/_ext/1954962658/Reboot.o
 .mdebug.abi32  0xa00003b0        0x0 build/default/production/_ext/1954962658/RSA.o
 .mdebug.abi32  0xa00003b0        0x0 build/default/production/_ext/1954962658/SMTP.o
 .mdebug.abi32  0xa00003b0        0x0 build/default/production/_ext/1954962658/SNMP.o
 .mdebug.abi32  0xa00003b0        0x0 build/default/production/_ext/1954962658/SNMPv3.o
 .mdebug.abi32  0xa00003b0        0x0 build/default/production/_ext/1954962658/SNMPv3USM.o
 .mdebug.abi32  0xa00003b0        0x0 build/default/production/_ext/1954962658/SNTP.o
 .mdebug.abi32  0xa00003b0        0x0 build/default/production/_ext/1954962658/SPIEEPROM.o
 .mdebug.abi32  0xa00003b0        0x0 build/default/production/_ext/1954962658/SPIFlash.o
 .mdebug.abi32  0xa00003b0        0x0 build/default/production/_ext/1954962658/SPIRAM.o
 .mdebug.abi32  0xa00003b0        0x0 build/default/production/_ext/1954962658/SSL.o
 .mdebug.abi32  0xa00003b0        0x0 build/default/production/_ext/1954962658/StackTsk.o
 .mdebug.abi32  0xa00003b0        0x0 build/default/production/_ext/1954962658/TCP.o
 .mdebug.abi32  0xa00003b0        0x0 build/default/production/_ext/1954962658/TCPPerformanceTest.o
 .mdebug.abi32  0xa00003b0        0x0 build/default/production/_ext/1954962658/Telnet.o
 .mdebug.abi32  0xa00003b0        0x0 build/default/production/_ext/1954962658/TFTPc.o
 .mdebug.abi32  0xa00003b0        0x0 build/default/production/_ext/1954962658/Tick.o
 .mdebug.abi32  0xa00003b0        0x0 build/default/production/_ext/1954962658/UART2TCPBridge.o
 .mdebug.abi32  0xa00003b0        0x0 build/default/production/_ext/1954962658/UART.o
 .mdebug.abi32  0xa00003b0        0x0 build/default/production/_ext/1954962658/UDP.o
 .mdebug.abi32  0xa00003b0        0x0 build/default/production/_ext/1954962658/UDPPerformanceTest.o
 .mdebug.abi32  0xa00003b0        0x0 build/default/production/_ext/1954962658/ZeroconfHelper.o
 .mdebug.abi32  0xa00003b0        0x0 build/default/production/_ext/1954962658/ZeroconfLinkLocal.o
 .mdebug.abi32  0xa00003b0        0x0 build/default/production/_ext/1954962658/ZeroconfMulticastDNS.o
 .mdebug.abi32  0xa00003b0        0x0 build/default/production/_ext/1472/MPFSImg2.o
 .mdebug.abi32  0xa00003b0        0x0 build/default/production/_ext/1472/CustomHTTPApp.o
 .mdebug.abi32  0xa00003b0        0x0 build/default/production/_ext/1472/CustomSNMPApp.o
 .mdebug.abi32  0xa00003b0        0x0 build/default/production/_ext/1472/CustomSSLCert.o
 .mdebug.abi32  0xa00003b0        0x0 build/default/production/_ext/1472/MainDemo.o
 .mdebug.abi32  0xa00003b0        0x0 c:/program files (x86)/microchip/xc32/v1.44/bin/bin/../../lib/gcc/pic32mx/4.8.3/../../../../pic32mx/lib\libmchp_peripheral_32MX460F512L.a(soft_reset_lib.o)
 .mdebug.abi32  0xa00003b0        0x0 c:/program files (x86)/microchip/xc32/v1.44/bin/bin/../../lib/gcc/pic32mx/4.8.3/../../../../pic32mx/lib\libmchp_peripheral_32MX460F512L.a(pcache.o)
 .mdebug.abi32  0xa00003b0        0x0 c:/program files (x86)/microchip/xc32/v1.44/bin/bin/../../lib/gcc/pic32mx/4.8.3/../../../../pic32mx/lib\libmchp_peripheral_32MX460F512L.a(int_disable_interrupts_lib.o)
 .mdebug.abi32  0xa00003b0        0x0 c:/program files (x86)/microchip/xc32/v1.44/bin/bin/../../lib/gcc/pic32mx/4.8.3/../../../../pic32mx/lib\libmchp_peripheral_32MX460F512L.a(int_restore_interrupts_lib.o)
 .mdebug.abi32  0xa00003b0        0x0 c:/program files (x86)/microchip/xc32/v1.44/bin/bin/../../lib/gcc/pic32mx/4.8.3/../../../../pic32mx/lib\libmchp_peripheral_32MX460F512L.a(int_enable_mv_int_lib.o)
 .mdebug.abi32  0xa00003b0        0x0 c:/program files (x86)/microchip/xc32/v1.44/bin/bin/../../lib/gcc/pic32mx/4.8.3/../../../../pic32mx/lib\libmchp_peripheral_32MX460F512L.a(puts_uartx_lib_legacy.o)
 .mdebug.abi32  0xa00003b0        0x0 c:/program files (x86)/microchip/xc32/v1.44/bin/bin/../../lib/gcc/pic32mx/4.8.3/../../../../pic32mx/lib\libmchp_peripheral_32MX460F512L.a(int_enable_interrupts_lib.o)
 .mdebug.abi32  0xa00003b0        0x0 c:/program files (x86)/microchip/xc32/v1.44/bin/bin/../../lib/gcc/pic32mx/4.8.3\libgcc.a(_udivdi3.o)
 .mdebug.abi32  0xa00003b0        0x0 c:/program files (x86)/microchip/xc32/v1.44/bin/bin/../../lib/gcc/pic32mx/4.8.3/../../../../pic32mx/lib\libpic32.a(default-bootstrap-exception-handler.o)
 .mdebug.abi32  0xa00003b0        0x0 c:/program files (x86)/microchip/xc32/v1.44/bin/bin/../../lib/gcc/pic32mx/4.8.3/../../../../pic32mx/lib\libpic32.a(default-on-reset.o)
 .mdebug.abi32  0xa00003b0        0x0 c:/program files (x86)/microchip/xc32/v1.44/bin/bin/../../lib/gcc/pic32mx/4.8.3/../../../../pic32mx/lib\libpic32.a(default-on-bootstrap.o)
 .mdebug.abi32  0xa00003b0        0x0 c:/program files (x86)/microchip/xc32/v1.44/bin/bin/../../lib/gcc/pic32mx/4.8.3/../../../../pic32mx/lib\libpic32.a(defaultinterrupt.o)
 .mdebug.abi32  0xa00003b0        0x0 c:/program files (x86)/microchip/xc32/v1.44/bin/bin/../../lib/gcc/pic32mx/4.8.3/../../../../pic32mx/lib\libc.a(atoi.o)
 .mdebug.abi32  0xa00003b0        0x0 c:/program files (x86)/microchip/xc32/v1.44/bin/bin/../../lib/gcc/pic32mx/4.8.3/../../../../pic32mx/lib\libc.a(atol.o)
 .mdebug.abi32  0xa00003b0        0x0 c:/program files (x86)/microchip/xc32/v1.44/bin/bin/../../lib/gcc/pic32mx/4.8.3/../../../../pic32mx/lib\libc.a(ctype.o)
 .mdebug.abi32  0xa00003b0        0x0 c:/program files (x86)/microchip/xc32/v1.44/bin/bin/../../lib/gcc/pic32mx/4.8.3/../../../../pic32mx/lib\libc.a(ltoa.o)
 .mdebug.abi32  0xa00003b0        0x0 c:/program files (x86)/microchip/xc32/v1.44/bin/bin/../../lib/gcc/pic32mx/4.8.3/../../../../pic32mx/lib\libc.a(strchr.o)
 .mdebug.abi32  0xa00003b0        0x0 c:/program files (x86)/microchip/xc32/v1.44/bin/bin/../../lib/gcc/pic32mx/4.8.3/../../../../pic32mx/lib\libc.a(strncpy.o)
 .mdebug.abi32  0xa00003b0        0x0 c:/program files (x86)/microchip/xc32/v1.44/bin/bin/../../lib/gcc/pic32mx/4.8.3/../../../../pic32mx/lib\libc.a(strstr.o)
 .mdebug.abi32  0xa00003b0        0x0 c:/program files (x86)/microchip/xc32/v1.44/bin/bin/../../lib/gcc/pic32mx/4.8.3/../../../../pic32mx/lib\libc.a(strncmp.o)

.mdebug.abiN32
 *(.mdebug.abiN32)

.mdebug.abi64
 *(.mdebug.abi64)

.mdebug.abiO64
 *(.mdebug.abiO64)

.mdebug.eabi32
 *(.mdebug.eabi32)

.mdebug.eabi64
 *(.mdebug.eabi64)

.gcc_compiled_long32
 *(.gcc_compiled_long32)

.gcc_compiled_long64
 *(.gcc_compiled_long64)

.stab
 *(.stab)

.stabstr
 *(.stabstr)

.stab.excl
 *(.stab.excl)

.stab.exclstr
 *(.stab.exclstr)

.stab.index
 *(.stab.index)

.stab.indexstr
 *(.stab.indexstr)

.comment        0x00000000      0x128
 *(.comment)
 .comment       0x00000000       0x3c build/default/production/_ext/1472/BerkeleyTCPClientDemo.o
                                 0x3d (size before relaxing)
 .comment       0x00000000       0x3d build/default/production/_ext/1472/BerkeleyTCPServerDemo.o
 .comment       0x00000000       0x3d build/default/production/_ext/1472/BerkeleyUDPClientDemo.o
 .comment       0x00000000       0x3d build/default/production/_ext/1472/GenericTCPClient.o
 .comment       0x00000000       0x3d build/default/production/_ext/1472/GenericTCPServer.o
 .comment       0x00000000       0x3d build/default/production/_ext/1472/PingDemo.o
 .comment       0x00000000       0x3d build/default/production/_ext/1472/SMTPDemo.o
 .comment       0x00000000       0x3d build/default/production/_ext/1472/UARTConfig.o
 .comment       0x00000000       0x3d build/default/production/_ext/1954962658/Announce.o
 .comment       0x00000000       0x3d build/default/production/_ext/1954962658/ARCFOUR.o
 .comment       0x00000000       0x3d build/default/production/_ext/1954962658/ARP.o
 .comment       0x00000000       0x3d build/default/production/_ext/1954962658/AutoIP.o
 .comment       0x00000000       0x3d build/default/production/_ext/1954962658/BerkeleyAPI.o
 .comment       0x00000000       0x3d build/default/production/_ext/1954962658/BigInt.o
 .comment       0x00000000       0x3d build/default/production/_ext/1954962658/Delay.o
 .comment       0x00000000       0x3d build/default/production/_ext/1954962658/DHCP.o
 .comment       0x00000000       0x3d build/default/production/_ext/1954962658/DHCPs.o
 .comment       0x00000000       0x3d build/default/production/_ext/1954962658/DNS.o
 .comment       0x00000000       0x3d build/default/production/_ext/1954962658/DNSs.o
 .comment       0x00000000       0x3d build/default/production/_ext/1954962658/DynDNS.o
 .comment       0x00000000       0x3d build/default/production/_ext/1954962658/ENC28J60.o
 .comment       0x00000000       0x3d build/default/production/_ext/1954962658/ENCX24J600.o
 .comment       0x00000000       0x3d build/default/production/_ext/1954962658/FileSystem.o
 .comment       0x00000000       0x3d build/default/production/_ext/1954962658/FTP.o
 .comment       0x00000000       0x3d build/default/production/_ext/1954962658/Hashes.o
 .comment       0x00000000       0x3d build/default/production/_ext/1954962658/Helpers.o
 .comment       0x00000000       0x3d build/default/production/_ext/1954962658/HTTP2.o
 .comment       0x00000000       0x3d build/default/production/_ext/1954962658/ICMP.o
 .comment       0x00000000       0x3d build/default/production/_ext/1954962658/IP.o
 .comment       0x00000000       0x3d build/default/production/_ext/1954962658/LCDBlocking.o
 .comment       0x00000000       0x3d build/default/production/_ext/1954962658/MPFS2.o
 .comment       0x00000000       0x3d build/default/production/_ext/1954962658/NBNS.o
 .comment       0x00000000       0x3d build/default/production/_ext/1954962658/Random.o
 .comment       0x00000000       0x3d build/default/production/_ext/1954962658/Reboot.o
 .comment       0x00000000       0x3d build/default/production/_ext/1954962658/RSA.o
 .comment       0x00000000       0x3d build/default/production/_ext/1954962658/SMTP.o
 .comment       0x00000000       0x3d build/default/production/_ext/1954962658/SNMP.o
 .comment       0x00000000       0x3d build/default/production/_ext/1954962658/SNMPv3.o
 .comment       0x00000000       0x3d build/default/production/_ext/1954962658/SNMPv3USM.o
 .comment       0x00000000       0x3d build/default/production/_ext/1954962658/SNTP.o
 .comment       0x00000000       0x3d build/default/production/_ext/1954962658/SPIEEPROM.o
 .comment       0x00000000       0x3d build/default/production/_ext/1954962658/SPIFlash.o
 .comment       0x00000000       0x3d build/default/production/_ext/1954962658/SPIRAM.o
 .comment       0x00000000       0x3d build/default/production/_ext/1954962658/SSL.o
 .comment       0x00000000       0x3d build/default/production/_ext/1954962658/StackTsk.o
 .comment       0x00000000       0x3d build/default/production/_ext/1954962658/TCP.o
 .comment       0x00000000       0x3d build/default/production/_ext/1954962658/TCPPerformanceTest.o
 .comment       0x00000000       0x3d build/default/production/_ext/1954962658/Telnet.o
 .comment       0x00000000       0x3d build/default/production/_ext/1954962658/TFTPc.o
 .comment       0x00000000       0x3d build/default/production/_ext/1954962658/Tick.o
 .comment       0x00000000       0x3d build/default/production/_ext/1954962658/UART2TCPBridge.o
 .comment       0x00000000       0x3d build/default/production/_ext/1954962658/UART.o
 .comment       0x00000000       0x3d build/default/production/_ext/1954962658/UDP.o
 .comment       0x00000000       0x3d build/default/production/_ext/1954962658/UDPPerformanceTest.o
 .comment       0x00000000       0x3d build/default/production/_ext/1954962658/ZeroconfHelper.o
 .comment       0x00000000       0x3d build/default/production/_ext/1954962658/ZeroconfLinkLocal.o
 .comment       0x00000000       0x3d build/default/production/_ext/1954962658/ZeroconfMulticastDNS.o
 .comment       0x00000000       0x3d build/default/production/_ext/1472/MPFSImg2.o
 .comment       0x00000000       0x3d build/default/production/_ext/1472/CustomHTTPApp.o
 .comment       0x00000000       0x3d build/default/production/_ext/1472/CustomSNMPApp.o
 .comment       0x00000000       0x3d build/default/production/_ext/1472/CustomSSLCert.o
 .comment       0x00000000       0x3d build/default/production/_ext/1472/MainDemo.o
 .comment       0x0000003c       0x3c c:/program files (x86)/microchip/xc32/v1.44/bin/bin/../../lib/gcc/pic32mx/4.8.3/../../../../pic32mx/lib\libmchp_peripheral_32MX460F512L.a(soft_reset_lib.o)
                                 0x3d (size before relaxing)
 .comment       0x00000000       0x3d c:/program files (x86)/microchip/xc32/v1.44/bin/bin/../../lib/gcc/pic32mx/4.8.3/../../../../pic32mx/lib\libmchp_peripheral_32MX460F512L.a(pcache.o)
 .comment       0x00000000       0x3d c:/program files (x86)/microchip/xc32/v1.44/bin/bin/../../lib/gcc/pic32mx/4.8.3/../../../../pic32mx/lib\libmchp_peripheral_32MX460F512L.a(int_disable_interrupts_lib.o)
 .comment       0x00000000       0x3d c:/program files (x86)/microchip/xc32/v1.44/bin/bin/../../lib/gcc/pic32mx/4.8.3/../../../../pic32mx/lib\libmchp_peripheral_32MX460F512L.a(int_restore_interrupts_lib.o)
 .comment       0x00000000       0x3d c:/program files (x86)/microchip/xc32/v1.44/bin/bin/../../lib/gcc/pic32mx/4.8.3/../../../../pic32mx/lib\libmchp_peripheral_32MX460F512L.a(int_enable_mv_int_lib.o)
 .comment       0x00000000       0x3d c:/program files (x86)/microchip/xc32/v1.44/bin/bin/../../lib/gcc/pic32mx/4.8.3/../../../../pic32mx/lib\libmchp_peripheral_32MX460F512L.a(puts_uartx_lib_legacy.o)
 .comment       0x00000000       0x3d c:/program files (x86)/microchip/xc32/v1.44/bin/bin/../../lib/gcc/pic32mx/4.8.3/../../../../pic32mx/lib\libmchp_peripheral_32MX460F512L.a(int_enable_interrupts_lib.o)
 .comment       0x00000000       0x3d c:/program files (x86)/microchip/xc32/v1.44/bin/bin/../../lib/gcc/pic32mx/4.8.3\libgcc.a(_udivdi3.o)
 .comment       0x00000078       0x18 c:/program files (x86)/microchip/xc32/v1.44/bin/bin/../../lib/gcc/pic32mx/4.8.3/../../../../pic32mx/lib\libpic32.a(memcmp.o)
                                 0x19 (size before relaxing)
 .comment       0x00000090       0x18 c:/program files (x86)/microchip/xc32/v1.44/bin/bin/../../lib/gcc/pic32mx/4.8.3/../../../../pic32mx/lib\libpic32.a(memset.o)
                                 0x19 (size before relaxing)
 .comment       0x000000a8       0x19 c:/program files (x86)/microchip/xc32/v1.44/bin/bin/../../lib/gcc/pic32mx/4.8.3/../../../../pic32mx/lib\libpic32.a(strcmp.o)
                                 0x1a (size before relaxing)
 .comment       0x000000c1       0x19 c:/program files (x86)/microchip/xc32/v1.44/bin/bin/../../lib/gcc/pic32mx/4.8.3/../../../../pic32mx/lib\libpic32.a(strlen.o)
                                 0x1a (size before relaxing)
 .comment       0x00000000       0x3d c:/program files (x86)/microchip/xc32/v1.44/bin/bin/../../lib/gcc/pic32mx/4.8.3/../../../../pic32mx/lib\libpic32.a(default-bootstrap-exception-handler.o)
 .comment       0x00000000       0x3d c:/program files (x86)/microchip/xc32/v1.44/bin/bin/../../lib/gcc/pic32mx/4.8.3/../../../../pic32mx/lib\libpic32.a(default-on-reset.o)
 .comment       0x00000000       0x3d c:/program files (x86)/microchip/xc32/v1.44/bin/bin/../../lib/gcc/pic32mx/4.8.3/../../../../pic32mx/lib\libpic32.a(default-on-bootstrap.o)
 .comment       0x00000000       0x3d c:/program files (x86)/microchip/xc32/v1.44/bin/bin/../../lib/gcc/pic32mx/4.8.3/../../../../pic32mx/lib\libpic32.a(defaultinterrupt.o)
 .comment       0x00000000       0x3d c:/program files (x86)/microchip/xc32/v1.44/bin/bin/../../lib/gcc/pic32mx/4.8.3/../../../../pic32mx/lib\libc.a(atoi.o)
 .comment       0x00000000       0x3d c:/program files (x86)/microchip/xc32/v1.44/bin/bin/../../lib/gcc/pic32mx/4.8.3/../../../../pic32mx/lib\libc.a(atol.o)
 .comment       0x000000da       0x4e c:/program files (x86)/microchip/xc32/v1.44/bin/bin/../../lib/gcc/pic32mx/4.8.3/../../../../pic32mx/lib\libc.a(ctype.o)
                                 0x8b (size before relaxing)
 .comment       0x00000000       0x3d c:/program files (x86)/microchip/xc32/v1.44/bin/bin/../../lib/gcc/pic32mx/4.8.3/../../../../pic32mx/lib\libc.a(ltoa.o)
 .comment       0x00000000       0x3d c:/program files (x86)/microchip/xc32/v1.44/bin/bin/../../lib/gcc/pic32mx/4.8.3/../../../../pic32mx/lib\libc.a(strchr.o)
 .comment       0x00000000       0x3d c:/program files (x86)/microchip/xc32/v1.44/bin/bin/../../lib/gcc/pic32mx/4.8.3/../../../../pic32mx/lib\libc.a(strncpy.o)
 .comment       0x00000000       0x3d c:/program files (x86)/microchip/xc32/v1.44/bin/bin/../../lib/gcc/pic32mx/4.8.3/../../../../pic32mx/lib\libc.a(strstr.o)
 .comment       0x00000000       0x3d c:/program files (x86)/microchip/xc32/v1.44/bin/bin/../../lib/gcc/pic32mx/4.8.3/../../../../pic32mx/lib\libc.a(strncmp.o)

.debug
 *(.debug)

.line
 *(.line)

.debug_srcinfo
 *(.debug_srcinfo)

.debug_sfnames
 *(.debug_sfnames)

.debug_aranges  0x00000000      0x968
 *(.debug_aranges)
 .debug_aranges
                0x00000000       0x20 build/default/production/_ext/1472/BerkeleyTCPClientDemo.o
 .debug_aranges
                0x00000020       0x20 build/default/production/_ext/1472/BerkeleyTCPServerDemo.o
 .debug_aranges
                0x00000040       0x20 build/default/production/_ext/1472/BerkeleyUDPClientDemo.o
 .debug_aranges
                0x00000060       0x20 build/default/production/_ext/1472/GenericTCPClient.o
 .debug_aranges
                0x00000080       0x20 build/default/production/_ext/1472/GenericTCPServer.o
 .debug_aranges
                0x000000a0       0x20 build/default/production/_ext/1472/PingDemo.o
 .debug_aranges
                0x000000c0       0x20 build/default/production/_ext/1472/SMTPDemo.o
 .debug_aranges
                0x000000e0       0x20 build/default/production/_ext/1472/UARTConfig.o
 .debug_aranges
                0x00000100       0x20 build/default/production/_ext/1954962658/Announce.o
 .debug_aranges
                0x00000120       0x18 build/default/production/_ext/1954962658/ARCFOUR.o
 .debug_aranges
                0x00000138       0x20 build/default/production/_ext/1954962658/ARP.o
 .debug_aranges
                0x00000158       0x20 build/default/production/_ext/1954962658/AutoIP.o
 .debug_aranges
                0x00000178       0x20 build/default/production/_ext/1954962658/BerkeleyAPI.o
 .debug_aranges
                0x00000198       0x18 build/default/production/_ext/1954962658/BigInt.o
 .debug_aranges
                0x000001b0       0x20 build/default/production/_ext/1954962658/Delay.o
 .debug_aranges
                0x000001d0       0x20 build/default/production/_ext/1954962658/DHCP.o
 .debug_aranges
                0x000001f0       0x20 build/default/production/_ext/1954962658/DHCPs.o
 .debug_aranges
                0x00000210       0x20 build/default/production/_ext/1954962658/DNS.o
 .debug_aranges
                0x00000230       0x18 build/default/production/_ext/1954962658/DNSs.o
 .debug_aranges
                0x00000248       0x18 build/default/production/_ext/1954962658/DynDNS.o
 .debug_aranges
                0x00000260       0x18 build/default/production/_ext/1954962658/ENC28J60.o
 .debug_aranges
                0x00000278       0x20 build/default/production/_ext/1954962658/ENCX24J600.o
 .debug_aranges
                0x00000298       0x18 build/default/production/_ext/1954962658/FileSystem.o
 .debug_aranges
                0x000002b0       0x18 build/default/production/_ext/1954962658/FTP.o
 .debug_aranges
                0x000002c8       0x20 build/default/production/_ext/1954962658/Hashes.o
 .debug_aranges
                0x000002e8       0x20 build/default/production/_ext/1954962658/Helpers.o
 .debug_aranges
                0x00000308       0x20 build/default/production/_ext/1954962658/HTTP2.o
 .debug_aranges
                0x00000328       0x20 build/default/production/_ext/1954962658/ICMP.o
 .debug_aranges
                0x00000348       0x20 build/default/production/_ext/1954962658/IP.o
 .debug_aranges
                0x00000368       0x18 build/default/production/_ext/1954962658/LCDBlocking.o
 .debug_aranges
                0x00000380       0x20 build/default/production/_ext/1954962658/MPFS2.o
 .debug_aranges
                0x000003a0       0x20 build/default/production/_ext/1954962658/NBNS.o
 .debug_aranges
                0x000003c0       0x18 build/default/production/_ext/1954962658/Random.o
 .debug_aranges
                0x000003d8       0x20 build/default/production/_ext/1954962658/Reboot.o
 .debug_aranges
                0x000003f8       0x18 build/default/production/_ext/1954962658/RSA.o
 .debug_aranges
                0x00000410       0x20 build/default/production/_ext/1954962658/SMTP.o
 .debug_aranges
                0x00000430       0x18 build/default/production/_ext/1954962658/SNMP.o
 .debug_aranges
                0x00000448       0x18 build/default/production/_ext/1954962658/SNMPv3.o
 .debug_aranges
                0x00000460       0x18 build/default/production/_ext/1954962658/SNMPv3USM.o
 .debug_aranges
                0x00000478       0x20 build/default/production/_ext/1954962658/SNTP.o
 .debug_aranges
                0x00000498       0x18 build/default/production/_ext/1954962658/SPIEEPROM.o
 .debug_aranges
                0x000004b0       0x18 build/default/production/_ext/1954962658/SPIFlash.o
 .debug_aranges
                0x000004c8       0x18 build/default/production/_ext/1954962658/SPIRAM.o
 .debug_aranges
                0x000004e0       0x18 build/default/production/_ext/1954962658/SSL.o
 .debug_aranges
                0x000004f8       0x20 build/default/production/_ext/1954962658/StackTsk.o
 .debug_aranges
                0x00000518       0x20 build/default/production/_ext/1954962658/TCP.o
 .debug_aranges
                0x00000538       0x20 build/default/production/_ext/1954962658/TCPPerformanceTest.o
 .debug_aranges
                0x00000558       0x20 build/default/production/_ext/1954962658/Telnet.o
 .debug_aranges
                0x00000578       0x18 build/default/production/_ext/1954962658/TFTPc.o
 .debug_aranges
                0x00000590       0x20 build/default/production/_ext/1954962658/Tick.o
 .debug_aranges
                0x000005b0       0x18 build/default/production/_ext/1954962658/UART2TCPBridge.o
 .debug_aranges
                0x000005c8       0x20 build/default/production/_ext/1954962658/UART.o
 .debug_aranges
                0x000005e8       0x20 build/default/production/_ext/1954962658/UDP.o
 .debug_aranges
                0x00000608       0x18 build/default/production/_ext/1954962658/UDPPerformanceTest.o
 .debug_aranges
                0x00000620       0x18 build/default/production/_ext/1954962658/ZeroconfHelper.o
 .debug_aranges
                0x00000638       0x18 build/default/production/_ext/1954962658/ZeroconfLinkLocal.o
 .debug_aranges
                0x00000650       0x18 build/default/production/_ext/1954962658/ZeroconfMulticastDNS.o
 .debug_aranges
                0x00000668       0x18 build/default/production/_ext/1472/MPFSImg2.o
 .debug_aranges
                0x00000680       0x20 build/default/production/_ext/1472/CustomHTTPApp.o
 .debug_aranges
                0x000006a0       0x18 build/default/production/_ext/1472/CustomSNMPApp.o
 .debug_aranges
                0x000006b8       0x18 build/default/production/_ext/1472/CustomSSLCert.o
 .debug_aranges
                0x000006d0       0x20 build/default/production/_ext/1472/MainDemo.o
 .debug_aranges
                0x000006f0       0x20 c:/program files (x86)/microchip/xc32/v1.44/bin/bin/../../lib/gcc/pic32mx/4.8.3/../../../../pic32mx/lib\libmchp_peripheral_32MX460F512L.a(soft_reset_lib.o)
 .debug_aranges
                0x00000710       0x28 c:/program files (x86)/microchip/xc32/v1.44/bin/bin/../../lib/gcc/pic32mx/4.8.3/../../../../pic32mx/lib\libmchp_peripheral_32MX460F512L.a(pcache.o)
 .debug_aranges
                0x00000738       0x20 c:/program files (x86)/microchip/xc32/v1.44/bin/bin/../../lib/gcc/pic32mx/4.8.3/../../../../pic32mx/lib\libmchp_peripheral_32MX460F512L.a(int_disable_interrupts_lib.o)
 .debug_aranges
                0x00000758       0x20 c:/program files (x86)/microchip/xc32/v1.44/bin/bin/../../lib/gcc/pic32mx/4.8.3/../../../../pic32mx/lib\libmchp_peripheral_32MX460F512L.a(int_restore_interrupts_lib.o)
 .debug_aranges
                0x00000778       0x20 c:/program files (x86)/microchip/xc32/v1.44/bin/bin/../../lib/gcc/pic32mx/4.8.3/../../../../pic32mx/lib\libmchp_peripheral_32MX460F512L.a(int_enable_mv_int_lib.o)
 .debug_aranges
                0x00000798       0x28 c:/program files (x86)/microchip/xc32/v1.44/bin/bin/../../lib/gcc/pic32mx/4.8.3/../../../../pic32mx/lib\libmchp_peripheral_32MX460F512L.a(puts_uartx_lib_legacy.o)
 .debug_aranges
                0x000007c0       0x20 c:/program files (x86)/microchip/xc32/v1.44/bin/bin/../../lib/gcc/pic32mx/4.8.3/../../../../pic32mx/lib\libmchp_peripheral_32MX460F512L.a(int_enable_interrupts_lib.o)
 .debug_aranges
                0x000007e0       0x20 c:/program files (x86)/microchip/xc32/v1.44/bin/bin/../../lib/gcc/pic32mx/4.8.3\libgcc.a(_udivdi3.o)
 .debug_aranges
                0x00000800       0x20 c:/program files (x86)/microchip/xc32/v1.44/bin/bin/../../lib/gcc/pic32mx/4.8.3/../../../../pic32mx/lib\libpic32.a(default-bootstrap-exception-handler.o)
 .debug_aranges
                0x00000820       0x20 c:/program files (x86)/microchip/xc32/v1.44/bin/bin/../../lib/gcc/pic32mx/4.8.3/../../../../pic32mx/lib\libpic32.a(default-on-reset.o)
 .debug_aranges
                0x00000840       0x20 c:/program files (x86)/microchip/xc32/v1.44/bin/bin/../../lib/gcc/pic32mx/4.8.3/../../../../pic32mx/lib\libpic32.a(default-on-bootstrap.o)
 .debug_aranges
                0x00000860       0x20 c:/program files (x86)/microchip/xc32/v1.44/bin/bin/../../lib/gcc/pic32mx/4.8.3/../../../../pic32mx/lib\libpic32.a(defaultinterrupt.o)
 .debug_aranges
                0x00000880       0x20 c:/program files (x86)/microchip/xc32/v1.44/bin/bin/../../lib/gcc/pic32mx/4.8.3/../../../../pic32mx/lib\libc.a(atoi.o)
 .debug_aranges
                0x000008a0       0x20 c:/program files (x86)/microchip/xc32/v1.44/bin/bin/../../lib/gcc/pic32mx/4.8.3/../../../../pic32mx/lib\libc.a(atol.o)
 .debug_aranges
                0x000008c0       0x28 c:/program files (x86)/microchip/xc32/v1.44/bin/bin/../../lib/gcc/pic32mx/4.8.3/../../../../pic32mx/lib\libc.a(ltoa.o)
 .debug_aranges
                0x000008e8       0x20 c:/program files (x86)/microchip/xc32/v1.44/bin/bin/../../lib/gcc/pic32mx/4.8.3/../../../../pic32mx/lib\libc.a(strchr.o)
 .debug_aranges
                0x00000908       0x20 c:/program files (x86)/microchip/xc32/v1.44/bin/bin/../../lib/gcc/pic32mx/4.8.3/../../../../pic32mx/lib\libc.a(strncpy.o)
 .debug_aranges
                0x00000928       0x20 c:/program files (x86)/microchip/xc32/v1.44/bin/bin/../../lib/gcc/pic32mx/4.8.3/../../../../pic32mx/lib\libc.a(strstr.o)
 .debug_aranges
                0x00000948       0x20 c:/program files (x86)/microchip/xc32/v1.44/bin/bin/../../lib/gcc/pic32mx/4.8.3/../../../../pic32mx/lib\libc.a(strncmp.o)

.debug_pubnames
 *(.debug_pubnames)

.debug_info     0x00000000    0x51536
 *(.debug_info .gnu.linkonce.wi.*)
 .debug_info    0x00000000     0x161b build/default/production/_ext/1472/BerkeleyTCPClientDemo.o
 .debug_info    0x0000161b     0x10d4 build/default/production/_ext/1472/BerkeleyTCPServerDemo.o
 .debug_info    0x000026ef     0x1824 build/default/production/_ext/1472/BerkeleyUDPClientDemo.o
 .debug_info    0x00003f13      0xfa4 build/default/production/_ext/1472/GenericTCPClient.o
 .debug_info    0x00004eb7      0xf1b build/default/production/_ext/1472/GenericTCPServer.o
 .debug_info    0x00005dd2     0x1014 build/default/production/_ext/1472/PingDemo.o
 .debug_info    0x00006de6     0x1522 build/default/production/_ext/1472/SMTPDemo.o
 .debug_info    0x00008308     0x17bd build/default/production/_ext/1472/UARTConfig.o
 .debug_info    0x00009ac5     0x17c9 build/default/production/_ext/1954962658/Announce.o
 .debug_info    0x0000b28e      0xdde build/default/production/_ext/1954962658/ARCFOUR.o
 .debug_info    0x0000c06c     0x181c build/default/production/_ext/1954962658/ARP.o
 .debug_info    0x0000d888     0x1af0 build/default/production/_ext/1954962658/AutoIP.o
 .debug_info    0x0000f378     0x211a build/default/production/_ext/1954962658/BerkeleyAPI.o
 .debug_info    0x00011492      0xddd build/default/production/_ext/1954962658/BigInt.o
 .debug_info    0x0001226f      0xe7b build/default/production/_ext/1954962658/Delay.o
 .debug_info    0x000130ea     0x1d9c build/default/production/_ext/1954962658/DHCP.o
 .debug_info    0x00014e86     0x1a23 build/default/production/_ext/1954962658/DHCPs.o
 .debug_info    0x000168a9     0x1a2f build/default/production/_ext/1954962658/DNS.o
 .debug_info    0x000182d8      0xddb build/default/production/_ext/1954962658/DNSs.o
 .debug_info    0x000190b3      0xddd build/default/production/_ext/1954962658/DynDNS.o
 .debug_info    0x00019e90      0xddf build/default/production/_ext/1954962658/ENC28J60.o
 .debug_info    0x0001ac6f     0x341b build/default/production/_ext/1954962658/ENCX24J600.o
 .debug_info    0x0001e08a      0xde1 build/default/production/_ext/1954962658/FileSystem.o
 .debug_info    0x0001ee6b      0xdda build/default/production/_ext/1954962658/FTP.o
 .debug_info    0x0001fc45     0x11b3 build/default/production/_ext/1954962658/Hashes.o
 .debug_info    0x00020df8     0x1e0b build/default/production/_ext/1954962658/Helpers.o
 .debug_info    0x00022c03     0x1fa1 build/default/production/_ext/1954962658/HTTP2.o
 .debug_info    0x00024ba4     0x177a build/default/production/_ext/1954962658/ICMP.o
 .debug_info    0x0002631e     0x17be build/default/production/_ext/1954962658/IP.o
 .debug_info    0x00027adc      0xde2 build/default/production/_ext/1954962658/LCDBlocking.o
 .debug_info    0x000288be     0x15a4 build/default/production/_ext/1954962658/MPFS2.o
 .debug_info    0x00029e62     0x1901 build/default/production/_ext/1954962658/NBNS.o
 .debug_info    0x0002b763      0xddd build/default/production/_ext/1954962658/Random.o
 .debug_info    0x0002c540     0x16c0 build/default/production/_ext/1954962658/Reboot.o
 .debug_info    0x0002dc00      0xdda build/default/production/_ext/1954962658/RSA.o
 .debug_info    0x0002e9da     0x20ed build/default/production/_ext/1954962658/SMTP.o
 .debug_info    0x00030ac7      0xddb build/default/production/_ext/1954962658/SNMP.o
 .debug_info    0x000318a2      0xddd build/default/production/_ext/1954962658/SNMPv3.o
 .debug_info    0x0003267f      0xde0 build/default/production/_ext/1954962658/SNMPv3USM.o
 .debug_info    0x0003345f     0x1167 build/default/production/_ext/1954962658/SNTP.o
 .debug_info    0x000345c6      0xde0 build/default/production/_ext/1954962658/SPIEEPROM.o
 .debug_info    0x000353a6      0xddf build/default/production/_ext/1954962658/SPIFlash.o
 .debug_info    0x00036185      0xddd build/default/production/_ext/1954962658/SPIRAM.o
 .debug_info    0x00036f62      0xdda build/default/production/_ext/1954962658/SSL.o
 .debug_info    0x00037d3c     0x16c6 build/default/production/_ext/1954962658/StackTsk.o
 .debug_info    0x00039402     0x2e67 build/default/production/_ext/1954962658/TCP.o
 .debug_info    0x0003c269     0x150a build/default/production/_ext/1954962658/TCPPerformanceTest.o
 .debug_info    0x0003d773     0x14a3 build/default/production/_ext/1954962658/Telnet.o
 .debug_info    0x0003ec16      0xddc build/default/production/_ext/1954962658/TFTPc.o
 .debug_info    0x0003f9f2     0x14fa build/default/production/_ext/1954962658/Tick.o
 .debug_info    0x00040eec      0xde5 build/default/production/_ext/1954962658/UART2TCPBridge.o
 .debug_info    0x00041cd1     0x10ad build/default/production/_ext/1954962658/UART.o
 .debug_info    0x00042d7e     0x1e8b build/default/production/_ext/1954962658/UDP.o
 .debug_info    0x00044c09      0xde9 build/default/production/_ext/1954962658/UDPPerformanceTest.o
 .debug_info    0x000459f2      0xde5 build/default/production/_ext/1954962658/ZeroconfHelper.o
 .debug_info    0x000467d7      0xde8 build/default/production/_ext/1954962658/ZeroconfLinkLocal.o
 .debug_info    0x000475bf      0xdeb build/default/production/_ext/1954962658/ZeroconfMulticastDNS.o
 .debug_info    0x000483aa      0xe00 build/default/production/_ext/1472/MPFSImg2.o
 .debug_info    0x000491aa     0x2a25 build/default/production/_ext/1472/CustomHTTPApp.o
 .debug_info    0x0004bbcf      0xdc8 build/default/production/_ext/1472/CustomSNMPApp.o
 .debug_info    0x0004c997      0xdc8 build/default/production/_ext/1472/CustomSSLCert.o
 .debug_info    0x0004d75f     0x286a build/default/production/_ext/1472/MainDemo.o
 .debug_info    0x0004ffc9       0xb0 c:/program files (x86)/microchip/xc32/v1.44/bin/bin/../../lib/gcc/pic32mx/4.8.3/../../../../pic32mx/lib\libmchp_peripheral_32MX460F512L.a(soft_reset_lib.o)
 .debug_info    0x00050079       0xbe c:/program files (x86)/microchip/xc32/v1.44/bin/bin/../../lib/gcc/pic32mx/4.8.3/../../../../pic32mx/lib\libmchp_peripheral_32MX460F512L.a(pcache.o)
 .debug_info    0x00050137       0xb4 c:/program files (x86)/microchip/xc32/v1.44/bin/bin/../../lib/gcc/pic32mx/4.8.3/../../../../pic32mx/lib\libmchp_peripheral_32MX460F512L.a(int_disable_interrupts_lib.o)
 .debug_info    0x000501eb       0xb4 c:/program files (x86)/microchip/xc32/v1.44/bin/bin/../../lib/gcc/pic32mx/4.8.3/../../../../pic32mx/lib\libmchp_peripheral_32MX460F512L.a(int_restore_interrupts_lib.o)
 .debug_info    0x0005029f       0xba c:/program files (x86)/microchip/xc32/v1.44/bin/bin/../../lib/gcc/pic32mx/4.8.3/../../../../pic32mx/lib\libmchp_peripheral_32MX460F512L.a(int_enable_mv_int_lib.o)
 .debug_info    0x00050359       0xbe c:/program files (x86)/microchip/xc32/v1.44/bin/bin/../../lib/gcc/pic32mx/4.8.3/../../../../pic32mx/lib\libmchp_peripheral_32MX460F512L.a(puts_uartx_lib_legacy.o)
 .debug_info    0x00050417       0xb2 c:/program files (x86)/microchip/xc32/v1.44/bin/bin/../../lib/gcc/pic32mx/4.8.3/../../../../pic32mx/lib\libmchp_peripheral_32MX460F512L.a(int_enable_interrupts_lib.o)
 .debug_info    0x000504c9      0x76f c:/program files (x86)/microchip/xc32/v1.44/bin/bin/../../lib/gcc/pic32mx/4.8.3\libgcc.a(_udivdi3.o)
 .debug_info    0x00050c38       0xf5 c:/program files (x86)/microchip/xc32/v1.44/bin/bin/../../lib/gcc/pic32mx/4.8.3/../../../../pic32mx/lib\libpic32.a(default-bootstrap-exception-handler.o)
 .debug_info    0x00050d2d       0xce c:/program files (x86)/microchip/xc32/v1.44/bin/bin/../../lib/gcc/pic32mx/4.8.3/../../../../pic32mx/lib\libpic32.a(default-on-reset.o)
 .debug_info    0x00050dfb       0xd6 c:/program files (x86)/microchip/xc32/v1.44/bin/bin/../../lib/gcc/pic32mx/4.8.3/../../../../pic32mx/lib\libpic32.a(default-on-bootstrap.o)
 .debug_info    0x00050ed1       0xe8 c:/program files (x86)/microchip/xc32/v1.44/bin/bin/../../lib/gcc/pic32mx/4.8.3/../../../../pic32mx/lib\libpic32.a(defaultinterrupt.o)
 .debug_info    0x00050fb9       0xc2 c:/program files (x86)/microchip/xc32/v1.44/bin/bin/../../lib/gcc/pic32mx/4.8.3/../../../../pic32mx/lib\libc.a(atoi.o)
 .debug_info    0x0005107b       0xc2 c:/program files (x86)/microchip/xc32/v1.44/bin/bin/../../lib/gcc/pic32mx/4.8.3/../../../../pic32mx/lib\libc.a(atol.o)
 .debug_info    0x0005113d       0xdd c:/program files (x86)/microchip/xc32/v1.44/bin/bin/../../lib/gcc/pic32mx/4.8.3/../../../../pic32mx/lib\libc.a(ltoa.o)
 .debug_info    0x0005121a       0xc6 c:/program files (x86)/microchip/xc32/v1.44/bin/bin/../../lib/gcc/pic32mx/4.8.3/../../../../pic32mx/lib\libc.a(strchr.o)
 .debug_info    0x000512e0       0xc8 c:/program files (x86)/microchip/xc32/v1.44/bin/bin/../../lib/gcc/pic32mx/4.8.3/../../../../pic32mx/lib\libc.a(strncpy.o)
 .debug_info    0x000513a8       0xc6 c:/program files (x86)/microchip/xc32/v1.44/bin/bin/../../lib/gcc/pic32mx/4.8.3/../../../../pic32mx/lib\libc.a(strstr.o)
 .debug_info    0x0005146e       0xc8 c:/program files (x86)/microchip/xc32/v1.44/bin/bin/../../lib/gcc/pic32mx/4.8.3/../../../../pic32mx/lib\libc.a(strncmp.o)

.debug_abbrev   0x00000000     0x6a60
 *(.debug_abbrev)
 .debug_abbrev  0x00000000      0x19c build/default/production/_ext/1472/BerkeleyTCPClientDemo.o
 .debug_abbrev  0x0000019c      0x180 build/default/production/_ext/1472/BerkeleyTCPServerDemo.o
 .debug_abbrev  0x0000031c      0x1c7 build/default/production/_ext/1472/BerkeleyUDPClientDemo.o
 .debug_abbrev  0x000004e3      0x166 build/default/production/_ext/1472/GenericTCPClient.o
 .debug_abbrev  0x00000649      0x166 build/default/production/_ext/1472/GenericTCPServer.o
 .debug_abbrev  0x000007af      0x15b build/default/production/_ext/1472/PingDemo.o
 .debug_abbrev  0x0000090a      0x19e build/default/production/_ext/1472/SMTPDemo.o
 .debug_abbrev  0x00000aa8      0x19e build/default/production/_ext/1472/UARTConfig.o
 .debug_abbrev  0x00000c46      0x1c9 build/default/production/_ext/1954962658/Announce.o
 .debug_abbrev  0x00000e0f      0x118 build/default/production/_ext/1954962658/ARCFOUR.o
 .debug_abbrev  0x00000f27      0x253 build/default/production/_ext/1954962658/ARP.o
 .debug_abbrev  0x0000117a      0x262 build/default/production/_ext/1954962658/AutoIP.o
 .debug_abbrev  0x000013dc      0x291 build/default/production/_ext/1954962658/BerkeleyAPI.o
 .debug_abbrev  0x0000166d      0x118 build/default/production/_ext/1954962658/BigInt.o
 .debug_abbrev  0x00001785      0x16e build/default/production/_ext/1954962658/Delay.o
 .debug_abbrev  0x000018f3      0x287 build/default/production/_ext/1954962658/DHCP.o
 .debug_abbrev  0x00001b7a      0x1fb build/default/production/_ext/1954962658/DHCPs.o
 .debug_abbrev  0x00001d75      0x24d build/default/production/_ext/1954962658/DNS.o
 .debug_abbrev  0x00001fc2      0x118 build/default/production/_ext/1954962658/DNSs.o
 .debug_abbrev  0x000020da      0x118 build/default/production/_ext/1954962658/DynDNS.o
 .debug_abbrev  0x000021f2      0x118 build/default/production/_ext/1954962658/ENC28J60.o
 .debug_abbrev  0x0000230a      0x27b build/default/production/_ext/1954962658/ENCX24J600.o
 .debug_abbrev  0x00002585      0x118 build/default/production/_ext/1954962658/FileSystem.o
 .debug_abbrev  0x0000269d      0x118 build/default/production/_ext/1954962658/FTP.o
 .debug_abbrev  0x000027b5      0x20c build/default/production/_ext/1954962658/Hashes.o
 .debug_abbrev  0x000029c1      0x26c build/default/production/_ext/1954962658/Helpers.o
 .debug_abbrev  0x00002c2d      0x283 build/default/production/_ext/1954962658/HTTP2.o
 .debug_abbrev  0x00002eb0      0x208 build/default/production/_ext/1954962658/ICMP.o
 .debug_abbrev  0x000030b8      0x201 build/default/production/_ext/1954962658/IP.o
 .debug_abbrev  0x000032b9      0x118 build/default/production/_ext/1954962658/LCDBlocking.o
 .debug_abbrev  0x000033d1      0x272 build/default/production/_ext/1954962658/MPFS2.o
 .debug_abbrev  0x00003643      0x217 build/default/production/_ext/1954962658/NBNS.o
 .debug_abbrev  0x0000385a      0x118 build/default/production/_ext/1954962658/Random.o
 .debug_abbrev  0x00003972      0x179 build/default/production/_ext/1954962658/Reboot.o
 .debug_abbrev  0x00003aeb      0x118 build/default/production/_ext/1954962658/RSA.o
 .debug_abbrev  0x00003c03      0x2d4 build/default/production/_ext/1954962658/SMTP.o
 .debug_abbrev  0x00003ed7      0x118 build/default/production/_ext/1954962658/SNMP.o
 .debug_abbrev  0x00003fef      0x118 build/default/production/_ext/1954962658/SNMPv3.o
 .debug_abbrev  0x00004107      0x118 build/default/production/_ext/1954962658/SNMPv3USM.o
 .debug_abbrev  0x0000421f      0x195 build/default/production/_ext/1954962658/SNTP.o
 .debug_abbrev  0x000043b4      0x118 build/default/production/_ext/1954962658/SPIEEPROM.o
 .debug_abbrev  0x000044cc      0x118 build/default/production/_ext/1954962658/SPIFlash.o
 .debug_abbrev  0x000045e4      0x118 build/default/production/_ext/1954962658/SPIRAM.o
 .debug_abbrev  0x000046fc      0x118 build/default/production/_ext/1954962658/SSL.o
 .debug_abbrev  0x00004814      0x1df build/default/production/_ext/1954962658/StackTsk.o
 .debug_abbrev  0x000049f3      0x2ac build/default/production/_ext/1954962658/TCP.o
 .debug_abbrev  0x00004c9f      0x1c9 build/default/production/_ext/1954962658/TCPPerformanceTest.o
 .debug_abbrev  0x00004e68      0x18b build/default/production/_ext/1954962658/Telnet.o
 .debug_abbrev  0x00004ff3      0x118 build/default/production/_ext/1954962658/TFTPc.o
 .debug_abbrev  0x0000510b      0x1d9 build/default/production/_ext/1954962658/Tick.o
 .debug_abbrev  0x000052e4      0x118 build/default/production/_ext/1954962658/UART2TCPBridge.o
 .debug_abbrev  0x000053fc      0x156 build/default/production/_ext/1954962658/UART.o
 .debug_abbrev  0x00005552      0x2f3 build/default/production/_ext/1954962658/UDP.o
 .debug_abbrev  0x00005845      0x118 build/default/production/_ext/1954962658/UDPPerformanceTest.o
 .debug_abbrev  0x0000595d      0x118 build/default/production/_ext/1954962658/ZeroconfHelper.o
 .debug_abbrev  0x00005a75      0x118 build/default/production/_ext/1954962658/ZeroconfLinkLocal.o
 .debug_abbrev  0x00005b8d      0x118 build/default/production/_ext/1954962658/ZeroconfMulticastDNS.o
 .debug_abbrev  0x00005ca5      0x132 build/default/production/_ext/1472/MPFSImg2.o
 .debug_abbrev  0x00005dd7      0x2dd build/default/production/_ext/1472/CustomHTTPApp.o
 .debug_abbrev  0x000060b4      0x118 build/default/production/_ext/1472/CustomSNMPApp.o
 .debug_abbrev  0x000061cc      0x118 build/default/production/_ext/1472/CustomSSLCert.o
 .debug_abbrev  0x000062e4      0x346 build/default/production/_ext/1472/MainDemo.o
 .debug_abbrev  0x0000662a       0x37 c:/program files (x86)/microchip/xc32/v1.44/bin/bin/../../lib/gcc/pic32mx/4.8.3/../../../../pic32mx/lib\libmchp_peripheral_32MX460F512L.a(soft_reset_lib.o)
 .debug_abbrev  0x00006661       0x28 c:/program files (x86)/microchip/xc32/v1.44/bin/bin/../../lib/gcc/pic32mx/4.8.3/../../../../pic32mx/lib\libmchp_peripheral_32MX460F512L.a(pcache.o)
 .debug_abbrev  0x00006689       0x28 c:/program files (x86)/microchip/xc32/v1.44/bin/bin/../../lib/gcc/pic32mx/4.8.3/../../../../pic32mx/lib\libmchp_peripheral_32MX460F512L.a(int_disable_interrupts_lib.o)
 .debug_abbrev  0x000066b1       0x28 c:/program files (x86)/microchip/xc32/v1.44/bin/bin/../../lib/gcc/pic32mx/4.8.3/../../../../pic32mx/lib\libmchp_peripheral_32MX460F512L.a(int_restore_interrupts_lib.o)
 .debug_abbrev  0x000066d9       0x28 c:/program files (x86)/microchip/xc32/v1.44/bin/bin/../../lib/gcc/pic32mx/4.8.3/../../../../pic32mx/lib\libmchp_peripheral_32MX460F512L.a(int_enable_mv_int_lib.o)
 .debug_abbrev  0x00006701       0x28 c:/program files (x86)/microchip/xc32/v1.44/bin/bin/../../lib/gcc/pic32mx/4.8.3/../../../../pic32mx/lib\libmchp_peripheral_32MX460F512L.a(puts_uartx_lib_legacy.o)
 .debug_abbrev  0x00006729       0x28 c:/program files (x86)/microchip/xc32/v1.44/bin/bin/../../lib/gcc/pic32mx/4.8.3/../../../../pic32mx/lib\libmchp_peripheral_32MX460F512L.a(int_enable_interrupts_lib.o)
 .debug_abbrev  0x00006751      0x138 c:/program files (x86)/microchip/xc32/v1.44/bin/bin/../../lib/gcc/pic32mx/4.8.3\libgcc.a(_udivdi3.o)
 .debug_abbrev  0x00006889       0x28 c:/program files (x86)/microchip/xc32/v1.44/bin/bin/../../lib/gcc/pic32mx/4.8.3/../../../../pic32mx/lib\libpic32.a(default-bootstrap-exception-handler.o)
 .debug_abbrev  0x000068b1       0x28 c:/program files (x86)/microchip/xc32/v1.44/bin/bin/../../lib/gcc/pic32mx/4.8.3/../../../../pic32mx/lib\libpic32.a(default-on-reset.o)
 .debug_abbrev  0x000068d9       0x28 c:/program files (x86)/microchip/xc32/v1.44/bin/bin/../../lib/gcc/pic32mx/4.8.3/../../../../pic32mx/lib\libpic32.a(default-on-bootstrap.o)
 .debug_abbrev  0x00006901       0x28 c:/program files (x86)/microchip/xc32/v1.44/bin/bin/../../lib/gcc/pic32mx/4.8.3/../../../../pic32mx/lib\libpic32.a(defaultinterrupt.o)
 .debug_abbrev  0x00006929       0x28 c:/program files (x86)/microchip/xc32/v1.44/bin/bin/../../lib/gcc/pic32mx/4.8.3/../../../../pic32mx/lib\libc.a(atoi.o)
 .debug_abbrev  0x00006951       0x28 c:/program files (x86)/microchip/xc32/v1.44/bin/bin/../../lib/gcc/pic32mx/4.8.3/../../../../pic32mx/lib\libc.a(atol.o)
 .debug_abbrev  0x00006979       0x47 c:/program files (x86)/microchip/xc32/v1.44/bin/bin/../../lib/gcc/pic32mx/4.8.3/../../../../pic32mx/lib\libc.a(ltoa.o)
 .debug_abbrev  0x000069c0       0x28 c:/program files (x86)/microchip/xc32/v1.44/bin/bin/../../lib/gcc/pic32mx/4.8.3/../../../../pic32mx/lib\libc.a(strchr.o)
 .debug_abbrev  0x000069e8       0x28 c:/program files (x86)/microchip/xc32/v1.44/bin/bin/../../lib/gcc/pic32mx/4.8.3/../../../../pic32mx/lib\libc.a(strncpy.o)
 .debug_abbrev  0x00006a10       0x28 c:/program files (x86)/microchip/xc32/v1.44/bin/bin/../../lib/gcc/pic32mx/4.8.3/../../../../pic32mx/lib\libc.a(strstr.o)
 .debug_abbrev  0x00006a38       0x28 c:/program files (x86)/microchip/xc32/v1.44/bin/bin/../../lib/gcc/pic32mx/4.8.3/../../../../pic32mx/lib\libc.a(strncmp.o)

.debug_line     0x00000000     0xa108
 *(.debug_line)
 .debug_line    0x00000000      0x24f build/default/production/_ext/1472/BerkeleyTCPClientDemo.o
 .debug_line    0x0000024f      0x253 build/default/production/_ext/1472/BerkeleyTCPServerDemo.o
 .debug_line    0x000004a2      0x273 build/default/production/_ext/1472/BerkeleyUDPClientDemo.o
 .debug_line    0x00000715      0x250 build/default/production/_ext/1472/GenericTCPClient.o
 .debug_line    0x00000965      0x241 build/default/production/_ext/1472/GenericTCPServer.o
 .debug_line    0x00000ba6      0x1b4 build/default/production/_ext/1472/PingDemo.o
 .debug_line    0x00000d5a      0x238 build/default/production/_ext/1472/SMTPDemo.o
 .debug_line    0x00000f92      0x26f build/default/production/_ext/1472/UARTConfig.o
 .debug_line    0x00001201      0x277 build/default/production/_ext/1954962658/Announce.o
 .debug_line    0x00001478      0x12a build/default/production/_ext/1954962658/ARCFOUR.o
 .debug_line    0x000015a2      0x2b6 build/default/production/_ext/1954962658/ARP.o
 .debug_line    0x00001858      0x349 build/default/production/_ext/1954962658/AutoIP.o
 .debug_line    0x00001ba1      0x46d build/default/production/_ext/1954962658/BerkeleyAPI.o
 .debug_line    0x0000200e      0x12a build/default/production/_ext/1954962658/BigInt.o
 .debug_line    0x00002138      0x1ae build/default/production/_ext/1954962658/Delay.o
 .debug_line    0x000022e6      0x417 build/default/production/_ext/1954962658/DHCP.o
 .debug_line    0x000026fd      0x322 build/default/production/_ext/1954962658/DHCPs.o
 .debug_line    0x00002a1f      0x36a build/default/production/_ext/1954962658/DNS.o
 .debug_line    0x00002d89      0x12a build/default/production/_ext/1954962658/DNSs.o
 .debug_line    0x00002eb3      0x12a build/default/production/_ext/1954962658/DynDNS.o
 .debug_line    0x00002fdd      0x12a build/default/production/_ext/1954962658/ENC28J60.o
 .debug_line    0x00003107      0x537 build/default/production/_ext/1954962658/ENCX24J600.o
 .debug_line    0x0000363e      0x12a build/default/production/_ext/1954962658/FileSystem.o
 .debug_line    0x00003768      0x12a build/default/production/_ext/1954962658/FTP.o
 .debug_line    0x00003892      0x2a5 build/default/production/_ext/1954962658/Hashes.o
 .debug_line    0x00003b37      0x409 build/default/production/_ext/1954962658/Helpers.o
 .debug_line    0x00003f40      0x6c4 build/default/production/_ext/1954962658/HTTP2.o
 .debug_line    0x00004604      0x297 build/default/production/_ext/1954962658/ICMP.o
 .debug_line    0x0000489b      0x25a build/default/production/_ext/1954962658/IP.o
 .debug_line    0x00004af5      0x12a build/default/production/_ext/1954962658/LCDBlocking.o
 .debug_line    0x00004c1f      0x3d0 build/default/production/_ext/1954962658/MPFS2.o
 .debug_line    0x00004fef      0x2a8 build/default/production/_ext/1954962658/NBNS.o
 .debug_line    0x00005297      0x12a build/default/production/_ext/1954962658/Random.o
 .debug_line    0x000053c1      0x22f build/default/production/_ext/1954962658/Reboot.o
 .debug_line    0x000055f0      0x12a build/default/production/_ext/1954962658/RSA.o
 .debug_line    0x0000571a      0x5b3 build/default/production/_ext/1954962658/SMTP.o
 .debug_line    0x00005ccd      0x12a build/default/production/_ext/1954962658/SNMP.o
 .debug_line    0x00005df7      0x12a build/default/production/_ext/1954962658/SNMPv3.o
 .debug_line    0x00005f21      0x12a build/default/production/_ext/1954962658/SNMPv3USM.o
 .debug_line    0x0000604b      0x25d build/default/production/_ext/1954962658/SNTP.o
 .debug_line    0x000062a8      0x12a build/default/production/_ext/1954962658/SPIEEPROM.o
 .debug_line    0x000063d2      0x12a build/default/production/_ext/1954962658/SPIFlash.o