Archive member included because of file (symbol)

C:/Program Files (x86)/Microchip/MPLAB C32/bin/../lib/gcc/pic32mx/3.4.4\libgcc.a(_udivdi3.o)
                              build/default/production/_ext/1295770447/TCPPerformanceTest.o (__udivdi3)
C:/Program Files (x86)/Microchip/MPLAB C32/bin/../lib/gcc/pic32mx/3.4.4/../../../../pic32mx/lib\libc.a(memcmp.o)
                              build/default/production/_ext/1295770447/HTTP2.o (memcmp)
C:/Program Files (x86)/Microchip/MPLAB C32/bin/../lib/gcc/pic32mx/3.4.4/../../../../pic32mx/lib\libc.a(memcpy.o)
                              build/default/production/_ext/1472/UARTConfig.o (memcpy)
C:/Program Files (x86)/Microchip/MPLAB C32/bin/../lib/gcc/pic32mx/3.4.4/../../../../pic32mx/lib\libc.a(memset.o)
                              build/default/production/_ext/1295770447/DHCP.o (memset)
C:/Program Files (x86)/Microchip/MPLAB C32/bin/../lib/gcc/pic32mx/3.4.4/../../../../pic32mx/lib\libc.a(strcmp.o)
                              build/default/production/_ext/1295770447/HTTP2.o (strcmp)
C:/Program Files (x86)/Microchip/MPLAB C32/bin/../lib/gcc/pic32mx/3.4.4/../../../../pic32mx/lib\libc.a(strcpy.o)
                              build/default/production/_ext/1295770447/HTTP2.o (strcpy)
C:/Program Files (x86)/Microchip/MPLAB C32/bin/../lib/gcc/pic32mx/3.4.4/../../../../pic32mx/lib\libc.a(strlen.o)
                              build/default/production/_ext/1295770447/HTTP2.o (strlen)
C:/Program Files (x86)/Microchip/MPLAB C32/bin/../lib/gcc/pic32mx/3.4.4/../../../../pic32mx/lib\libc.a(general-exception.o)
                              C:/Program Files (x86)/Microchip/MPLAB C32/bin/../lib/gcc/pic32mx/3.4.4/../../../../pic32mx/lib/crt0.o (_general_exception_context)
C:/Program Files (x86)/Microchip/MPLAB C32/bin/../lib/gcc/pic32mx/3.4.4/../../../../pic32mx/lib\libc.a(strncmp.o)
                              build/default/production/_ext/1496989791/ZGCommon.o (strncmp)
C:/Program Files (x86)/Microchip/MPLAB C32/bin/../lib/gcc/pic32mx/3.4.4/../../../../pic32mx/lib\libc.a(exit.o)
                              C:/Program Files (x86)/Microchip/MPLAB C32/bin/../lib/gcc/pic32mx/3.4.4/../../../../pic32mx/lib/crt0.o (exit)
C:/Program Files (x86)/Microchip/MPLAB C32/bin/../lib/gcc/pic32mx/3.4.4/../../../../pic32mx/lib\libc.a(rand.o)
                              build/default/production/_ext/1295770447/Helpers.o (rand)
C:/Program Files (x86)/Microchip/MPLAB C32/bin/../lib/gcc/pic32mx/3.4.4/../../../../pic32mx/lib\libc.a(atol.o)
                              build/default/production/_ext/1295770447/HTTP2.o (atol)
C:/Program Files (x86)/Microchip/MPLAB C32/bin/../lib/gcc/pic32mx/3.4.4/../../../../pic32mx/lib\libc.a(atoi.o)
                              build/default/production/_ext/1472/UARTConfig.o (atoi)
C:/Program Files (x86)/Microchip/MPLAB C32/bin/../lib/gcc/pic32mx/3.4.4/../../../../pic32mx/lib\libc.a(strtol.o)
                              C:/Program Files (x86)/Microchip/MPLAB C32/bin/../lib/gcc/pic32mx/3.4.4/../../../../pic32mx/lib\libc.a(atol.o) (strtol)
C:/Program Files (x86)/Microchip/MPLAB C32/bin/../lib/gcc/pic32mx/3.4.4/../../../../pic32mx/lib\libc.a(stubs.o)
                              C:/Program Files (x86)/Microchip/MPLAB C32/bin/../lib/gcc/pic32mx/3.4.4/../../../../pic32mx/lib\libc.a(rand.o) (_libc_private_storage)
C:/Program Files (x86)/Microchip/MPLAB C32/bin/../lib/gcc/pic32mx/3.4.4/../../../../pic32mx/lib\libc.a(default-bootstrap-exception-handler.o)
                              C:/Program Files (x86)/Microchip/MPLAB C32/bin/../lib/gcc/pic32mx/3.4.4/../../../../pic32mx/lib/crt0.o (_bootstrap_exception_handler)
C:/Program Files (x86)/Microchip/MPLAB C32/bin/../lib/gcc/pic32mx/3.4.4/../../../../pic32mx/lib\libc.a(default-on-reset.o)
                              C:/Program Files (x86)/Microchip/MPLAB C32/bin/../lib/gcc/pic32mx/3.4.4/../../../../pic32mx/lib/crt0.o (_on_reset)
C:/Program Files (x86)/Microchip/MPLAB C32/bin/../lib/gcc/pic32mx/3.4.4/../../../../pic32mx/lib\libc.a(default-on-bootstrap.o)
                              C:/Program Files (x86)/Microchip/MPLAB C32/bin/../lib/gcc/pic32mx/3.4.4/../../../../pic32mx/lib/crt0.o (_on_bootstrap)
C:/Program Files (x86)/Microchip/MPLAB C32/bin/../lib/gcc/pic32mx/3.4.4/../../../../pic32mx/lib\libc.a(default-nmi-handler.o)
                              C:/Program Files (x86)/Microchip/MPLAB C32/bin/../lib/gcc/pic32mx/3.4.4/../../../../pic32mx/lib/crt0.o (_nmi_handler)
C:/Program Files (x86)/Microchip/MPLAB C32/bin/../lib/gcc/pic32mx/3.4.4/../../../../pic32mx/lib\libc.a(_exit.o)
                              C:/Program Files (x86)/Microchip/MPLAB C32/bin/../lib/gcc/pic32mx/3.4.4/../../../../pic32mx/lib\libc.a(exit.o) (_exit)
C:/Program Files (x86)/Microchip/MPLAB C32/bin/../lib/gcc/pic32mx/3.4.4/../../../../pic32mx/lib\libc.a(ctype.o)
                              C:/Program Files (x86)/Microchip/MPLAB C32/bin/../lib/gcc/pic32mx/3.4.4/../../../../pic32mx/lib\libc.a(strtol.o) (_ctype)
[...]
Memory Configuration

Name             Origin             Length             Attributes
kseg0_program_mem 0x9d000000         0x00080000         xr
kseg0_boot_mem   0x9fc00490         0x00000970
exception_mem    0x9fc01000         0x00001000
kseg1_boot_mem   0xbfc00000         0x00000490
debug_exec_mem   0xbfc02000         0x00000ff0
config3          0xbfc02ff0         0x00000004
config2          0xbfc02ff4         0x00000004
config1          0xbfc02ff8         0x00000004
config0          0xbfc02ffc         0x00000004
kseg1_data_mem   0xa0000000         0x00008000         w !x
sfrs             0xbf800000         0x00100000
configsfrs       0xbfc02ff0         0x00000010
*default*        0x00000000         0xffffffff

Linker script and memory map

LOAD C:/Program Files (x86)/Microchip/MPLAB C32/bin/../lib/gcc/pic32mx/3.4.4/../../../../pic32mx/lib/crt0.o
LOAD build/default/production/_ext/1472/UARTConfig.o
LOAD build/default/production/_ext/1472/GenericTCPClient.o
LOAD build/default/production/_ext/1472/GenericTCPServer.o
LOAD build/default/production/_ext/1472/LegacyHTTPApp.o
LOAD build/default/production/_ext/1472/PingDemo.o
LOAD build/default/production/_ext/1472/SMTPDemo.o
LOAD build/default/production/_ext/1472/BerkeleyUDPClientDemo.o
LOAD build/default/production/_ext/1472/BerkeleyTCPClientDemo.o
LOAD build/default/production/_ext/1472/BerkeleyTCPServerDemo.o
LOAD build/default/production/_ext/1295770447/UDPPerformanceTest.o
LOAD build/default/production/_ext/1295770447/Announce.o
LOAD build/default/production/_ext/1295770447/ARP.o
LOAD build/default/production/_ext/1295770447/Delay.o
LOAD build/default/production/_ext/1295770447/DHCP.o
LOAD build/default/production/_ext/1295770447/DHCPs.o
LOAD build/default/production/_ext/1295770447/DNS.o
LOAD build/default/production/_ext/1295770447/DynDNS.o
LOAD build/default/production/_ext/1295770447/FTP.o
LOAD build/default/production/_ext/1295770447/Hashes.o
LOAD build/default/production/_ext/1295770447/Helpers.o
LOAD build/default/production/_ext/1295770447/HTTP2.o
LOAD build/default/production/_ext/1295770447/HTTP.o
LOAD build/default/production/_ext/1295770447/ICMP.o
LOAD build/default/production/_ext/1295770447/IP.o
LOAD build/default/production/_ext/1295770447/LCDBlocking.o
LOAD build/default/production/_ext/1295770447/MPFS2.o
LOAD build/default/production/_ext/1295770447/MPFS.o
LOAD build/default/production/_ext/1295770447/NBNS.o
LOAD build/default/production/_ext/1295770447/Reboot.o
LOAD build/default/production/_ext/1295770447/SMTP.o
LOAD build/default/production/_ext/1295770447/SNMP.o
LOAD build/default/production/_ext/1295770447/SNTP.o
LOAD build/default/production/_ext/1295770447/StackTsk.o
LOAD build/default/production/_ext/1295770447/TCP.o
LOAD build/default/production/_ext/1295770447/TCPPerformanceTest.o
LOAD build/default/production/_ext/1295770447/Telnet.o
LOAD build/default/production/_ext/1295770447/TFTPc.o
LOAD build/default/production/_ext/1295770447/Tick.o
LOAD build/default/production/_ext/1295770447/UART2TCPBridge.o
LOAD build/default/production/_ext/1295770447/UART.o
LOAD build/default/production/_ext/1295770447/UDP.o
LOAD build/default/production/_ext/1295770447/BerkeleyAPI.o
LOAD build/default/production/_ext/1472/MPFSImg2.o
LOAD build/default/production/_ext/1295770447/SSL.o
LOAD build/default/production/_ext/1295770447/ARCFOUR.o
LOAD build/default/production/_ext/1295770447/BigInt.o
LOAD build/default/production/_ext/1295770447/BigInt_helper_C32.o
LOAD build/default/production/_ext/1295770447/Random.o
LOAD build/default/production/_ext/1295770447/RSA.o
LOAD build/default/production/_ext/1295770447/AutoIP.o
LOAD build/default/production/_ext/1496989791/ZGDriverRaw.o
LOAD build/default/production/_ext/1496989791/ZGAccessApp.o
LOAD build/default/production/_ext/1496989791/ZGAccessSys.o
LOAD build/default/production/_ext/1496989791/ZGEint.o
LOAD build/default/production/_ext/1496989791/ZGHWReset.o
LOAD build/default/production/_ext/1496989791/ZGSpi.o
LOAD build/default/production/_ext/1496989791/ZG2100.o
LOAD build/default/production/_ext/1496989791/ZGDriverCom.o
LOAD build/default/production/_ext/1496989791/ZGDriverIFace.o
LOAD build/default/production/_ext/1496989791/ZGDriverMac.o
LOAD build/default/production/_ext/1496989791/ZGWifiMgrII.o
LOAD build/default/production/_ext/1496989791/ZGAdhocMgrII.o
LOAD build/default/production/_ext/1496989791/ZGCommon.o
LOAD build/default/production/_ext/1496989791/ZGLibCfg.o
LOAD build/default/production/_ext/1496989791/ZGLibIface.o
LOAD build/default/production/_ext/1496989791/ZGLinkMgrII.o
LOAD build/default/production/_ext/1496989791/ZGEasyConfig.o
LOAD build/default/production/_ext/1472/MainDemo.o
LOAD build/default/production/_ext/1472/CustomHTTPApp.o
LOAD build/default/production/_ext/1472/CustomSNMPApp.o
LOAD build/default/production/_ext/1472/CustomSSLCert.o
                0x00000001                __MPLAB_BUILD = 0x1
LOAD C:/Program Files (x86)/Microchip/MPLAB C32/bin/../lib/gcc/pic32mx/3.4.4\libgcc.a
START GROUP
LOAD C:/Program Files (x86)/Microchip/MPLAB C32/bin/../lib/gcc/pic32mx/3.4.4/../../../../pic32mx/lib\libdebug.a
LOAD C:/Program Files (x86)/Microchip/MPLAB C32/bin/../lib/gcc/pic32mx/3.4.4/../../../../pic32mx/lib\libc.a
LOAD C:/Program Files (x86)/Microchip/MPLAB C32/bin/../lib/gcc/pic32mx/3.4.4/../../../../pic32mx/lib\libm.a
LOAD C:/Program Files (x86)/Microchip/MPLAB C32/bin/../lib/gcc/pic32mx/3.4.4/../../../../pic32mx/lib\libe.a
LOAD C:/Program Files (x86)/Microchip/MPLAB C32/bin/../lib/gcc/pic32mx/3.4.4/../../../../pic32mx/lib\libdsp.a
LOAD C:/Program Files (x86)/Microchip/MPLAB C32/bin/../lib/gcc/pic32mx/3.4.4/../../../../pic32mx/lib\libmchp_peripheral.a
LOAD C:/Program Files (x86)/Microchip/MPLAB C32/bin/../lib/gcc/pic32mx/3.4.4/../../../../pic32mx/lib\libmchp_peripheral_32MX460F512L.a
END GROUP
LOAD C:/Program Files (x86)/Microchip/MPLAB C32/bin/../lib/gcc/pic32mx/3.4.4\libgcc.a
                0x00000400                PROVIDE (_min_stack_size, 0x400)
                0x00000000                PROVIDE (_min_heap_size, 0x0)
LOAD C:/Program Files (x86)/Microchip/MPLAB C32/bin/../lib/gcc/pic32mx/3.4.4/../../../../pic32mx/lib/./proc/32MX460F512L\processor.o
                0x00000001                PROVIDE (_vector_spacing, 0x1)
                0x9fc01000                _ebase_address = 0x9fc01000
                0xbfc00000                _RESET_ADDR = 0xbfc00000
                0xbfc00380                _BEV_EXCPT_ADDR = 0xbfc00380
                0xbfc00480                _DBG_EXCPT_ADDR = 0xbfc00480
                0xbfc02000                _DBG_CODE_ADDR = 0xbfc02000
                0x9fc01180                _GEN_EXCPT_ADDR = (_ebase_address + 0x180)

.config_BFC02FF0
 *(.config_BFC02FF0)

.config_BFC02FF4
                0xbfc02ff4        0x4
 *(.config_BFC02FF4)
 .config_BFC02FF4
                0xbfc02ff4        0x4 build/default/production/_ext/1472/MainDemo.o

.config_BFC02FF8
                0xbfc02ff8        0x4
 *(.config_BFC02FF8)
 .config_BFC02FF8
                0xbfc02ff8        0x4 build/default/production/_ext/1472/MainDemo.o

.config_BFC02FFC
                0xbfc02ffc        0x4
 *(.config_BFC02FFC)
 .config_BFC02FFC
                0xbfc02ffc        0x4 build/default/production/_ext/1472/MainDemo.o

.reset          0xbfc00000       0x10
 *(.reset)
 .reset         0xbfc00000       0x10 C:/Program Files (x86)/Microchip/MPLAB C32/bin/../lib/gcc/pic32mx/3.4.4/../../../../pic32mx/lib/crt0.o
                0xbfc00000                _reset

.bev_excpt      0xbfc00380       0x10
 *(.bev_handler)
 .bev_handler   0xbfc00380       0x10 C:/Program Files (x86)/Microchip/MPLAB C32/bin/../lib/gcc/pic32mx/3.4.4/../../../../pic32mx/lib/crt0.o

.dbg_excpt      0xbfc00480        0x0
                0xbfc00480                . = (. + DEFINED (_DEBUGGER)?0x8:0x0)

.dbg_code       0xbfc02000        0x0
                0xbfc02000                . = (. + DEFINED (_DEBUGGER)?0xff0:0x0)

.app_excpt      0x9fc01180       0x10
 *(.gen_handler)
 .gen_handler   0x9fc01180       0x10 C:/Program Files (x86)/Microchip/MPLAB C32/bin/../lib/gcc/pic32mx/3.4.4/../../../../pic32mx/lib/crt0.o

.vector_0       0x9fc01200        0x0
 *(.vector_0)
                0x00000001                ASSERT (((_vector_spacing == 0x0) || (SIZEOF (.vector_0) <= (_vector_spacing << 0x5))), function at exception vector 0 too large)

.vector_1       0x9fc01220        0x0
 *(.vector_1)
                0x00000001                ASSERT (((_vector_spacing == 0x0) || (SIZEOF (.vector_1) <= (_vector_spacing << 0x5))), function at exception vector 1 too large)

.vector_2       0x9fc01240        0x0
 *(.vector_2)
                0x00000001                ASSERT (((_vector_spacing == 0x0) || (SIZEOF (.vector_2) <= (_vector_spacing << 0x5))), function at exception vector 2 too large)

.vector_3       0x9fc01260        0x0
 *(.vector_3)
                0x00000001                ASSERT (((_vector_spacing == 0x0) || (SIZEOF (.vector_3) <= (_vector_spacing << 0x5))), function at exception vector 3 too large)

.vector_4       0x9fc01280        0x8
 *(.vector_4)
 .vector_4      0x9fc01280        0x8 build/default/production/_ext/1295770447/Tick.o
                0x00000001                ASSERT (((_vector_spacing == 0x0) || (SIZEOF (.vector_4) <= (_vector_spacing << 0x5))), function at exception vector 4 too large)

.vector_5       0x9fc012a0        0x0
 *(.vector_5)
                0x00000001                ASSERT (((_vector_spacing == 0x0) || (SIZEOF (.vector_5) <= (_vector_spacing << 0x5))), function at exception vector 5 too large)

.vector_6       0x9fc012c0        0x0
 *(.vector_6)
                0x00000001                ASSERT (((_vector_spacing == 0x0) || (SIZEOF (.vector_6) <= (_vector_spacing << 0x5))), function at exception vector 6 too large)

.vector_7       0x9fc012e0        0x0
 *(.vector_7)
                0x00000001                ASSERT (((_vector_spacing == 0x0) || (SIZEOF (.vector_7) <= (_vector_spacing << 0x5))), function at exception vector 7 too large)

.vector_8       0x9fc01300        0x8
 *(.vector_8)
 .vector_8      0x9fc01300        0x8 build/default/production/_ext/1496989791/ZGEint.o
                0x00000001                ASSERT (((_vector_spacing == 0x0) || (SIZEOF (.vector_8) <= (_vector_spacing << 0x5))), function at exception vector 8 too large)

.vector_9       0x9fc01320        0x0
 *(.vector_9)
                0x00000001                ASSERT (((_vector_spacing == 0x0) || (SIZEOF (.vector_9) <= (_vector_spacing << 0x5))), function at exception vector 9 too large)

.vector_10      0x9fc01340        0x0
 *(.vector_10)
                0x00000001                ASSERT (((_vector_spacing == 0x0) || (SIZEOF (.vector_10) <= (_vector_spacing << 0x5))), function at exception vector 10 too large)

.vector_11      0x9fc01360        0x0
 *(.vector_11)
                0x00000001                ASSERT (((_vector_spacing == 0x0) || (SIZEOF (.vector_11) <= (_vector_spacing << 0x5))), function at exception vector 11 too large)

.vector_12      0x9fc01380        0x0
 *(.vector_12)
                0x00000001                ASSERT (((_vector_spacing == 0x0) || (SIZEOF (.vector_12) <= (_vector_spacing << 0x5))), function at exception vector 12 too large)

.vector_13      0x9fc013a0        0x0
 *(.vector_13)
                0x00000001                ASSERT (((_vector_spacing == 0x0) || (SIZEOF (.vector_13) <= (_vector_spacing << 0x5))), function at exception vector 13 too large)

.vector_14      0x9fc013c0        0x0
 *(.vector_14)
                0x00000001                ASSERT (((_vector_spacing == 0x0) || (SIZEOF (.vector_14) <= (_vector_spacing << 0x5))), function at exception vector 14 too large)

.vector_15      0x9fc013e0        0x0
 *(.vector_15)
                0x00000001                ASSERT (((_vector_spacing == 0x0) || (SIZEOF (.vector_15) <= (_vector_spacing << 0x5))), function at exception vector 15 too large)

.vector_16      0x9fc01400        0x0
 *(.vector_16)
                0x00000001                ASSERT (((_vector_spacing == 0x0) || (SIZEOF (.vector_16) <= (_vector_spacing << 0x5))), function at exception vector 16 too large)

.vector_17      0x9fc01420        0x0
 *(.vector_17)
                0x00000001                ASSERT (((_vector_spacing == 0x0) || (SIZEOF (.vector_17) <= (_vector_spacing << 0x5))), function at exception vector 17 too large)

.vector_18      0x9fc01440        0x0
 *(.vector_18)
                0x00000001                ASSERT (((_vector_spacing == 0x0) || (SIZEOF (.vector_18) <= (_vector_spacing << 0x5))), function at exception vector 18 too large)

.vector_19      0x9fc01460        0x0
 *(.vector_19)
                0x00000001                ASSERT (((_vector_spacing == 0x0) || (SIZEOF (.vector_19) <= (_vector_spacing << 0x5))), function at exception vector 19 too large)

.vector_20      0x9fc01480        0x0
 *(.vector_20)
                0x00000001                ASSERT (((_vector_spacing == 0x0) || (SIZEOF (.vector_20) <= (_vector_spacing << 0x5))), function at exception vector 20 too large)

.vector_21      0x9fc014a0        0x0
 *(.vector_21)
                0x00000001                ASSERT (((_vector_spacing == 0x0) || (SIZEOF (.vector_21) <= (_vector_spacing << 0x5))), function at exception vector 21 too large)

.vector_22      0x9fc014c0        0x0
 *(.vector_22)
                0x00000001                ASSERT (((_vector_spacing == 0x0) || (SIZEOF (.vector_22) <= (_vector_spacing << 0x5))), function at exception vector 22 too large)

.vector_23      0x9fc014e0        0x0
 *(.vector_23)
                0x00000001                ASSERT (((_vector_spacing == 0x0) || (SIZEOF (.vector_23) <= (_vector_spacing << 0x5))), function at exception vector 23 too large)

.vector_24      0x9fc01500        0x0
 *(.vector_24)
                0x00000001                ASSERT (((_vector_spacing == 0x0) || (SIZEOF (.vector_24) <= (_vector_spacing << 0x5))), function at exception vector 24 too large)

.vector_25      0x9fc01520        0x0
 *(.vector_25)
                0x00000001                ASSERT (((_vector_spacing == 0x0) || (SIZEOF (.vector_25) <= (_vector_spacing << 0x5))), function at exception vector 25 too large)

.vector_26      0x9fc01540        0x0
 *(.vector_26)
                0x00000001                ASSERT (((_vector_spacing == 0x0) || (SIZEOF (.vector_26) <= (_vector_spacing << 0x5))), function at exception vector 26 too large)

.vector_27      0x9fc01560        0x0
 *(.vector_27)
                0x00000001                ASSERT (((_vector_spacing == 0x0) || (SIZEOF (.vector_27) <= (_vector_spacing << 0x5))), function at exception vector 27 too large)

.vector_28      0x9fc01580        0x0
 *(.vector_28)
                0x00000001                ASSERT (((_vector_spacing == 0x0) || (SIZEOF (.vector_28) <= (_vector_spacing << 0x5))), function at exception vector 28 too large)

.vector_29      0x9fc015a0        0x0
 *(.vector_29)
                0x00000001                ASSERT (((_vector_spacing == 0x0) || (SIZEOF (.vector_29) <= (_vector_spacing << 0x5))), function at exception vector 29 too large)

.vector_30      0x9fc015c0        0x0
 *(.vector_30)
                0x00000001                ASSERT (((_vector_spacing == 0x0) || (SIZEOF (.vector_30) <= (_vector_spacing << 0x5))), function at exception vector 30 too large)

.vector_31      0x9fc015e0        0x0
 *(.vector_31)
                0x00000001                ASSERT (((_vector_spacing == 0x0) || (SIZEOF (.vector_31) <= (_vector_spacing << 0x5))), function at exception vector 31 too large)

.vector_32      0x9fc01600        0x0
 *(.vector_32)
                0x00000001                ASSERT (((_vector_spacing == 0x0) || (SIZEOF (.vector_32) <= (_vector_spacing << 0x5))), function at exception vector 32 too large)

.vector_33      0x9fc01620        0x0
 *(.vector_33)
                0x00000001                ASSERT (((_vector_spacing == 0x0) || (SIZEOF (.vector_33) <= (_vector_spacing << 0x5))), function at exception vector 33 too large)

.vector_34      0x9fc01640        0x0
 *(.vector_34)
                0x00000001                ASSERT (((_vector_spacing == 0x0) || (SIZEOF (.vector_34) <= (_vector_spacing << 0x5))), function at exception vector 34 too large)

.vector_35      0x9fc01660        0x0
 *(.vector_35)
                0x00000001                ASSERT (((_vector_spacing == 0x0) || (SIZEOF (.vector_35) <= (_vector_spacing << 0x5))), function at exception vector 35 too large)

.vector_36      0x9fc01680        0x0
 *(.vector_36)
                0x00000001                ASSERT (((_vector_spacing == 0x0) || (SIZEOF (.vector_36) <= (_vector_spacing << 0x5))), function at exception vector 36 too large)

.vector_37      0x9fc016a0        0x0
 *(.vector_37)
                0x00000001                ASSERT (((_vector_spacing == 0x0) || (SIZEOF (.vector_37) <= (_vector_spacing << 0x5))), function at exception vector 37 too large)

.vector_38      0x9fc016c0        0x0
 *(.vector_38)
                0x00000001                ASSERT (((_vector_spacing == 0x0) || (SIZEOF (.vector_38) <= (_vector_spacing << 0x5))), function at exception vector 38 too large)

.vector_39      0x9fc016e0        0x0
 *(.vector_39)
                0x00000001                ASSERT (((_vector_spacing == 0x0) || (SIZEOF (.vector_39) <= (_vector_spacing << 0x5))), function at exception vector 39 too large)

.vector_40      0x9fc01700        0x0
 *(.vector_40)
                0x00000001                ASSERT (((_vector_spacing == 0x0) || (SIZEOF (.vector_40) <= (_vector_spacing << 0x5))), function at exception vector 40 too large)

.vector_41      0x9fc01720        0x0
 *(.vector_41)
                0x00000001                ASSERT (((_vector_spacing == 0x0) || (SIZEOF (.vector_41) <= (_vector_spacing << 0x5))), function at exception vector 41 too large)

.vector_42      0x9fc01740        0x0
 *(.vector_42)
                0x00000001                ASSERT (((_vector_spacing == 0x0) || (SIZEOF (.vector_42) <= (_vector_spacing << 0x5))), function at exception vector 42 too large)

.vector_43      0x9fc01760        0x0
 *(.vector_43)
                0x00000001                ASSERT (((_vector_spacing == 0x0) || (SIZEOF (.vector_43) <= (_vector_spacing << 0x5))), function at exception vector 43 too large)

.vector_44      0x9fc01780        0x0
 *(.vector_44)
                0x00000001                ASSERT (((_vector_spacing == 0x0) || (SIZEOF (.vector_44) <= (_vector_spacing << 0x5))), function at exception vector 44 too large)

.vector_45      0x9fc017a0        0x0
 *(.vector_45)
                0x00000001                ASSERT (((_vector_spacing == 0x0) || (SIZEOF (.vector_45) <= (_vector_spacing << 0x5))), function at exception vector 45 too large)

.vector_46      0x9fc017c0        0x0
 *(.vector_46)
                0x00000001                ASSERT (((_vector_spacing == 0x0) || (SIZEOF (.vector_46) <= (_vector_spacing << 0x5))), function at exception vector 46 too large)

.vector_47      0x9fc017e0        0x0
 *(.vector_47)
                0x00000001                ASSERT (((_vector_spacing == 0x0) || (SIZEOF (.vector_47) <= (_vector_spacing << 0x5))), function at exception vector 47 too large)

.vector_48      0x9fc01800        0x0
 *(.vector_48)
                0x00000001                ASSERT (((_vector_spacing == 0x0) || (SIZEOF (.vector_48) <= (_vector_spacing << 0x5))), function at exception vector 48 too large)

.vector_49      0x9fc01820        0x0
 *(.vector_49)
                0x00000001                ASSERT (((_vector_spacing == 0x0) || (SIZEOF (.vector_49) <= (_vector_spacing << 0x5))), function at exception vector 49 too large)

.vector_50      0x9fc01840        0x0
 *(.vector_50)
                0x00000001                ASSERT (((_vector_spacing == 0x0) || (SIZEOF (.vector_50) <= (_vector_spacing << 0x5))), function at exception vector 50 too large)

.vector_51      0x9fc01860        0x0
 *(.vector_51)
                0x00000001                ASSERT (((_vector_spacing == 0x0) || (SIZEOF (.vector_51) <= (_vector_spacing << 0x5))), function at exception vector 51 too large)

.vector_52      0x9fc01880        0x0
 *(.vector_52)
                0x00000001                ASSERT (((_vector_spacing == 0x0) || (SIZEOF (.vector_52) <= (_vector_spacing << 0x5))), function at exception vector 52 too large)

.vector_53      0x9fc018a0        0x0
 *(.vector_53)
                0x00000001                ASSERT (((_vector_spacing == 0x0) || (SIZEOF (.vector_53) <= (_vector_spacing << 0x5))), function at exception vector 53 too large)

.vector_54      0x9fc018c0        0x0
 *(.vector_54)
                0x00000001                ASSERT (((_vector_spacing == 0x0) || (SIZEOF (.vector_54) <= (_vector_spacing << 0x5))), function at exception vector 54 too large)

.vector_55      0x9fc018e0        0x0
 *(.vector_55)
                0x00000001                ASSERT (((_vector_spacing == 0x0) || (SIZEOF (.vector_55) <= (_vector_spacing << 0x5))), function at exception vector 55 too large)

.vector_56      0x9fc01900        0x0
 *(.vector_56)
                0x00000001                ASSERT (((_vector_spacing == 0x0) || (SIZEOF (.vector_56) <= (_vector_spacing << 0x5))), function at exception vector 56 too large)

.vector_57      0x9fc01920        0x0
 *(.vector_57)
                0x00000001                ASSERT (((_vector_spacing == 0x0) || (SIZEOF (.vector_57) <= (_vector_spacing << 0x5))), function at exception vector 57 too large)

.vector_58      0x9fc01940        0x0
 *(.vector_58)
                0x00000001                ASSERT (((_vector_spacing == 0x0) || (SIZEOF (.vector_58) <= (_vector_spacing << 0x5))), function at exception vector 58 too large)

.vector_59      0x9fc01960        0x0
 *(.vector_59)
                0x00000001                ASSERT (((_vector_spacing == 0x0) || (SIZEOF (.vector_59) <= (_vector_spacing << 0x5))), function at exception vector 59 too large)

.vector_60      0x9fc01980        0x0
 *(.vector_60)
                0x00000001                ASSERT (((_vector_spacing == 0x0) || (SIZEOF (.vector_60) <= (_vector_spacing << 0x5))), function at exception vector 60 too large)

.vector_61      0x9fc019a0        0x0
 *(.vector_61)
                0x00000001                ASSERT (((_vector_spacing == 0x0) || (SIZEOF (.vector_61) <= (_vector_spacing << 0x5))), function at exception vector 61 too large)

.vector_62      0x9fc019c0        0x0
 *(.vector_62)
                0x00000001                ASSERT (((_vector_spacing == 0x0) || (SIZEOF (.vector_62) <= (_vector_spacing << 0x5))), function at exception vector 62 too large)

.vector_63      0x9fc019e0        0x0
 *(.vector_63)
                0x00000001                ASSERT (((_vector_spacing == 0x0) || (SIZEOF (.vector_63) <= (_vector_spacing << 0x5))), function at exception vector 63 too large)

.startup        0x9fc00490      0x1e0
 *(.startup)
 .startup       0x9fc00490      0x1e0 C:/Program Files (x86)/Microchip/MPLAB C32/bin/../lib/gcc/pic32mx/3.4.4/../../../../pic32mx/lib/crt0.o

.text           0x9d000000    0x24a54
                0x9d000000                _text_begin = .
 *(.text .stub .text.* .gnu.linkonce.t.*)
 .text          0x9d000000       0x18 C:/Program Files (x86)/Microchip/MPLAB C32/bin/../lib/gcc/pic32mx/3.4.4/../../../../pic32mx/lib/crt0.o
 .text          0x9d000018      0x4d0 build/default/production/_ext/1472/UARTConfig.o
                0x9d000018                DoUARTConfig
 .text          0x9d0004e8      0x320 build/default/production/_ext/1472/GenericTCPClient.o
                0x9d0004e8                GenericTCPClient
 .text          0x9d000808      0x210 build/default/production/_ext/1472/GenericTCPServer.o
                0x9d000808                GenericTCPServer
 .text          0x9d000a18        0x0 build/default/production/_ext/1472/LegacyHTTPApp.o
 .text          0x9d000a18        0x0 build/default/production/_ext/1472/PingDemo.o
 .text          0x9d000a18        0x0 build/default/production/_ext/1472/SMTPDemo.o
 .text          0x9d000a18        0x0 build/default/production/_ext/1472/BerkeleyUDPClientDemo.o
 .text          0x9d000a18        0x0 build/default/production/_ext/1472/BerkeleyTCPClientDemo.o
 .text          0x9d000a18        0x0 build/default/production/_ext/1472/BerkeleyTCPServerDemo.o
 .text          0x9d000a18        0x0 build/default/production/_ext/1295770447/UDPPerformanceTest.o
 .text          0x9d000a18      0x3a4 build/default/production/_ext/1295770447/Announce.o
                0x9d000a18                AnnounceIP
                0x9d000b78                DiscoveryTask
 .text          0x9d000dbc      0x710 build/default/production/_ext/1295770447/ARP.o
                0x9d000ec0                ARPInit
                0x9d000f50                ARPProcess
                0x9d001264                ARPResolve
                0x9d001344                ARPIsResolved
                0x9d001444                SwapARPPacket
 .text          0x9d0014cc       0xec build/default/production/_ext/1295770447/Delay.o
                0x9d0014cc                DelayMs
                0x9d001550                Delay10us
 .text          0x9d0015b8     0x16bc build/default/production/_ext/1295770447/DHCP.o
                0x9d0015b8                DHCPInit
                0x9d0016a4                DHCPDisable
                0x9d001714                DHCPEnable
                0x9d001778                DHCPIsEnabled
                0x9d0017b0                DHCPIsBound
                0x9d0017ec                DHCPStateChanged
                0x9d00185c                DHCPIsServerDetected
                0x9d001898                DHCPTask
 .text          0x9d002c74      0xac0 build/default/production/_ext/1295770447/DHCPs.o
                0x9d002c74                DHCPServerTask
 .text          0x9d003734      0xe3c build/default/production/_ext/1295770447/DNS.o
                0x9d003734                DNSBeginUsage
                0x9d00378c                DNSEndUsage
                0x9d003800                DNSResolve
                0x9d003894                DNSIsResolved
 .text          0x9d004570        0x0 build/default/production/_ext/1295770447/DynDNS.o
 .text          0x9d004570        0x0 build/default/production/_ext/1295770447/FTP.o
 .text          0x9d004570      0x76c build/default/production/_ext/1295770447/Hashes.o
                0x9d004570                HashAddData
                0x9d0045d0                MD5Initialize
                0x9d004644                MD5AddData
                0x9d004a00                MD5Calculate
 .text          0x9d004cdc     0x1304 build/default/production/_ext/1295770447/Helpers.o
                0x9d004cdc                GenerateRandomDWORD
                0x9d004f24                StringToIPAddress
                0x9d005224                Base64Decode
                0x9d005588                uitoa
                0x9d0056ac                ultoa
                0x9d0057d0                hexatob
                0x9d0058a4                btohexa_high
                0x9d005914                btohexa_low
                0x9d005984                stricmppgm2ram
                0x9d005b04                swaps
                0x9d005b50                swapl
                0x9d005bd8                CalcIPChecksum
                0x9d005cb8                CalcIPBufferChecksum
                0x9d005df0                strupr
                0x9d005e80                FormatNetBIOSName
                0x9d005f38                strnchr
 .text          0x9d005fe0     0x36e4 build/default/production/_ext/1295770447/HTTP2.o
                0x9d005fe0                HTTPPrint
                0x9d0064b0                HTTPPrint_
                0x9d006500                HTTPInit
                0x9d006600                HTTPServer
                0x9d008d78                HTTPURLDecode
                0x9d008f4c                HTTPGetArg
                0x9d009018                HTTPReadPostName
                0x9d009094                HTTPReadPostValue
                0x9d0094c4                HTTPIncFile
 .text          0x9d0096c4        0x0 build/default/production/_ext/1295770447/HTTP.o
 .text          0x9d0096c4      0x148 build/default/production/_ext/1295770447/ICMP.o
                0x9d0096c4                ICMPProcess
 .text          0x9d00980c      0x3bc build/default/production/_ext/1295770447/IP.o
                0x9d00980c                IPGetHeader
                0x9d0099e8                IPPutHeader
                0x9d009af4                IPSetRxBuffer
 .text          0x9d009bc8      0x48c build/default/production/_ext/1295770447/LCDBlocking.o
                0x9d009ca4                LCDInit
                0x9d009e24                LCDUpdate
                0x9d009ff8                LCDErase
 .text          0x9d00a054     0x1818 build/default/production/_ext/1295770447/MPFS2.o
                0x9d00a054                MPFSInit
                0x9d00a0dc                MPFSOpen
                0x9d00a414                MPFSOpenID
                0x9d00a5a8                MPFSClose
                0x9d00a614                MPFSGet
                0x9d00a860                MPFSGetArray
                0x9d00ab14                MPFSGetLong
                0x9d00ab68                MPFSSeek
                0x9d00b068                MPFSGetTimestamp
                0x9d00b134                MPFSGetMicrotime
                0x9d00b200                MPFSGetFlags
                0x9d00b2cc                MPFSGetSize
                0x9d00b398                MPFSGetBytesRem
                0x9d00b444                MPFSGetStartAddr
                0x9d00b514                MPFSGetEndAddr
                0x9d00b5f8                MPFSGetFilename
                0x9d00b708                MPFSGetPosition
                0x9d00b77c                MPFSGetID
 .text          0x9d00b86c        0x0 build/default/production/_ext/1295770447/MPFS.o
 .text          0x9d00b86c      0x6fc build/default/production/_ext/1295770447/NBNS.o
                0x9d00b86c                NBNSTask
 .text          0x9d00bf68      0x178 build/default/production/_ext/1295770447/Reboot.o
                0x9d00bf68                RebootTask
 .text          0x9d00c0e0        0x0 build/default/production/_ext/1295770447/SMTP.o
 .text          0x9d00c0e0        0x0 build/default/production/_ext/1295770447/SNMP.o
 .text          0x9d00c0e0        0x0 build/default/production/_ext/1295770447/SNTP.o
 .text          0x9d00c0e0      0x414 build/default/production/_ext/1295770447/StackTsk.o
                0x9d00c0e0                StackInit
                0x9d00c1a4                StackTask
                0x9d00c494                StackApplications
 .text          0x9d00c4f4     0x87c0 build/default/production/_ext/1295770447/TCP.o
                0x9d00c628                TCPInit
                0x9d00c928                TCPOpen
                0x9d00cd9c                TCPWasReset
                0x9d00ce48                TCPIsConnected
                0x9d00cea4                TCPDisconnect
                0x9d00d128                TCPClose
                0x9d00d1a0                TCPGetRemoteInfo
                0x9d00d21c                TCPFlush
                0x9d00d2a4                TCPIsPutReady
                0x9d00d498                TCPPut
                0x9d00d7ec                TCPPutArray
                0x9d00dc70                TCPPutString
                0x9d00dcd4                TCPGetTxFIFOFull
                0x9d00dd88                TCPDiscard
                0x9d00de30                TCPIsGetReady
                0x9d00dfcc                TCPGet
                0x9d00e254                TCPGetArray
                0x9d00e634                TCPGetRxFIFOFree
                0x9d00e6e4                TCPPeekArray
                0x9d00e9a8                TCPPeek
                0x9d00ea04                TCPFindArrayEx
                0x9d00f020                TCPFindEx
                0x9d00f094                TCPTick
                0x9d0100b8                TCPProcess
                0x9d014388                TCPAdjustFIFOSize
 .text          0x9d014cb4      0x5b0 build/default/production/_ext/1295770447/TCPPerformanceTest.o
                0x9d014cb4                TCPPerformanceTask
                0x9d014cec                TCPTXPerformanceTask
                0x9d015030                TCPRXPerformanceTask
 .text          0x9d015264      0xb70 build/default/production/_ext/1295770447/Telnet.o
                0x9d015264                TelnetTask
 .text          0x9d015dd4        0x0 build/default/production/_ext/1295770447/TFTPc.o
 .text          0x9d015dd4      0x304 build/default/production/_ext/1295770447/Tick.o
                0x9d015dd4                TickInit
                0x9d015f1c                TickGet
                0x9d015f50                TickGetDiv256
                0x9d015fa4                TickGetDiv64K
                0x9d015ff8                TickConvertToMilliseconds
                0x9d016050                _T1Interrupt
 .text          0x9d0160d8        0x0 build/default/production/_ext/1295770447/UART2TCPBridge.o
 .text          0x9d0160d8       0xcc build/default/production/_ext/1295770447/UART.o
                0x9d0160d8                ReadStringUART
 .text          0x9d0161a4      0xc88 build/default/production/_ext/1295770447/UDP.o
                0x9d0161a4                UDPInit
                0x9d016210                UDPTask
                0x9d016238                UDPOpen
                0x9d01638c                UDPClose
                0x9d016418                UDPSetTxBuffer
                0x9d016464                UDPSetRxBuffer
                0x9d0164b4                UDPIsPutReady
                0x9d016548                UDPPut
                0x9d0165d8                UDPPutArray
                0x9d01667c                UDPPutString
                0x9d0166d0                UDPFlush
                0x9d016878                UDPIsGetReady
                0x9d016914                UDPGet
                0x9d0169a4                UDPGetArray
                0x9d016a70                UDPDiscard
                0x9d016acc                UDPProcess
 .text          0x9d016e2c        0x0 build/default/production/_ext/1295770447/BerkeleyAPI.o
 .text          0x9d016e2c        0x0 build/default/production/_ext/1472/MPFSImg2.o
 .text          0x9d016e2c        0x0 build/default/production/_ext/1295770447/SSL.o
 .text          0x9d016e2c        0x0 build/default/production/_ext/1295770447/ARCFOUR.o
 .text          0x9d016e2c        0x0 build/default/production/_ext/1295770447/BigInt.o
 .text          0x9d016e2c        0x0 build/default/production/_ext/1295770447/BigInt_helper_C32.o
 .text          0x9d016e2c        0x0 build/default/production/_ext/1295770447/Random.o
 .text          0x9d016e2c        0x0 build/default/production/_ext/1295770447/RSA.o
 .text          0x9d016e2c      0xdc4 build/default/production/_ext/1295770447/AutoIP.o
                0x9d016e2c                AutoIPInit
                0x9d016ed4                AutoIPIsConfigured
                0x9d016f0c                AutoIPConfigIsInProgress
                0x9d016f48                AutoIPTasks
                0x9d017894                AutoIPConflict
                0x9d017a2c                AutoIPDisable
                0x9d017ac8                AutoIPEnable
                0x9d017b14                AutoIPIsDisabled
                0x9d017b4c                AutoIPRandSeed
                0x9d017b88                AutoIPRand
 .text          0x9d017bf0      0x8d8 build/default/production/_ext/1496989791/ZGDriverRaw.o
                0x9d017bf0                ZGRawMove
                0x9d017d4c                ZGRawSetIndex
                0x9d017e50                ZGRawGetIndex
                0x9d017ec4                ZGRawGetByte
                0x9d017fbc                ZGRawSetByte
                0x9d0180b4                ZGRawSetByteROM
                0x9d0182b4                ZGSendRAWDataFrame
                0x9d0183b0                ZGMACIFService
 .text          0x9d0184c8        0x0 build/default/production/_ext/1496989791/ZGAccessApp.o
 .text          0x9d0184c8       0x64 build/default/production/_ext/1496989791/ZGAccessSys.o
                0x9d0184c8                ZGErrorHandler
 .text          0x9d01852c      0x2e0 build/default/production/_ext/1496989791/ZGEint.o
                0x9d01852c                zgHalIsEintDisabled
                0x9d018558                zgHalIsEintPending
                0x9d0185b0                zgHALEintEnable
                0x9d0185fc                zgHALEintDisable
                0x9d018620                zgHALEintInit
                0x9d0186e0                _T2Interrupt
 .text          0x9d01880c       0x24 build/default/production/_ext/1496989791/ZGHWReset.o
                0x9d01880c                MCHPHardwareResetZG2100
 .text          0x9d018830      0x730 build/default/production/_ext/1496989791/ZGSpi.o
                0x9d018830                zgHALSpiInit
                0x9d01888c                zgHALSpiTxRx
                0x9d018cf8                SpiSetTxPreBufPtr
                0x9d018d28                SpiSetTxPreLen
                0x9d018d60                SpiSetTxBufPtr
                0x9d018da0                SpiSetTxRomBufPtr
                0x9d018de0                SpiSetTxBufLen
                0x9d018e18                SpiSetRxPreBufPtr
                0x9d018e4c                SpiSetRxPreBufLen
                0x9d018e84                SpiSetRxBufPtr
                0x9d018eb8                SpiSetRxBufLen
                0x9d018ef0                SpiSetRxExcessLen
                0x9d018f28                SpiSetSuppressDoneHandlerCall
 .text          0x9d018f60     0x1c14 build/default/production/_ext/1496989791/ZG2100.o
                0x9d0193c8                ZGPeriodicGratuitousArp
                0x9d0194b0                MACProcess
                0x9d019560                ZGGetTCBSize
                0x9d019584                MACInit
                0x9d019648                MACIsLinked
                0x9d019684                MACIsTxReady
                0x9d019774                ZGisTxMgmtReady
                0x9d019814                ZGFreeMgmtTx
                0x9d0198a0                ZGSendRAWManagementFrame
                0x9d019900                ZGRawGetMgmtRxBuffer
                0x9d0199b8                ZGSetRawRxMgmtInProgress
                0x9d0199f8                ZGisRawRxMgmtInProgress
                0x9d019a1c                MACDiscardRx
                0x9d019a44                MACGetFreeRxSize
                0x9d019ab0                MACGetHeader
                0x9d019d84                MACPutHeader
                0x9d019e40                MACFlush
                0x9d01a058                MACSetReadPtrInRx
                0x9d01a0a0                MACSetWritePtr
                0x9d01a0ec                MACSetReadPtr
                0x9d01a138                MACCalcRxChecksum
                0x9d01a1c4                MACMemCopyAsync
                0x9d01a79c                MACIsMemCopyDone
                0x9d01a7c0                MACGet
                0x9d01a82c                MACGetArray
                0x9d01a908                MACPut
                0x9d01a980                MACPutArray
                0x9d01a9fc                MACPowerDown
                0x9d01aa1c                MACPowerUp
                0x9d01aa3c                ZGRawSendUntamperedData
 .text          0x9d01ab74     0x1198 build/default/production/_ext/1496989791/ZGDriverCom.o
                0x9d01ac2c                ChangeLowPowerMode
                0x9d01acf0                Read8BitZGRegister
                0x9d01ad48                Read16BitZGRegister
                0x9d01adbc                ReadZGArray
                0x9d01ae8c                Write8BitZGRegister
                0x9d01af00                Write16BitZGRegister
                0x9d01af88                WriteZGArray
                0x9d01b054                WriteZGROMArray
                0x9d01b750                ZGPrvComFifoOperation
                0x9d01b780                zgDriverEintHandler
                0x9d01b8bc                zgDriverSpiTxRxDoneHandler
                0x9d01b8dc                ZGPrvComInit
                0x9d01b9dc                ZGPrvComStateMachine
                0x9d01bcd4                ZGPrvComSetLowPowerMode
 .text          0x9d01bd0c      0x5a4 build/default/production/_ext/1496989791/ZGDriverIFace.o
                0x9d01bd0c                SendManagementMsg
                0x9d01be0c                ZGSignalDriver
                0x9d01be30                ZGInit
                0x9d01be64                ZGScan
                0x9d01bea0                ZGJoin
                0x9d01bedc                ZGAuth
                0x9d01bf18                ZGAssoc
                0x9d01bf54                ZGAdhocStart
                0x9d01bf90                ZGAdhocConnect
                0x9d01bfcc                ZGDisconnect
                0x9d01c008                ZGGetParam
                0x9d01c080                ZGSetParam
                0x9d01c158                ZGSetPMKKey
                0x9d01c194                ZGSetWEPKeys
                0x9d01c1d0                ZGSetPowerSaveMode
                0x9d01c22c                ZGCalcPSK
                0x9d01c268                ZGDataSendUntampered
 .text          0x9d01c2b0      0x690 build/default/production/_ext/1496989791/ZGDriverMac.o
                0x9d01c2b0                ZGPrvMacInit
                0x9d01c5d0                ZGProcess
                0x9d01c710                ZGPrvMacOpComplete
                0x9d01c910                ZGPrvMacReadReady
 .text          0x9d01c940      0xe54 build/default/production/_ext/1496989791/ZGWifiMgrII.o
                0x9d01c940                WiFiScanNextState
                0x9d01ca18                WiFiDisconnNextState
                0x9d01cb44                WiFiMainConnNextState
                0x9d01cbf4                WiFiDomNextState
                0x9d01ccf0                WiFiScanRequest
                0x9d01cd50                WiFiConnLostRequest
                0x9d01cda0                WiFiJoinRequest
                0x9d01ce84                WiFiAuthRequest
                0x9d01cf48                WiFiAssocRequest
                0x9d01d194                WiFiDisconnRequest
                0x9d01d2f4                WiFiJoinComplete
                0x9d01d4d8                WiFiAuthComplete
                0x9d01d610                WiFiAssocComplete
 .text          0x9d01d794        0x0 build/default/production/_ext/1496989791/ZGAdhocMgrII.o
 .text          0x9d01d794      0xf7c build/default/production/_ext/1496989791/ZGCommon.o
                0x9d01dafc                buildScanRequest
                0x9d01dbc8                genericIdleNextState
                0x9d01dc58                genericThrottleTableNext
                0x9d01dcf0                genericSetMacAddrRequest
                0x9d01dd94                genericSetDomRequest
                0x9d01dde4                genericCalcPSKRequest
                0x9d01dec0                genericInstallWEPKeyRequest
                0x9d01df94                genericInstallPSKRequest
                0x9d01e04c                genericThrottleTableRequest
                0x9d01e09c                genericScanComplete
                0x9d01e1b0                genericGetChipVerComplete
                0x9d01e264                genericComplete
                0x9d01e32c                genericCalcPSKComplete
                0x9d01e424                genericSetMacAddrComplete
                0x9d01e4b4                genericGetMacAddrComplete
                0x9d01e56c                genericSetDomComplete
                0x9d01e5fc                genericIndicate
 .text          0x9d01e710      0xa04 build/default/production/_ext/1496989791/ZGLibCfg.o
                0x9d01e710                ZGLibCfgSetWpaPassPhrase
                0x9d01e77c                ZGLibCfgSetWpaPSK
                0x9d01e7c8                ZGLibCfgSetWEPKey
                0x9d01e850                ZGLibCfgSetMacAddress
                0x9d01e8d4                ZGLibCfgSetSSID
                0x9d01ea38                ZGLibCfgSetRfChannelList
                0x9d01eb94                ZGLibCfgSetAllRfChannels
                0x9d01ec50                ZGLibCfgClearAllRfChannels
                0x9d01ec94                dataCfrmRequest
                0x9d01ecf0                dataCfrmComplete
                0x9d01ed5c                ZGLibCfgSetDataCfrm
                0x9d01edbc                pwrStateRequest
                0x9d01ee80                pwrStateComplete
                0x9d01ef18                ZGLibCfgSetPwrMgmtState
                0x9d01f020                ZGLibCfgTempRestorePwrState
                0x9d01f098                ZGLibCfgTempDisablePwrState
 .text          0x9d01f114     0x11d0 build/default/production/_ext/1496989791/ZGLibIface.o
                0x9d01f114                zg_indicate_dispatch
                0x9d01f1a8                ZGLibLoadScanBuffer
                0x9d01f23c                ZGLibLoadConfirmBuffer
                0x9d01f734                ZGLibInitialize
                0x9d01f7d8                ZGLibSetDataCfrm
                0x9d01f834                ZGLibScan
                0x9d01f8d0                ZGLibCalcPSK
                0x9d01f92c                ZGLibInstallWEPKeys
                0x9d01f988                ZGLibInstallPSK
                0x9d01f9e4                ZGLibJoin
                0x9d01fa40                ZGLibAuth
                0x9d01fa9c                ZGLibAssoc
                0x9d01faf8                ZGLibDisconnect
                0x9d01fb54                ZGLibStart
                0x9d01fbb0                ZGLibConnect
                0x9d01fc0c                ZGLibGetChipVersion
                0x9d01fc68                ZGLibGetMacAddr
                0x9d01fcc4                ZGLibSetThrottleTable
                0x9d01fd20                ZGLibSetMacAddr
                0x9d01fd7c                ZGLibSetDom
                0x9d01fdd8                ZGLibSetConnLost
                0x9d01fe34                ZGLibGetRTS
                0x9d01fe90                ZGLibSetRTS
                0x9d01feec                ZGLibGetRadioState
                0x9d01ff48                ZGLibSetRadioState
                0x9d01ffa4                ZGLibSetPwrSaveMode
                0x9d020000                ZGLibConfirm
                0x9d020064                ZGLibEnableIndicate
                0x9d020150                ZGLibIndicate
                0x9d020274                ZGLibManagementRequest
 .text          0x9d0202e4      0x4d4 build/default/production/_ext/1496989791/ZGLinkMgrII.o
                0x9d0202e4                ZGLinkMgrSetMode
                0x9d0203fc                ZGLinkMgrGetMode
                0x9d020424                ZGLinkMgrGetNextMode
                0x9d020450                ZGLinkMgrSetNextMode
                0x9d020484                ZGLinkMgrIsConnected
                0x9d0204b0                ZGLinkMgrInit
                0x9d020508                ZGLinkMgr
 .text          0x9d0207b8        0x0 build/default/production/_ext/1496989791/ZGEasyConfig.o
 .text          0x9d0207b8      0xabc build/default/production/_ext/1472/MainDemo.o
                0x9d0207b8                _general_exception_handler
                0x9d0207e4                main
                0x9d0209d0                DisplayIPValue
 .text          0x9d021274     0x2570 build/default/production/_ext/1472/CustomHTTPApp.o
                0x9d021274                HTTPNeedsAuth
                0x9d021304                HTTPCheckAuth
                0x9d021384                HTTPExecuteGet
                0x9d0216ec                HTTPExecutePost
                0x9d022430                HTTPPrint_builddate
                0x9d0224d8                HTTPPrint_version
                0x9d02252c                HTTPPrint_btn
                0x9d02267c                HTTPPrint_led
                0x9d0227f8                HTTPPrint_ledSelected
                0x9d022988                HTTPPrint_pot
                0x9d022a18                HTTPPrint_lcdtext
                0x9d022c24                HTTPPrint_hellomsg
                0x9d022cc8                HTTPPrint_cookiename
                0x9d022d74                HTTPPrint_uploadedmd5
                0x9d022f68                HTTPPrintIP
                0x9d023038                HTTPPrint_config_hostname
                0x9d02308c                HTTPPrint_config_dhcpchecked
                0x9d0230fc                HTTPPrint_config_ip
                0x9d023144                HTTPPrint_config_gw
                0x9d02318c                HTTPPrint_config_subnet
                0x9d0231d4                HTTPPrint_config_dns1
                0x9d02321c                HTTPPrint_config_dns2
                0x9d023264                HTTPPrint_config_mac
                0x9d0233cc                HTTPPrint_read_comm
                0x9d0233f4                HTTPPrint_write_comm
                0x9d02341c                HTTPPrint_reboot
                0x9d023434                HTTPPrint_rebootaddr
                0x9d023488                HTTPPrint_ddns_user
                0x9d0234a8                HTTPPrint_ddns_pass
                0x9d0234c8                HTTPPrint_ddns_host
                0x9d0234e8                HTTPPrint_ddns_service
                0x9d023510                HTTPPrint_ddns_status
                0x9d023564                HTTPPrint_ddns_status_msg
                0x9d02360c                HTTPPrint_smtps_en
                0x9d023660                HTTPPrint_snmp_en
                0x9d0236b4                HTTPPrint_status_ok
                0x9d02374c                HTTPPrint_status_fail
 .text          0x9d0237e4        0x0 build/default/production/_ext/1472/CustomSNMPApp.o
 .text          0x9d0237e4        0x0 build/default/production/_ext/1472/CustomSSLCert.o
 .text          0x9d0237e4      0x47c C:/Program Files (x86)/Microchip/MPLAB C32/bin/../lib/gcc/pic32mx/3.4.4\libgcc.a(_udivdi3.o)
                0x9d0237e4                __udivdi3
 .text          0x9d023c60       0x98 C:/Program Files (x86)/Microchip/MPLAB C32/bin/../lib/gcc/pic32mx/3.4.4/../../../../pic32mx/lib\libc.a(memcmp.o)
                0x9d023c60                memcmp
 .text          0x9d023cf8      0x168 C:/Program Files (x86)/Microchip/MPLAB C32/bin/../lib/gcc/pic32mx/3.4.4/../../../../pic32mx/lib\libc.a(memcpy.o)
                0x9d023cf8                memcpy
 .text          0x9d023e60       0xa8 C:/Program Files (x86)/Microchip/MPLAB C32/bin/../lib/gcc/pic32mx/3.4.4/../../../../pic32mx/lib\libc.a(memset.o)
                0x9d023e60                memset
 .text          0x9d023f08      0x120 C:/Program Files (x86)/Microchip/MPLAB C32/bin/../lib/gcc/pic32mx/3.4.4/../../../../pic32mx/lib\libc.a(strcmp.o)
                0x9d023f08                strcmp
 .text          0x9d024028      0x1a0 C:/Program Files (x86)/Microchip/MPLAB C32/bin/../lib/gcc/pic32mx/3.4.4/../../../../pic32mx/lib\libc.a(strcpy.o)
                0x9d024028                strcpy
 .text          0x9d0241c8      0x168 C:/Program Files (x86)/Microchip/MPLAB C32/bin/../lib/gcc/pic32mx/3.4.4/../../../../pic32mx/lib\libc.a(strlen.o)
                0x9d0241c8                strlen
 .text          0x9d024330        0x0 C:/Program Files (x86)/Microchip/MPLAB C32/bin/../lib/gcc/pic32mx/3.4.4/../../../../pic32mx/lib\libc.a(general-exception.o)
 .text.general_exception
                0x9d024330       0xd0 C:/Program Files (x86)/Microchip/MPLAB C32/bin/../lib/gcc/pic32mx/3.4.4/../../../../pic32mx/lib\libc.a(general-exception.o)
                0x9d024330                _general_exception_context
 .text          0x9d024400        0x0 C:/Program Files (x86)/Microchip/MPLAB C32/bin/../lib/gcc/pic32mx/3.4.4/../../../../pic32mx/lib\libc.a(strncmp.o)
 .text.strncmp  0x9d024400       0xdc C:/Program Files (x86)/Microchip/MPLAB C32/bin/../lib/gcc/pic32mx/3.4.4/../../../../pic32mx/lib\libc.a(strncmp.o)
                0x9d024400                strncmp
 .text          0x9d0244dc        0x0 C:/Program Files (x86)/Microchip/MPLAB C32/bin/../lib/gcc/pic32mx/3.4.4/../../../../pic32mx/lib\libc.a(exit.o)
 .text.exit     0x9d0244dc       0x10 C:/Program Files (x86)/Microchip/MPLAB C32/bin/../lib/gcc/pic32mx/3.4.4/../../../../pic32mx/lib\libc.a(exit.o)
                0x9d0244dc                exit
 .text          0x9d0244ec        0x0 C:/Program Files (x86)/Microchip/MPLAB C32/bin/../lib/gcc/pic32mx/3.4.4/../../../../pic32mx/lib\libc.a(rand.o)
 .text.rand_r   0x9d0244ec       0x28 C:/Program Files (x86)/Microchip/MPLAB C32/bin/../lib/gcc/pic32mx/3.4.4/../../../../pic32mx/lib\libc.a(rand.o)
                0x9d0244ec                rand_r
 .text.rand     0x9d024514       0x48 C:/Program Files (x86)/Microchip/MPLAB C32/bin/../lib/gcc/pic32mx/3.4.4/../../../../pic32mx/lib\libc.a(rand.o)
                0x9d024514                rand
 .text.srand    0x9d02455c       0x44 C:/Program Files (x86)/Microchip/MPLAB C32/bin/../lib/gcc/pic32mx/3.4.4/../../../../pic32mx/lib\libc.a(rand.o)
                0x9d02455c                srand
 .text          0x9d0245a0        0x0 C:/Program Files (x86)/Microchip/MPLAB C32/bin/../lib/gcc/pic32mx/3.4.4/../../../../pic32mx/lib\libc.a(atol.o)
 .text.atol     0x9d0245a0        0xc C:/Program Files (x86)/Microchip/MPLAB C32/bin/../lib/gcc/pic32mx/3.4.4/../../../../pic32mx/lib\libc.a(atol.o)
                0x9d0245a0                atol
 .text          0x9d0245ac        0x0 C:/Program Files (x86)/Microchip/MPLAB C32/bin/../lib/gcc/pic32mx/3.4.4/../../../../pic32mx/lib\libc.a(atoi.o)
 .text.atoi     0x9d0245ac        0xc C:/Program Files (x86)/Microchip/MPLAB C32/bin/../lib/gcc/pic32mx/3.4.4/../../../../pic32mx/lib\libc.a(atoi.o)
                0x9d0245ac                atoi
 .text          0x9d0245b8        0x0 C:/Program Files (x86)/Microchip/MPLAB C32/bin/../lib/gcc/pic32mx/3.4.4/../../../../pic32mx/lib\libc.a(strtol.o)
 .text.strtol   0x9d0245b8      0x1f0 C:/Program Files (x86)/Microchip/MPLAB C32/bin/../lib/gcc/pic32mx/3.4.4/../../../../pic32mx/lib\libc.a(strtol.o)
                0x9d0245b8                strtol
 .text          0x9d0247a8        0x0 C:/Program Files (x86)/Microchip/MPLAB C32/bin/../lib/gcc/pic32mx/3.4.4/../../../../pic32mx/lib\libc.a(stubs.o)
 .text._weak_pthread_mutex_init
                0x9d0247a8        0x8 C:/Program Files (x86)/Microchip/MPLAB C32/bin/../lib/gcc/pic32mx/3.4.4/../../../../pic32mx/lib\libc.a(stubs.o)
                0x9d0247a8                pthread_mutex_init
                0x9d0247a8                _weak_pthread_mutex_init
 .text._weak_pthread_mutex_destroy
                0x9d0247b0        0x8 C:/Program Files (x86)/Microchip/MPLAB C32/bin/../lib/gcc/pic32mx/3.4.4/../../../../pic32mx/lib\libc.a(stubs.o)
                0x9d0247b0                pthread_mutex_destroy
                0x9d0247b0                _weak_pthread_mutex_destroy
 .text._weak_pthread_mutex_lock
                0x9d0247b8        0x8 C:/Program Files (x86)/Microchip/MPLAB C32/bin/../lib/gcc/pic32mx/3.4.4/../../../../pic32mx/lib\libc.a(stubs.o)
                0x9d0247b8                pthread_mutex_lock
                0x9d0247b8                _weak_pthread_mutex_lock
 .text._weak_pthread_mutex_trylock
                0x9d0247c0        0x8 C:/Program Files (x86)/Microchip/MPLAB C32/bin/../lib/gcc/pic32mx/3.4.4/../../../../pic32mx/lib\libc.a(stubs.o)
                0x9d0247c0                pthread_mutex_trylock
                0x9d0247c0                _weak_pthread_mutex_trylock
 .text._weak_pthread_mutex_unlock
                0x9d0247c8        0x8 C:/Program Files (x86)/Microchip/MPLAB C32/bin/../lib/gcc/pic32mx/3.4.4/../../../../pic32mx/lib\libc.a(stubs.o)
                0x9d0247c8                pthread_mutex_unlock
                0x9d0247c8                _weak_pthread_mutex_unlock
 .text._weak_pthread_mutex_setname_np
                0x9d0247d0        0x8 C:/Program Files (x86)/Microchip/MPLAB C32/bin/../lib/gcc/pic32mx/3.4.4/../../../../pic32mx/lib\libc.a(stubs.o)
                0x9d0247d0                _weak_pthread_mutex_setname_np
                0x9d0247d0                pthread_mutex_setname_np
 .text._weak_pthread_mutexattr_init
                0x9d0247d8        0x8 C:/Program Files (x86)/Microchip/MPLAB C32/bin/../lib/gcc/pic32mx/3.4.4/../../../../pic32mx/lib\libc.a(stubs.o)
                0x9d0247d8                pthread_mutexattr_init
                0x9d0247d8                _weak_pthread_mutexattr_init
 .text._weak_pthread_mutexattr_destroy
                0x9d0247e0        0x8 C:/Program Files (x86)/Microchip/MPLAB C32/bin/../lib/gcc/pic32mx/3.4.4/../../../../pic32mx/lib\libc.a(stubs.o)
                0x9d0247e0                _weak_pthread_mutexattr_destroy
                0x9d0247e0                pthread_mutexattr_destroy
 .text._weak_pthread_mutexattr_setname_np
                0x9d0247e8        0x8 C:/Program Files (x86)/Microchip/MPLAB C32/bin/../lib/gcc/pic32mx/3.4.4/../../../../pic32mx/lib\libc.a(stubs.o)
                0x9d0247e8                pthread_mutexattr_setname_np
                0x9d0247e8                _weak_pthread_mutexattr_setname_np
 .text._weak_pthread_mutexattr_settype_np
                0x9d0247f0        0x8 C:/Program Files (x86)/Microchip/MPLAB C32/bin/../lib/gcc/pic32mx/3.4.4/../../../../pic32mx/lib\libc.a(stubs.o)
                0x9d0247f0                pthread_mutexattr_settype_np
                0x9d0247f0                _weak_pthread_mutexattr_settype_np
 .text._weak_pthread_sysconf_np
                0x9d0247f8        0x8 C:/Program Files (x86)/Microchip/MPLAB C32/bin/../lib/gcc/pic32mx/3.4.4/../../../../pic32mx/lib\libc.a(stubs.o)
                0x9d0247f8                pthread_sysconf_np
                0x9d0247f8                _weak_pthread_sysconf_np
 .text._weak_pthread_sigdisable_np
                0x9d024800        0x8 C:/Program Files (x86)/Microchip/MPLAB C32/bin/../lib/gcc/pic32mx/3.4.4/../../../../pic32mx/lib\libc.a(stubs.o)
                0x9d024800                pthread_sigdisable_np
                0x9d024800                _weak_pthread_sigdisable_np
 .text._weak_pthread_sigrestore_np
                0x9d024808        0x8 C:/Program Files (x86)/Microchip/MPLAB C32/bin/../lib/gcc/pic32mx/3.4.4/../../../../pic32mx/lib\libc.a(stubs.o)
                0x9d024808                _weak_pthread_sigrestore_np
                0x9d024808                pthread_sigrestore_np
 .text._weak__pthread_cleanup_push
                0x9d024810        0x8 C:/Program Files (x86)/Microchip/MPLAB C32/bin/../lib/gcc/pic32mx/3.4.4/../../../../pic32mx/lib\libc.a(stubs.o)
                0x9d024810                _pthread_cleanup_push
                0x9d024810                _weak__pthread_cleanup_push
 .text._weak__pthread_cleanup_pop
                0x9d024818        0x8 C:/Program Files (x86)/Microchip/MPLAB C32/bin/../lib/gcc/pic32mx/3.4.4/../../../../pic32mx/lib\libc.a(stubs.o)
                0x9d024818                _weak__pthread_cleanup_pop
                0x9d024818                _pthread_cleanup_pop
 .text._weak__pthread_cleanup_push_defer
                0x9d024820        0x8 C:/Program Files (x86)/Microchip/MPLAB C32/bin/../lib/gcc/pic32mx/3.4.4/../../../../pic32mx/lib\libc.a(stubs.o)
                0x9d024820                _pthread_cleanup_push_defer
                0x9d024820                _weak__pthread_cleanup_push_defer
 .text._weak__pthread_cleanup_pop_restore
                0x9d024828        0x8 C:/Program Files (x86)/Microchip/MPLAB C32/bin/../lib/gcc/pic32mx/3.4.4/../../../../pic32mx/lib\libc.a(stubs.o)
                0x9d024828                _weak__pthread_cleanup_pop_restore
                0x9d024828                _pthread_cleanup_pop_restore
 .text._weak_pthread_once
                0x9d024830       0x2c C:/Program Files (x86)/Microchip/MPLAB C32/bin/../lib/gcc/pic32mx/3.4.4/../../../../pic32mx/lib\libc.a(stubs.o)
                0x9d024830                pthread_once
                0x9d024830                _pthread_once
                0x9d024830                _weak_pthread_once
 .text._weak_pthread_key_create
                0x9d02485c        0x8 C:/Program Files (x86)/Microchip/MPLAB C32/bin/../lib/gcc/pic32mx/3.4.4/../../../../pic32mx/lib\libc.a(stubs.o)
                0x9d02485c                _weak_pthread_key_create
                0x9d02485c                pthread_key_create
 .text._weak_pthread_setspecific
                0x9d024864        0x8 C:/Program Files (x86)/Microchip/MPLAB C32/bin/../lib/gcc/pic32mx/3.4.4/../../../../pic32mx/lib\libc.a(stubs.o)
                0x9d024864                pthread_setspecific
                0x9d024864                _weak_pthread_setspecific
 .text._weak_pthread_getspecific
                0x9d02486c        0x8 C:/Program Files (x86)/Microchip/MPLAB C32/bin/../lib/gcc/pic32mx/3.4.4/../../../../pic32mx/lib\libc.a(stubs.o)
                0x9d02486c                _weak_pthread_getspecific
                0x9d02486c                pthread_getspecific
 .text._weak__libc_private_storage
                0x9d024874        0x8 C:/Program Files (x86)/Microchip/MPLAB C32/bin/../lib/gcc/pic32mx/3.4.4/../../../../pic32mx/lib\libc.a(stubs.o)
                0x9d024874                _weak__libc_private_storage
                0x9d024874                _libc_private_storage
 .text          0x9d02487c        0x0 C:/Program Files (x86)/Microchip/MPLAB C32/bin/../lib/gcc/pic32mx/3.4.4/../../../../pic32mx/lib\libc.a(default-bootstrap-exception-handler.o)
 .text._bootstrap_exception_handler
                0x9d02487c        0x8 C:/Program Files (x86)/Microchip/MPLAB C32/bin/../lib/gcc/pic32mx/3.4.4/../../../../pic32mx/lib\libc.a(default-bootstrap-exception-handler.o)
                0x9d02487c                _bootstrap_exception_handler
 .text          0x9d024884        0x0 C:/Program Files (x86)/Microchip/MPLAB C32/bin/../lib/gcc/pic32mx/3.4.4/../../../../pic32mx/lib\libc.a(default-on-reset.o)
 .text._on_reset
                0x9d024884        0x8 C:/Program Files (x86)/Microchip/MPLAB C32/bin/../lib/gcc/pic32mx/3.4.4/../../../../pic32mx/lib\libc.a(default-on-reset.o)
                0x9d024884                _on_reset
 .text          0x9d02488c        0x0 C:/Program Files (x86)/Microchip/MPLAB C32/bin/../lib/gcc/pic32mx/3.4.4/../../../../pic32mx/lib\libc.a(default-on-bootstrap.o)
 .text._on_bootstrap
                0x9d02488c        0x8 C:/Program Files (x86)/Microchip/MPLAB C32/bin/../lib/gcc/pic32mx/3.4.4/../../../../pic32mx/lib\libc.a(default-on-bootstrap.o)
                0x9d02488c                _on_bootstrap
 .text          0x9d024894       0x18 C:/Program Files (x86)/Microchip/MPLAB C32/bin/../lib/gcc/pic32mx/3.4.4/../../../../pic32mx/lib\libc.a(default-nmi-handler.o)
                0x9d024894                _nmi_handler
 .text          0x9d0248ac        0x0 C:/Program Files (x86)/Microchip/MPLAB C32/bin/../lib/gcc/pic32mx/3.4.4/../../../../pic32mx/lib\libc.a(_exit.o)
 .text._exit    0x9d0248ac        0x8 C:/Program Files (x86)/Microchip/MPLAB C32/bin/../lib/gcc/pic32mx/3.4.4/../../../../pic32mx/lib\libc.a(_exit.o)
                0x9d0248ac                _exit
 .text          0x9d0248b4        0x0 C:/Program Files (x86)/Microchip/MPLAB C32/bin/../lib/gcc/pic32mx/3.4.4/../../../../pic32mx/lib\libc.a(ctype.o)
 .text          0x9d0248b4        0x0 C:/Program Files (x86)/Microchip/MPLAB C32/bin/../lib/gcc/pic32mx/3.4.4/../../../../pic32mx/lib\libc.a(errno.o)
 .text          0x9d0248b4        0x0 C:/Program Files (x86)/Microchip/MPLAB C32/bin/../lib/gcc/pic32mx/3.4.4/../../../../pic32mx/lib\libmchp_peripheral_32MX460F512L.a(soft_reset_lib.o)
 .text.SoftReset
                0x9d0248b4       0x78 C:/Program Files (x86)/Microchip/MPLAB C32/bin/../lib/gcc/pic32mx/3.4.4/../../../../pic32mx/lib\libmchp_peripheral_32MX460F512L.a(soft_reset_lib.o)
                0x9d0248b4                SoftReset
 .text          0x9d02492c        0x0 C:/Program Files (x86)/Microchip/MPLAB C32/bin/../lib/gcc/pic32mx/3.4.4/../../../../pic32mx/lib\libmchp_peripheral_32MX460F512L.a(pcache.o)
 .text.CheKseg0CacheOff
                0x9d02492c       0x18 C:/Program Files (x86)/Microchip/MPLAB C32/bin/../lib/gcc/pic32mx/3.4.4/../../../../pic32mx/lib\libmchp_peripheral_32MX460F512L.a(pcache.o)
                0x9d02492c                CheKseg0CacheOff
 .text.CheKseg0CacheOn
                0x9d024944       0x18 C:/Program Files (x86)/Microchip/MPLAB C32/bin/../lib/gcc/pic32mx/3.4.4/../../../../pic32mx/lib\libmchp_peripheral_32MX460F512L.a(pcache.o)
                0x9d024944                CheKseg0CacheOn
 .text          0x9d02495c        0x0 C:/Program Files (x86)/Microchip/MPLAB C32/bin/../lib/gcc/pic32mx/3.4.4/../../../../pic32mx/lib\libmchp_peripheral_32MX460F512L.a(int_disable_interrupts_lib.o)
 .text.INTDisableInterrupts
                0x9d02495c        0x8 C:/Program Files (x86)/Microchip/MPLAB C32/bin/../lib/gcc/pic32mx/3.4.4/../../../../pic32mx/lib\libmchp_peripheral_32MX460F512L.a(int_disable_interrupts_lib.o)
                0x9d02495c                INTDisableInterrupts
 .text          0x9d024964        0x0 C:/Program Files (x86)/Microchip/MPLAB C32/bin/../lib/gcc/pic32mx/3.4.4/../../../../pic32mx/lib\libmchp_peripheral_32MX460F512L.a(int_restore_interrupts_lib.o)
 .text.INTRestoreInterrupts
                0x9d024964       0x1c C:/Program Files (x86)/Microchip/MPLAB C32/bin/../lib/gcc/pic32mx/3.4.4/../../../../pic32mx/lib\libmchp_peripheral_32MX460F512L.a(int_restore_interrupts_lib.o)
                0x9d024964                INTRestoreInterrupts
 .text          0x9d024980        0x0 C:/Program Files (x86)/Microchip/MPLAB C32/bin/../lib/gcc/pic32mx/3.4.4/../../../../pic32mx/lib\libmchp_peripheral_32MX460F512L.a(int_enable_mv_int_lib.o)
 .text.INTEnableSystemMultiVectoredInt
                0x9d024980       0x34 C:/Program Files (x86)/Microchip/MPLAB C32/bin/../lib/gcc/pic32mx/3.4.4/../../../../pic32mx/lib\libmchp_peripheral_32MX460F512L.a(int_enable_mv_int_lib.o)
                0x9d024980                INTEnableSystemMultiVectoredInt
 .text          0x9d0249b4        0x0 C:/Program Files (x86)/Microchip/MPLAB C32/bin/../lib/gcc/pic32mx/3.4.4/../../../../pic32mx/lib\libmchp_peripheral_32MX460F512L.a(puts_uartx_lib_legacy.o)
 .text.putsUART1
                0x9d0249b4       0x4c C:/Program Files (x86)/Microchip/MPLAB C32/bin/../lib/gcc/pic32mx/3.4.4/../../../../pic32mx/lib\libmchp_peripheral_32MX460F512L.a(puts_uartx_lib_legacy.o)
                0x9d0249b4                putsUART1
 .text.putsUART2
                0x9d024a00       0x4c C:/Program Files (x86)/Microchip/MPLAB C32/bin/../lib/gcc/pic32mx/3.4.4/../../../../pic32mx/lib\libmchp_peripheral_32MX460F512L.a(puts_uartx_lib_legacy.o)
                0x9d024a00                putsUART2
 .text          0x9d024a4c        0x0 C:/Program Files (x86)/Microchip/MPLAB C32/bin/../lib/gcc/pic32mx/3.4.4/../../../../pic32mx/lib\libmchp_peripheral_32MX460F512L.a(int_enable_interrupts_lib.o)
 .text.INTEnableInterrupts
                0x9d024a4c        0x8 C:/Program Files (x86)/Microchip/MPLAB C32/bin/../lib/gcc/pic32mx/3.4.4/../../../../pic32mx/lib\libmchp_peripheral_32MX460F512L.a(int_enable_interrupts_lib.o)
                0x9d024a4c                INTEnableInterrupts
 .text          0x9d024a54        0x0 C:/Program Files (x86)/Microchip/MPLAB C32/bin/../lib/gcc/pic32mx/3.4.4/../../../../pic32mx/lib/./proc/32MX460F512L\processor.o
 *(.text.*personality*)
 *(.gnu.warning)
 *(.mips16.fn.*)
 *(.mips16.call.*)
                0x9d024a54                _text_end = .

.rodata         0x9d024a54     0x98c0
 *(.rodata .rodata.* .gnu.linkonce.r.*)
 .rodata        0x9d024a54      0x274 build/default/production/_ext/1472/UARTConfig.o
 .rodata        0x9d024cc8       0xa8 build/default/production/_ext/1472/GenericTCPClient.o
 .rodata        0x9d024d70       0x1c build/default/production/_ext/1295770447/Announce.o
 .rodata        0x9d024d8c       0x34 build/default/production/_ext/1295770447/DHCP.o
 .rodata        0x9d024dc0       0x20 build/default/production/_ext/1295770447/DNS.o
 .rodata        0x9d024de0      0x140 build/default/production/_ext/1295770447/Hashes.o
 .rodata        0x9d024f20      0x6a0 build/default/production/_ext/1295770447/HTTP2.o
 .rodata        0x9d0255c0        0x8 build/default/production/_ext/1295770447/MPFS2.o
 .rodata        0x9d0255c8       0x14 build/default/production/_ext/1295770447/Reboot.o
 .rodata        0x9d0255dc       0x7c build/default/production/_ext/1295770447/TCP.o
                0x9d0255dc                TCPSocketInitializer
 .rodata        0x9d025658       0x5c build/default/production/_ext/1295770447/TCPPerformanceTest.o
 .rodata        0x9d0256b4      0x1f4 build/default/production/_ext/1295770447/Telnet.o
 .rodata        0x9d0258a8     0x7f60 build/default/production/_ext/1472/MPFSImg2.o
                0x9d0258a8                MPFS_Start
 .rodata        0x9d02d808       0x30 build/default/production/_ext/1295770447/AutoIP.o
 .rodata        0x9d02d838       0x40 build/default/production/_ext/1496989791/ZGDriverRaw.o
 .rodata        0x9d02d878        0xc build/default/production/_ext/1496989791/ZGAccessSys.o
 .rodata        0x9d02d884       0x1c build/default/production/_ext/1496989791/ZGSpi.o
 .rodata        0x9d02d8a0      0x124 build/default/production/_ext/1496989791/ZG2100.o
 .rodata        0x9d02d9c4       0x48 build/default/production/_ext/1496989791/ZGDriverCom.o
 .rodata        0x9d02da0c       0x2c build/default/production/_ext/1496989791/ZGDriverMac.o
 .rodata        0x9d02da38      0x36c build/default/production/_ext/1496989791/ZGWifiMgrII.o
                0x9d02da38                g_mangedFSM
 .rodata        0x9d02dda4       0x90 build/default/production/_ext/1496989791/ZGCommon.o
 .rodata        0x9d02de34       0x60 build/default/production/_ext/1496989791/ZGLibCfg.o
                0x9d02de34                g_SDKVersion
 .rodata        0x9d02de94       0x68 build/default/production/_ext/1496989791/ZGLibIface.o
 .rodata        0x9d02defc       0x50 build/default/production/_ext/1496989791/ZGLinkMgrII.o
                0x9d02defc                g_emptyFSM
 .rodata        0x9d02df4c       0x80 build/default/production/_ext/1472/MainDemo.o
 .rodata        0x9d02dfcc      0x244 build/default/production/_ext/1472/CustomHTTPApp.o
                0x9d02e10c                HTML_UP_ARROW
                0x9d02e110                HTML_DOWN_ARROW
 .rodata        0x9d02e210      0x104 C:/Program Files (x86)/Microchip/MPLAB C32/bin/../lib/gcc/pic32mx/3.4.4/../../../../pic32mx/lib\libc.a(ctype.o)
                0x9d02e210                _ctype
 *(.rodata1)
                0x9d02e314                . = ALIGN (0x4)

.sdata2         0x9d02e314        0x0
 *(.sdata2 .sdata2.* .gnu.linkonce.s2.*)
                0x9d02e314                . = ALIGN (0x4)

.sbss2          0x9d02e314        0x0
 *(.sbss2 .sbss2.* .gnu.linkonce.sb2.*)
                0x9d02e314                . = ALIGN (0x4)

.eh_frame_hdr
 *(.eh_frame_hdr)

.eh_frame       0x9d02e314       0x20
 *(.eh_frame)
 .eh_frame      0x9d02e314       0x20 C:/Program Files (x86)/Microchip/MPLAB C32/bin/../lib/gcc/pic32mx/3.4.4\libgcc.a(_udivdi3.o)

.dbg_data       0xa0000000        0x0
                0xa0000000                . = (. + DEFINED (_DEBUGGER)?0x200:0x0)

.persist        0xa0000000        0x0
                0xa0000000                _persist_begin = .
 *(.persist .persist.*)
                0xa0000000                _persist_end = .

.data           0xa0000000       0xe4 load address 0x9d02e334
                0xa0000000                _data_begin = .
 *(.data .data.* .gnu.linkonce.d.*)
 .data          0xa0000000        0x0 C:/Program Files (x86)/Microchip/MPLAB C32/bin/../lib/gcc/pic32mx/3.4.4/../../../../pic32mx/lib/crt0.o
 .data          0xa0000000        0x0 build/default/production/_ext/1472/UARTConfig.o
 .data          0xa0000000       0x10 build/default/production/_ext/1472/GenericTCPClient.o
 .data          0xa0000010        0x0 build/default/production/_ext/1472/GenericTCPServer.o
 .data          0xa0000010        0x0 build/default/production/_ext/1472/LegacyHTTPApp.o
 .data          0xa0000010        0x0 build/default/production/_ext/1472/PingDemo.o
 .data          0xa0000010        0x0 build/default/production/_ext/1472/SMTPDemo.o
 .data          0xa0000010        0x0 build/default/production/_ext/1472/BerkeleyUDPClientDemo.o
 .data          0xa0000010        0x0 build/default/production/_ext/1472/BerkeleyTCPClientDemo.o
 .data          0xa0000010        0x0 build/default/production/_ext/1472/BerkeleyTCPServerDemo.o
 .data          0xa0000010        0x0 build/default/production/_ext/1295770447/UDPPerformanceTest.o
 .data          0xa0000010        0x0 build/default/production/_ext/1295770447/Announce.o
 .data          0xa0000010        0x0 build/default/production/_ext/1295770447/ARP.o
 .data          0xa0000010        0x0 build/default/production/_ext/1295770447/Delay.o
 .data          0xa0000010        0x0 build/default/production/_ext/1295770447/DHCP.o
 .data          0xa0000010        0x0 build/default/production/_ext/1295770447/DHCPs.o
 .data          0xa0000010        0x0 build/default/production/_ext/1295770447/DNS.o
 .data          0xa0000010        0x0 build/default/production/_ext/1295770447/DynDNS.o
 .data          0xa0000010        0x0 build/default/production/_ext/1295770447/FTP.o
 .data          0xa0000010        0x0 build/default/production/_ext/1295770447/Hashes.o
 .data          0xa0000010        0x0 build/default/production/_ext/1295770447/Helpers.o
 .data          0xa0000010        0x0 build/default/production/_ext/1295770447/HTTP2.o
 .data          0xa0000010        0x0 build/default/production/_ext/1295770447/HTTP.o
 .data          0xa0000010        0x0 build/default/production/_ext/1295770447/ICMP.o
 .data          0xa0000010        0x0 build/default/production/_ext/1295770447/IP.o
 .data          0xa0000010        0x0 build/default/production/_ext/1295770447/LCDBlocking.o
 .data          0xa0000010        0x0 build/default/production/_ext/1295770447/MPFS2.o
 .data          0xa0000010        0x0 build/default/production/_ext/1295770447/MPFS.o
 .data          0xa0000010        0x0 build/default/production/_ext/1295770447/NBNS.o
 .data          0xa0000010        0x0 build/default/production/_ext/1295770447/Reboot.o
 .data          0xa0000010        0x0 build/default/production/_ext/1295770447/SMTP.o
 .data          0xa0000010        0x0 build/default/production/_ext/1295770447/SNMP.o
 .data          0xa0000010        0x0 build/default/production/_ext/1295770447/SNTP.o
 .data          0xa0000010        0x0 build/default/production/_ext/1295770447/StackTsk.o
 .data          0xa0000010        0x0 build/default/production/_ext/1295770447/TCP.o
 .data          0xa0000010        0x0 build/default/production/_ext/1295770447/TCPPerformanceTest.o
 .data          0xa0000010        0x0 build/default/production/_ext/1295770447/Telnet.o
 .data          0xa0000010        0x0 build/default/production/_ext/1295770447/TFTPc.o
 .data          0xa0000010        0x0 build/default/production/_ext/1295770447/Tick.o
 .data          0xa0000010        0x0 build/default/production/_ext/1295770447/UART2TCPBridge.o
 .data          0xa0000010        0x0 build/default/production/_ext/1295770447/UART.o
 .data          0xa0000010        0x0 build/default/production/_ext/1295770447/UDP.o
 .data          0xa0000010        0x0 build/default/production/_ext/1295770447/BerkeleyAPI.o
 .data          0xa0000010        0x0 build/default/production/_ext/1472/MPFSImg2.o
 .data          0xa0000010        0x0 build/default/production/_ext/1295770447/SSL.o
 .data          0xa0000010        0x0 build/default/production/_ext/1295770447/ARCFOUR.o
 .data          0xa0000010        0x0 build/default/production/_ext/1295770447/BigInt.o
 .data          0xa0000010        0x0 build/default/production/_ext/1295770447/BigInt_helper_C32.o
 .data          0xa0000010        0x0 build/default/production/_ext/1295770447/Random.o
 .data          0xa0000010        0x0 build/default/production/_ext/1295770447/RSA.o
 .data          0xa0000010        0x0 build/default/production/_ext/1295770447/AutoIP.o
 .data          0xa0000010        0x0 build/default/production/_ext/1496989791/ZGDriverRaw.o
 .data          0xa0000010        0x0 build/default/production/_ext/1496989791/ZGAccessApp.o
 .data          0xa0000010        0x0 build/default/production/_ext/1496989791/ZGAccessSys.o
 .data          0xa0000010        0x0 build/default/production/_ext/1496989791/ZGEint.o
 .data          0xa0000010        0x0 build/default/production/_ext/1496989791/ZGHWReset.o
 .data          0xa0000010        0x0 build/default/production/_ext/1496989791/ZGSpi.o
 .data          0xa0000010        0x0 build/default/production/_ext/1496989791/ZG2100.o
 .data          0xa0000010        0x0 build/default/production/_ext/1496989791/ZGDriverCom.o
 .data          0xa0000010        0x0 build/default/production/_ext/1496989791/ZGDriverIFace.o
 .data          0xa0000010        0x0 build/default/production/_ext/1496989791/ZGDriverMac.o
 .data          0xa0000010        0x0 build/default/production/_ext/1496989791/ZGWifiMgrII.o
 .data          0xa0000010        0x0 build/default/production/_ext/1496989791/ZGAdhocMgrII.o
 .data          0xa0000010        0x0 build/default/production/_ext/1496989791/ZGCommon.o
 .data          0xa0000010       0xa4 build/default/production/_ext/1496989791/ZGLibCfg.o
                0xa0000010                g_targetChannels
                0xa0000020                g_PMKKeyData
                0xa0000040                g_targetPassPhrase
                0xa0000080                g_WEPKeyData
 .data          0xa00000b4        0x0 build/default/production/_ext/1496989791/ZGLibIface.o
 .data          0xa00000b4        0x0 build/default/production/_ext/1496989791/ZGLinkMgrII.o
 .data          0xa00000b4        0x0 build/default/production/_ext/1496989791/ZGEasyConfig.o
 .data          0xa00000b4        0x0 build/default/production/_ext/1472/MainDemo.o
 .data          0xa00000b4        0x0 build/default/production/_ext/1472/CustomHTTPApp.o
 .data          0xa00000b4        0x0 build/default/production/_ext/1472/CustomSNMPApp.o
 .data          0xa00000b4        0x0 build/default/production/_ext/1472/CustomSSLCert.o
 .data          0xa00000b4        0x0 C:/Program Files (x86)/Microchip/MPLAB C32/bin/../lib/gcc/pic32mx/3.4.4\libgcc.a(_udivdi3.o)
 .data          0xa00000b4        0x0 C:/Program Files (x86)/Microchip/MPLAB C32/bin/../lib/gcc/pic32mx/3.4.4/../../../../pic32mx/lib\libc.a(memcmp.o)
 .data          0xa00000b4        0x0 C:/Program Files (x86)/Microchip/MPLAB C32/bin/../lib/gcc/pic32mx/3.4.4/../../../../pic32mx/lib\libc.a(memcpy.o)
 .data          0xa00000b4        0x0 C:/Program Files (x86)/Microchip/MPLAB C32/bin/../lib/gcc/pic32mx/3.4.4/../../../../pic32mx/lib\libc.a(memset.o)
 .data          0xa00000b4        0x0 C:/Program Files (x86)/Microchip/MPLAB C32/bin/../lib/gcc/pic32mx/3.4.4/../../../../pic32mx/lib\libc.a(strcmp.o)
 .data          0xa00000b4        0x0 C:/Program Files (x86)/Microchip/MPLAB C32/bin/../lib/gcc/pic32mx/3.4.4/../../../../pic32mx/lib\libc.a(strcpy.o)
 .data          0xa00000b4        0x0 C:/Program Files (x86)/Microchip/MPLAB C32/bin/../lib/gcc/pic32mx/3.4.4/../../../../pic32mx/lib\libc.a(strlen.o)
 .data          0xa00000b4        0x0 C:/Program Files (x86)/Microchip/MPLAB C32/bin/../lib/gcc/pic32mx/3.4.4/../../../../pic32mx/lib\libc.a(general-exception.o)
 .data          0xa00000b4        0x0 C:/Program Files (x86)/Microchip/MPLAB C32/bin/../lib/gcc/pic32mx/3.4.4/../../../../pic32mx/lib\libc.a(strncmp.o)
 .data          0xa00000b4        0x0 C:/Program Files (x86)/Microchip/MPLAB C32/bin/../lib/gcc/pic32mx/3.4.4/../../../../pic32mx/lib\libc.a(exit.o)
 .data          0xa00000b4       0x30 C:/Program Files (x86)/Microchip/MPLAB C32/bin/../lib/gcc/pic32mx/3.4.4/../../../../pic32mx/lib\libc.a(rand.o)
 .data          0xa00000e4        0x0 C:/Program Files (x86)/Microchip/MPLAB C32/bin/../lib/gcc/pic32mx/3.4.4/../../../../pic32mx/lib\libc.a(atol.o)
 .data          0xa00000e4        0x0 C:/Program Files (x86)/Microchip/MPLAB C32/bin/../lib/gcc/pic32mx/3.4.4/../../../../pic32mx/lib\libc.a(atoi.o)
 .data          0xa00000e4        0x0 C:/Program Files (x86)/Microchip/MPLAB C32/bin/../lib/gcc/pic32mx/3.4.4/../../../../pic32mx/lib\libc.a(strtol.o)
 .data          0xa00000e4        0x0 C:/Program Files (x86)/Microchip/MPLAB C32/bin/../lib/gcc/pic32mx/3.4.4/../../../../pic32mx/lib\libc.a(stubs.o)
 .data          0xa00000e4        0x0 C:/Program Files (x86)/Microchip/MPLAB C32/bin/../lib/gcc/pic32mx/3.4.4/../../../../pic32mx/lib\libc.a(default-bootstrap-exception-handler.o)
 .data          0xa00000e4        0x0 C:/Program Files (x86)/Microchip/MPLAB C32/bin/../lib/gcc/pic32mx/3.4.4/../../../../pic32mx/lib\libc.a(default-on-reset.o)
 .data          0xa00000e4        0x0 C:/Program Files (x86)/Microchip/MPLAB C32/bin/../lib/gcc/pic32mx/3.4.4/../../../../pic32mx/lib\libc.a(default-on-bootstrap.o)
 .data          0xa00000e4        0x0 C:/Program Files (x86)/Microchip/MPLAB C32/bin/../lib/gcc/pic32mx/3.4.4/../../../../pic32mx/lib\libc.a(default-nmi-handler.o)
 .data          0xa00000e4        0x0 C:/Program Files (x86)/Microchip/MPLAB C32/bin/../lib/gcc/pic32mx/3.4.4/../../../../pic32mx/lib\libc.a(_exit.o)
 .data          0xa00000e4        0x0 C:/Program Files (x86)/Microchip/MPLAB C32/bin/../lib/gcc/pic32mx/3.4.4/../../../../pic32mx/lib\libc.a(ctype.o)
 .data          0xa00000e4        0x0 C:/Program Files (x86)/Microchip/MPLAB C32/bin/../lib/gcc/pic32mx/3.4.4/../../../../pic32mx/lib\libc.a(errno.o)
 .data          0xa00000e4        0x0 C:/Program Files (x86)/Microchip/MPLAB C32/bin/../lib/gcc/pic32mx/3.4.4/../../../../pic32mx/lib\libmchp_peripheral_32MX460F512L.a(soft_reset_lib.o)
 .data          0xa00000e4        0x0 C:/Program Files (x86)/Microchip/MPLAB C32/bin/../lib/gcc/pic32mx/3.4.4/../../../../pic32mx/lib\libmchp_peripheral_32MX460F512L.a(pcache.o)
 .data          0xa00000e4        0x0 C:/Program Files (x86)/Microchip/MPLAB C32/bin/../lib/gcc/pic32mx/3.4.4/../../../../pic32mx/lib\libmchp_peripheral_32MX460F512L.a(int_disable_interrupts_lib.o)
 .data          0xa00000e4        0x0 C:/Program Files (x86)/Microchip/MPLAB C32/bin/../lib/gcc/pic32mx/3.4.4/../../../../pic32mx/lib\libmchp_peripheral_32MX460F512L.a(int_restore_interrupts_lib.o)
 .data          0xa00000e4        0x0 C:/Program Files (x86)/Microchip/MPLAB C32/bin/../lib/gcc/pic32mx/3.4.4/../../../../pic32mx/lib\libmchp_peripheral_32MX460F512L.a(int_enable_mv_int_lib.o)
 .data          0xa00000e4        0x0 C:/Program Files (x86)/Microchip/MPLAB C32/bin/../lib/gcc/pic32mx/3.4.4/../../../../pic32mx/lib\libmchp_peripheral_32MX460F512L.a(puts_uartx_lib_legacy.o)
 .data          0xa00000e4        0x0 C:/Program Files (x86)/Microchip/MPLAB C32/bin/../lib/gcc/pic32mx/3.4.4/../../../../pic32mx/lib\libmchp_peripheral_32MX460F512L.a(int_enable_interrupts_lib.o)
 .data          0xa00000e4        0x0 C:/Program Files (x86)/Microchip/MPLAB C32/bin/../lib/gcc/pic32mx/3.4.4/../../../../pic32mx/lib/./proc/32MX460F512L\processor.o
 *(.gnu.linkonce.d.*personality*)
 *(.data1)
                0x9d02e334                _data_image_begin = LOADADDR (.data)

.eh_frame
 *(.eh_frame)
                0xa00000e4                . = .
                0xa00080e0                _gp = (ALIGN (0x10) + 0x7ff0)

.got
 *(.got.plt)
 *(.got)

.sdata          0xa00000e4       0x2c load address 0x9d02e418
                0xa00000e4                _sdata_begin = .
 *(.sdata .sdata.* .gnu.linkonce.s.*)
 .sdata         0xa00000e4        0x8 build/default/production/_ext/1472/GenericTCPClient.o
 .sdata         0xa00000ec        0x4 build/default/production/_ext/1295770447/DHCPs.o
                0xa00000ec                bDHCPServerEnabled
 .sdata         0xa00000f0        0x8 build/default/production/_ext/1295770447/DNS.o
 .sdata         0xa00000f8        0x1 build/default/production/_ext/1295770447/Reboot.o
 .sdata         0xa00000f9        0x2 build/default/production/_ext/1295770447/TCP.o
 .sdata         0xa00000fb        0x2 build/default/production/_ext/1295770447/TCPPerformanceTest.o
 .sdata         0xa00000fd        0x2 build/default/production/_ext/1295770447/UDP.o
 *fill*         0xa00000ff        0x1 00
 .sdata         0xa0000100        0x4 build/default/production/_ext/1496989791/ZG2100.o
                0xa0000100                ZGArpBroadcastIntervalSec
 .sdata         0xa0000104        0x5 build/default/production/_ext/1496989791/ZGLibCfg.o
                0xa0000104                g_targetActiveChannels
                0xa0000105                g_encType
                0xa0000106                g_wepKeyLen
                0xa0000107                g_pwrRxDTIMEnabled
                0xa0000108                g_dataConfirmation
 *fill*         0xa0000109        0x3 00
 .sdata         0xa000010c        0x4 build/default/production/_ext/1472/MainDemo.o
                0xa000010c                __C30_UART
                0xa0000110                _sdata_end = .

.lit8
 *(.lit8)

.lit4
 *(.lit4)
                0xa0000110                . = ALIGN (0x4)
                0xa0000110                _data_end = .
                0xa0000110                _bss_begin = .

.sbss           0xa0000110      0x128 load address 0x9d02e444
                0xa0000110                _sbss_begin = .
 *(.dynsbss)
 *(.sbss .sbss.* .gnu.linkonce.sb.*)
 .sbss          0xa0000110        0x4 build/default/production/_ext/1472/GenericTCPClient.o
 .sbss          0xa0000114        0x8 build/default/production/_ext/1472/GenericTCPServer.o
 .sbss          0xa000011c        0x8 build/default/production/_ext/1295770447/Announce.o
 .sbss          0xa0000124        0x4 build/default/production/_ext/1295770447/ARP.o
 .sbss          0xa0000128        0x4 build/default/production/_ext/1295770447/DHCP.o
                0xa0000128                DHCPClientInitializedOnce
 .sbss          0xa000012c        0xc build/default/production/_ext/1295770447/DHCPs.o
 .sbss          0xa0000138       0x18 build/default/production/_ext/1295770447/DNS.o
 .sbss          0xa0000150        0x4 build/default/production/_ext/1295770447/IP.o
 .sbss          0xa0000154        0x8 build/default/production/_ext/1295770447/MPFS2.o
 .sbss          0xa000015c        0x8 build/default/production/_ext/1295770447/NBNS.o
 .sbss          0xa0000164        0x8 build/default/production/_ext/1295770447/StackTsk.o
 .sbss          0xa000016c        0x2 build/default/production/_ext/1295770447/TCP.o
 *fill*         0xa000016e        0x2 00
 .sbss          0xa0000170       0x14 build/default/production/_ext/1295770447/TCPPerformanceTest.o
 .sbss          0xa0000184        0xc build/default/production/_ext/1295770447/Telnet.o
 .sbss          0xa0000190        0xc build/default/production/_ext/1295770447/Tick.o
 .sbss          0xa000019c        0xc build/default/production/_ext/1295770447/UDP.o
 .sbss          0xa00001a8        0x2 build/default/production/_ext/1496989791/ZGDriverRaw.o
                0xa00001a8                gHostRAWDataPacketReceived
 *fill*         0xa00001aa        0x2 00
 .sbss          0xa00001ac        0x4 build/default/production/_ext/1496989791/ZGEint.o
                0xa00001ac                interruptEnableFlag
 .sbss          0xa00001b0        0xc build/default/production/_ext/1496989791/ZGSpi.o
 .sbss          0xa00001bc       0x28 build/default/production/_ext/1496989791/ZG2100.o
 .sbss          0xa00001e4        0x4 build/default/production/_ext/1496989791/ZGDriverCom.o
 .sbss          0xa00001e8        0x8 build/default/production/_ext/1496989791/ZGDriverMac.o
 .sbss          0xa00001f0       0x10 build/default/production/_ext/1496989791/ZGLibCfg.o
                0xa00001f0                g_DHCP
                0xa00001f1                g_targetRegDom
                0xa00001f2                g_authType
                0xa00001f3                g_wepKeyIndex
 .sbss          0xa0000200        0x8 build/default/production/_ext/1496989791/ZGLibIface.o
 .sbss          0xa0000208        0x8 build/default/production/_ext/1472/MainDemo.o
 .sbss          0xa0000210        0x8 build/default/production/_ext/1472/CustomHTTPApp.o
 .sbss          0xa0000218        0x4 C:/Program Files (x86)/Microchip/MPLAB C32/bin/../lib/gcc/pic32mx/3.4.4/../../../../pic32mx/lib\libc.a(errno.o)
                0xa0000218                errno
 *(.scommon)
 .scommon       0xa000021c        0x1 build/default/production/_ext/1295770447/HTTP2.o
                0xa000021c                curHTTPID
 *fill*         0xa000021d        0x1 00
 .scommon       0xa000021e        0x6 build/default/production/_ext/1295770447/UDP.o
                0xa000021e                UDPTxCount
                0xa0000220                activeUDPSocket
                0xa0000222                UDPRxCount
 .scommon       0xa0000224        0x6 build/default/production/_ext/1496989791/ZG2100.o
                0xa0000224                gRxIndexSetBeyondBuffer
                0xa0000228                zgBufferRAWState
 .scommon       0xa000022a        0x5 build/default/production/_ext/1496989791/ZGLibCfg.o
                0xa000022a                g_Rts
                0xa000022c                g_pwrMgmtEnabled
                0xa000022d                g_txRate
                0xa000022e                g_RfEnabled
 *fill*         0xa000022f        0x1 00
 .scommon       0xa0000230        0x8 build/default/production/_ext/1472/MainDemo.o
                0xa0000230                AN0String
                0xa0000238                _sbss_end = .

.bss            0xa0000238      0x558 load address 0x9d02e444
 *(.dynbss)
 *(.bss .bss.* .gnu.linkonce.b.*)
 .bss           0xa0000238        0x0 C:/Program Files (x86)/Microchip/MPLAB C32/bin/../lib/gcc/pic32mx/3.4.4/../../../../pic32mx/lib/crt0.o
 .bss           0xa0000238        0x0 build/default/production/_ext/1472/UARTConfig.o
 .bss           0xa0000238        0x0 build/default/production/_ext/1472/GenericTCPClient.o
 .bss           0xa0000238        0x0 build/default/production/_ext/1472/GenericTCPServer.o
 .bss           0xa0000238        0x0 build/default/production/_ext/1472/LegacyHTTPApp.o
 .bss           0xa0000238        0x0 build/default/production/_ext/1472/PingDemo.o
 .bss           0xa0000238        0x0 build/default/production/_ext/1472/SMTPDemo.o
 .bss           0xa0000238        0x0 build/default/production/_ext/1472/BerkeleyUDPClientDemo.o
 .bss           0xa0000238        0x0 build/default/production/_ext/1472/BerkeleyTCPClientDemo.o
 .bss           0xa0000238        0x0 build/default/production/_ext/1472/BerkeleyTCPServerDemo.o
 .bss           0xa0000238        0x0 build/default/production/_ext/1295770447/UDPPerformanceTest.o
 .bss           0xa0000238        0x0 build/default/production/_ext/1295770447/Announce.o
 .bss           0xa0000238       0x18 build/default/production/_ext/1295770447/ARP.o
 .bss           0xa0000250        0x0 build/default/production/_ext/1295770447/Delay.o
 .bss           0xa0000250       0x30 build/default/production/_ext/1295770447/DHCP.o
 .bss           0xa0000280        0x0 build/default/production/_ext/1295770447/DHCPs.o
 .bss           0xa0000280        0xc build/default/production/_ext/1295770447/DNS.o
 .bss           0xa000028c        0x0 build/default/production/_ext/1295770447/DynDNS.o
 .bss           0xa000028c        0x0 build/default/production/_ext/1295770447/FTP.o
 .bss           0xa000028c        0x0 build/default/production/_ext/1295770447/Hashes.o
 .bss           0xa000028c        0x0 build/default/production/_ext/1295770447/Helpers.o
 .bss           0xa000028c        0x0 build/default/production/_ext/1295770447/HTTP2.o
 .bss           0xa000028c        0x0 build/default/production/_ext/1295770447/HTTP.o
 .bss           0xa000028c        0x0 build/default/production/_ext/1295770447/ICMP.o
 .bss           0xa000028c        0x0 build/default/production/_ext/1295770447/IP.o
 .bss           0xa000028c        0x0 build/default/production/_ext/1295770447/LCDBlocking.o
 .bss           0xa000028c       0x78 build/default/production/_ext/1295770447/MPFS2.o
 .bss           0xa0000304        0x0 build/default/production/_ext/1295770447/MPFS.o
 .bss           0xa0000304        0x0 build/default/production/_ext/1295770447/NBNS.o
 .bss           0xa0000304        0x0 build/default/production/_ext/1295770447/Reboot.o
 .bss           0xa0000304        0x0 build/default/production/_ext/1295770447/SMTP.o
 .bss           0xa0000304        0x0 build/default/production/_ext/1295770447/SNMP.o
 .bss           0xa0000304        0x0 build/default/production/_ext/1295770447/SNTP.o
 .bss           0xa0000304        0x0 build/default/production/_ext/1295770447/StackTsk.o
 .bss           0xa0000304       0xd4 build/default/production/_ext/1295770447/TCP.o
 .bss           0xa00003d8        0xc build/default/production/_ext/1295770447/TCPPerformanceTest.o
 .bss           0xa00003e4        0x0 build/default/production/_ext/1295770447/Telnet.o
 .bss           0xa00003e4        0x0 build/default/production/_ext/1295770447/TFTPc.o
 .bss           0xa00003e4        0x0 build/default/production/_ext/1295770447/Tick.o
 .bss           0xa00003e4        0x0 build/default/production/_ext/1295770447/UART2TCPBridge.o
 .bss           0xa00003e4        0x0 build/default/production/_ext/1295770447/UART.o
 .bss           0xa00003e4        0x0 build/default/production/_ext/1295770447/UDP.o
 .bss           0xa00003e4        0x0 build/default/production/_ext/1295770447/BerkeleyAPI.o
 .bss           0xa00003e4        0x0 build/default/production/_ext/1472/MPFSImg2.o
 .bss           0xa00003e4        0x0 build/default/production/_ext/1295770447/SSL.o
 .bss           0xa00003e4        0x0 build/default/production/_ext/1295770447/ARCFOUR.o
 .bss           0xa00003e4        0x0 build/default/production/_ext/1295770447/BigInt.o
 .bss           0xa00003e4        0x0 build/default/production/_ext/1295770447/BigInt_helper_C32.o